<html>
<body>
<pre>
<h1>礦ision Build Log</h1>
<h2>Tool Versions:</h2>
IDE-Version: レVision V5.29.0.0
Copyright (C) 2019 ARM Ltd and ARM Germany GmbH. All rights reserved.
License Information: 12 23, 43, LIC=HF8SB-2TLU1-SE7H0-BY5DJ-YDSA4-GKKSE
 
Tool Versions:
Toolchain:       MDK-ARM Professional  Version: 5.29.0.0
Toolchain Path:  C:\Program Files\Keil_v5\ARM\ARMCC\Bin
C Compiler:      Armcc.exe V5.06 update 6 (build 750)
Assembler:       Armasm.exe V5.06 update 6 (build 750)
Linker/Locator:  ArmLink.exe V5.06 update 6 (build 750)
Library Manager: ArmAr.exe V5.06 update 6 (build 750)
Hex Converter:   FromElf.exe V5.06 update 6 (build 750)
CPU DLL:         SARMCM3.DLL V5.29.0.0
Dialog DLL:      DCM.DLL V1.17.3.0
Target DLL:      STLink\ST-LINKIII-KEIL_SWO.dll V3.0.7.0
Dialog DLL:      TCM.DLL V1.36.5.0
 
<h2>Project:</h2>
C:\data\develop\STM32\code\cnc\labs41 - naka\project\cnc.uvprojx
Project File Date:  09/14/2019

<h2>Output:</h2>
*** Using Compiler 'V5.06 update 6 (build 750)', folder: 'C:\Program Files\Keil_v5\ARM\ARMCC\Bin'
Rebuild target 'Target 1'
compiling delay.c...
compiling adc_input.c...
compiling stm32f2xx_it.c...
compiling fsmc_lcd.c...
compiling main.c...
compiling touch_i2c.c...
compiling rtc_calender.c...
compiling buzzer.c...
compiling error.c...
compiling voc_filter_chrck.c...
compiling door_com.c...
compiling pid_control.c...
compiling graphic.c...
compiling timer_pwm.c...
compiling temp_ic_spi.c...
compiling chamber_work.c...
compiling device.c...
compiling control_uart.c...
compiling FILE_SYS.C...
..\src\FILE_SYS.C(327): warning:  #767-D: conversion from pointer to smaller integer
  		s = CH376ByteLocate( sizeof(FAT_DIR_INFO) + STRUCT_OFFSET( FAT_DIR_INFO, DIR_FstClusHI ) );  /* 移动文件指针 */
..\src\FILE_SYS.C(331): warning:  #767-D: conversion from pointer to smaller integer
  		s = CH376ByteLocate( sizeof(FAT_DIR_INFO) + STRUCT_OFFSET( FAT_DIR_INFO, DIR_FstClusLO ) );  /* 移动文件指针 */
..\src\FILE_SYS.C(342): warning:  #940-D: missing return statement at end of non-void function "CH376DirCreatePath" 
  }
..\src\FILE_SYS.C: 3 warnings, 0 errors
compiling SPI_HW.C...
compiling fsmc_nand.c...
compiling stm32f2xx_gpio.c...
compiling usb_out.c...
..\src\usb_out.c(53): warning:  #767-D: conversion from pointer to smaller integer
  			CH376WriteOfsBlock( buf, STRUCT_OFFSET( FAT_DIR_INFO, DIR_CrtTime ), 2 );
..\src\usb_out.c(54): warning:  #767-D: conversion from pointer to smaller integer
  			CH376WriteOfsBlock( buf, STRUCT_OFFSET( FAT_DIR_INFO, DIR_WrtTime ), 2 ); 
..\src\usb_out.c(57): warning:  #767-D: conversion from pointer to smaller integer
  			CH376WriteOfsBlock( buf, STRUCT_OFFSET( FAT_DIR_INFO, DIR_CrtDate ), 2 );
..\src\usb_out.c(58): warning:  #767-D: conversion from pointer to smaller integer
  			CH376WriteOfsBlock( buf, STRUCT_OFFSET( FAT_DIR_INFO, DIR_WrtDate ), 2 );
..\src\usb_out.c: 4 warnings, 0 errors
compiling data_io.c...
..\src\data_io.c(1334): warning:  #177-D: variable "avr_now_temp"  was declared but never referenced
  static uint16_t avr_now_temp[8] = {0,0,0,0,0,0,0,0} ;
..\src\data_io.c(1335): warning:  #177-D: variable "save_now_temp"  was declared but never referenced
  static uint16_t save_now_temp[8] = {0,0,0,0,0,0,0,0} ;
..\src\data_io.c(1336): warning:  #177-D: variable "avr_cnt"  was declared but never referenced
  static uint16_t avr_cnt = 0;
..\src\data_io.c(1409): warning:  #177-D: variable "t"  was declared but never referenced
  uint16_t  t;
..\src\data_io.c: 4 warnings, 0 errors
compiling stm32f2xx_tim.c...
compiling stm32f2xx_usart.c...
compiling stm32f2xx_iwdg.c...
compiling stm32f2xx_rcc.c...
compiling stm32f2xx_fsmc.c...
compiling stm32f2xx_dma.c...
compiling stm32f2xx_i2c.c...
compiling stm32f2xx_spi.c...
assembling startup_stm32f2xx.s...
compiling stm32f2xx_adc.c...
compiling stm32f2xx_pwr.c...
compiling misc.c...
compiling system_stm32f2xx.c...
compiling stm32f2xx_rtc.c...
linking...
Program Size: Code=124032 RO-data=288572 RW-data=692 ZI-data=5532  
FromELF: creating hex file...
"..\output\cnc.axf" - 0 Error(s), 11 Warning(s).

<h2>Software Packages used:</h2>

Package Vendor: ARM
                http://www.keil.com/pack/ARM.CMSIS.5.6.0.pack
                ARM.CMSIS.5.6.0
                CMSIS (Cortex Microcontroller Software Interface Standard)
   * Component: CORE Version: 5.3.0

Package Vendor: Keil
                http://www.keil.com/pack/Keil.STM32F2xx_DFP.2.9.0.pack
                Keil.STM32F2xx_DFP.2.9.0
                STMicroelectronics STM32F2 Series Device Support, Drivers and Examples

<h2>Collection of Component include folders:</h2>
  .\RTE\_Target_1
  C:\Program Files\Keil_v5\ARM\PACK\ARM\CMSIS\5.6.0\CMSIS\Core\Include
  C:\Program Files\Keil_v5\ARM\PACK\Keil\STM32F2xx_DFP\2.9.0\Drivers\CMSIS\Device\ST\STM32F2xx\Include

<h2>Collection of Component Files used:</h2>

   * Component: ARM::CMSIS:CORE:5.3.0
Build Time Elapsed:  00:00:06
</pre>
</body>
</html>
