Component: ARM Compiler 5.06 update 6 (build 750) Tool: armlink [4d35ed]

==============================================================================

Section Cross References

    main.o(.text) refers to stm32f2xx_rcc.o(.text) for RCC_APB1PeriphClockCmd
    main.o(.text) refers to stm32f2xx_tim.o(.text) for TIM_TimeBaseInit
    main.o(.text) refers to buzzer.o(.text) for BUZZER_ON
    main.o(.text) refers to stm32f2xx_iwdg.o(.text) for IWDG_WriteAccessCmd
    main.o(.text) refers to stm32f2xx_gpio.o(.text) for GPIO_Init
    main.o(.text) refers to delay.o(.text) for Delay_Init
    main.o(.text) refers to fsmc_nand.o(.text) for FSMC_NAND_Init
    main.o(.text) refers to data_io.o(.text) for Data_Initial
    main.o(.text) refers to touch_i2c.o(.text) for I2C2_Init
    main.o(.text) refers to temp_ic_spi.o(.text) for TEMP_Init
    main.o(.text) refers to adc_input.o(.text) for ADC_Config
    main.o(.text) refers to timer_pwm.o(.text) for Heater_PWM_setting
    main.o(.text) refers to usb_out.o(.text) for CH376_Initial
    main.o(.text) refers to pid_control.o(.text) for Heater_PID_Iniit
    main.o(.text) refers to rtc_calender.o(.text) for RTC_Calender_Ini
    main.o(.text) refers to control_uart.o(.text) for Control_Init
    main.o(.text) refers to fsmc_lcd.o(.text) for LCD_Init
    main.o(.text) refers to door_com.o(.text) for Door_work
    main.o(.text) refers to device.o(.text) for Device_Output
    main.o(.text) refers to error.o(.text) for error_check
    main.o(.text) refers to voc_filter_chrck.o(.text) for VOC_check
    main.o(.text) refers to chamber_work.o(.text) for Chamber_work
    main.o(.text) refers to graphic.o(.text) for LCD_Display
    main.o(.text) refers to main.o(.data) for data_save_flag
    delay.o(.text) refers to misc.o(.text) for SysTick_CLKSourceConfig
    delay.o(.text) refers to stm32f2xx_rcc.o(.text) for RCC_GetClocksFreq
    delay.o(.text) refers to delay.o(.data) for fac_us
    adc_input.o(.text) refers to stm32f2xx_rcc.o(.text) for RCC_APB2PeriphClockCmd
    adc_input.o(.text) refers to stm32f2xx_gpio.o(.text) for GPIO_Init
    adc_input.o(.text) refers to stm32f2xx_dma.o(.text) for DMA_DeInit
    adc_input.o(.text) refers to stm32f2xx_adc.o(.text) for ADC_DeInit
    adc_input.o(.text) refers to adc_input.o(.bss) for ADC3ConvertedValue
    adc_input.o(.text) refers to adc_input.o(.data) for ADC_Value
    graphic.o(.text) refers to fsmc_lcd.o(.text) for LCD_WriteData
    graphic.o(.text) refers to graphic.o(.data) for font_size
    graphic.o(.text) refers to graphic.o(.constdata) for ASCII_12x16
    graphic.o(.text) refers to rtc_calender.o(.data) for time_year
    graphic.o(.text) refers to adc_input.o(.data) for press_data1
    graphic.o(.text) refers to main.o(.data) for mode_value
    graphic.o(.text) refers to voc_filter_chrck.o(.data) for voc_filter_time
    graphic.o(.text) refers to usb_out.o(.data) for device_name
    graphic.o(.text) refers to data_io.o(.text) for Alarm_log_Read
    graphic.o(.text) refers to touch_i2c.o(.data) for cali_set
    graphic.o(.text) refers to device.o(.data) for Press_on_data
    graphic.o(.text) refers to temp_ic_spi.o(.data) for ext_set_data
    graphic.o(.text) refers to graphic.o(.bss) for error_set_save
    graphic.o(.text) refers to chamber_work.o(.data) for cham_all_set_temp
    graphic.o(.text) refers to data_io.o(.data) for main_log_flag
    graphic.o(.text) refers to temp_ic_spi.o(.bss) for cham_now_temp
    graphic.o(.text) refers to chamber_work.o(.bss) for cham_working_min
    graphic.o(.text) refers to pid_control.o(.bss) for cham_set_temp
    graphic.o(.text) refers to timer_pwm.o(.data) for test_top_pwm
    graphic.o(.text) refers to door_com.o(.data) for door_status_data
    graphic.o(.text) refers to control_uart.o(.data) for test_Tx_data
    touch_i2c.o(.text) refers to touch_i2c.o(.data) for Touch_x_data
    touch_i2c.o(.text) refers to graphic.o(.data) for set_data_temp
    touch_i2c.o(.text) refers to data_io.o(.text) for Set_Data_Write
    touch_i2c.o(.text) refers to main.o(.data) for mode_value
    touch_i2c.o(.text) refers to usb_out.o(.data) for device_name
    touch_i2c.o(.text) refers to temp_ic_spi.o(.text) for TEMP_ext_calibration
    touch_i2c.o(.text) refers to device.o(.data) for Press_on_data
    touch_i2c.o(.text) refers to chamber_work.o(.data) for cham_working_sta
    touch_i2c.o(.text) refers to data_io.o(.data) for main_log_flag
    touch_i2c.o(.text) refers to rtc_calender.o(.data) for set_year
    touch_i2c.o(.text) refers to rtc_calender.o(.text) for RTC_TimeRegulate
    touch_i2c.o(.text) refers to graphic.o(.bss) for error_set_save
    touch_i2c.o(.text) refers to chamber_work.o(.bss) for cham_set_temp_dis
    touch_i2c.o(.text) refers to pid_control.o(.bss) for cham_set_temp
    touch_i2c.o(.text) refers to control_uart.o(.data) for test_Tx_sta
    touch_i2c.o(.text) refers to timer_pwm.o(.data) for test_top_pwm
[...]
    TIM_OC4PreloadConfig                     0x0801ac19   Thumb Code    26  stm32f2xx_tim.o(.text)
    TIM_OC1FastConfig                        0x0801ac33   Thumb Code    18  stm32f2xx_tim.o(.text)
    TIM_OC2FastConfig                        0x0801ac45   Thumb Code    26  stm32f2xx_tim.o(.text)
    TIM_OC3FastConfig                        0x0801ac5f   Thumb Code    18  stm32f2xx_tim.o(.text)
    TIM_OC4FastConfig                        0x0801ac71   Thumb Code    26  stm32f2xx_tim.o(.text)
    TIM_ClearOC1Ref                          0x0801ac8b   Thumb Code    18  stm32f2xx_tim.o(.text)
    TIM_ClearOC2Ref                          0x0801ac9d   Thumb Code    24  stm32f2xx_tim.o(.text)
    TIM_ClearOC3Ref                          0x0801acb5   Thumb Code    18  stm32f2xx_tim.o(.text)
    TIM_ClearOC4Ref                          0x0801acc7   Thumb Code    24  stm32f2xx_tim.o(.text)
    TIM_OC1PolarityConfig                    0x0801acdf   Thumb Code    18  stm32f2xx_tim.o(.text)
    TIM_OC1NPolarityConfig                   0x0801acf1   Thumb Code    18  stm32f2xx_tim.o(.text)
    TIM_OC2PolarityConfig                    0x0801ad03   Thumb Code    26  stm32f2xx_tim.o(.text)
    TIM_OC2NPolarityConfig                   0x0801ad1d   Thumb Code    26  stm32f2xx_tim.o(.text)
    TIM_OC3PolarityConfig                    0x0801ad37   Thumb Code    26  stm32f2xx_tim.o(.text)
    TIM_OC3NPolarityConfig                   0x0801ad51   Thumb Code    26  stm32f2xx_tim.o(.text)
    TIM_OC4PolarityConfig                    0x0801ad6b   Thumb Code    26  stm32f2xx_tim.o(.text)
    TIM_CCxCmd                               0x0801ad85   Thumb Code    30  stm32f2xx_tim.o(.text)
    TIM_CCxNCmd                              0x0801ada3   Thumb Code    30  stm32f2xx_tim.o(.text)
    TIM_SetIC4Prescaler                      0x0801adc1   Thumb Code    26  stm32f2xx_tim.o(.text)
    TIM_SetIC3Prescaler                      0x0801ae2b   Thumb Code    18  stm32f2xx_tim.o(.text)
    TIM_SetIC2Prescaler                      0x0801ae85   Thumb Code    26  stm32f2xx_tim.o(.text)
    TIM_SetIC1Prescaler                      0x0801aef9   Thumb Code    18  stm32f2xx_tim.o(.text)
    TIM_ICInit                               0x0801af45   Thumb Code   110  stm32f2xx_tim.o(.text)
    TIM_ICStructInit                         0x0801afb3   Thumb Code    18  stm32f2xx_tim.o(.text)
    TIM_PWMIConfig                           0x0801afc5   Thumb Code   124  stm32f2xx_tim.o(.text)
    TIM_GetCapture1                          0x0801b041   Thumb Code     6  stm32f2xx_tim.o(.text)
    TIM_GetCapture2                          0x0801b047   Thumb Code     6  stm32f2xx_tim.o(.text)
    TIM_GetCapture3                          0x0801b04d   Thumb Code     6  stm32f2xx_tim.o(.text)
    TIM_GetCapture4                          0x0801b053   Thumb Code     6  stm32f2xx_tim.o(.text)
    TIM_BDTRConfig                           0x0801b059   Thumb Code    32  stm32f2xx_tim.o(.text)
    TIM_BDTRStructInit                       0x0801b079   Thumb Code    18  stm32f2xx_tim.o(.text)
    TIM_CtrlPWMOutputs                       0x0801b08b   Thumb Code    30  stm32f2xx_tim.o(.text)
    TIM_SelectCOM                            0x0801b0a9   Thumb Code    24  stm32f2xx_tim.o(.text)
    TIM_CCPreloadControl                     0x0801b0c1   Thumb Code    24  stm32f2xx_tim.o(.text)
    TIM_ITConfig                             0x0801b0d9   Thumb Code    18  stm32f2xx_tim.o(.text)
    TIM_GenerateEvent                        0x0801b0eb   Thumb Code     4  stm32f2xx_tim.o(.text)
    TIM_GetFlagStatus                        0x0801b0ef   Thumb Code    18  stm32f2xx_tim.o(.text)
    TIM_ClearFlag                            0x0801b101   Thumb Code     6  stm32f2xx_tim.o(.text)
    TIM_GetITStatus                          0x0801b107   Thumb Code    34  stm32f2xx_tim.o(.text)
    TIM_ClearITPendingBit                    0x0801b129   Thumb Code     6  stm32f2xx_tim.o(.text)
    TIM_DMAConfig                            0x0801b12f   Thumb Code    10  stm32f2xx_tim.o(.text)
    TIM_DMACmd                               0x0801b139   Thumb Code    18  stm32f2xx_tim.o(.text)
    TIM_SelectCCDMA                          0x0801b14b   Thumb Code    24  stm32f2xx_tim.o(.text)
    TIM_InternalClockConfig                  0x0801b163   Thumb Code    12  stm32f2xx_tim.o(.text)
    TIM_SelectInputTrigger                   0x0801b16f   Thumb Code    18  stm32f2xx_tim.o(.text)
    TIM_ITRxExternalClockConfig              0x0801b181   Thumb Code    24  stm32f2xx_tim.o(.text)
    TIM_TIxExternalClockConfig               0x0801b199   Thumb Code    62  stm32f2xx_tim.o(.text)
    TIM_ETRConfig                            0x0801b1d7   Thumb Code    28  stm32f2xx_tim.o(.text)
    TIM_ETRClockMode1Config                  0x0801b1f3   Thumb Code    54  stm32f2xx_tim.o(.text)
    TIM_ETRClockMode2Config                  0x0801b229   Thumb Code    32  stm32f2xx_tim.o(.text)
    TIM_SelectOutputTrigger                  0x0801b249   Thumb Code    18  stm32f2xx_tim.o(.text)
    TIM_SelectSlaveMode                      0x0801b25b   Thumb Code    18  stm32f2xx_tim.o(.text)
    TIM_SelectMasterSlaveMode                0x0801b26d   Thumb Code    18  stm32f2xx_tim.o(.text)
    TIM_EncoderInterfaceConfig               0x0801b27f   Thumb Code    66  stm32f2xx_tim.o(.text)
    TIM_SelectHallSensor                     0x0801b2c1   Thumb Code    24  stm32f2xx_tim.o(.text)
    TIM_RemapConfig                          0x0801b2d9   Thumb Code     6  stm32f2xx_tim.o(.text)
    RCC_DeInit                               0x0801b2e1   Thumb Code    60  stm32f2xx_rcc.o(.text)
    RCC_HSEConfig                            0x0801b31d   Thumb Code    14  stm32f2xx_rcc.o(.text)
    RCC_GetFlagStatus                        0x0801b32b   Thumb Code    60  stm32f2xx_rcc.o(.text)
    RCC_WaitForHSEStartUp                    0x0801b367   Thumb Code    56  stm32f2xx_rcc.o(.text)
    RCC_AdjustHSICalibrationValue            0x0801b39f   Thumb Code    20  stm32f2xx_rcc.o(.text)
    RCC_HSICmd                               0x0801b3b3   Thumb Code     6  stm32f2xx_rcc.o(.text)
    RCC_LSEConfig                            0x0801b3b9   Thumb Code    46  stm32f2xx_rcc.o(.text)
    RCC_LSICmd                               0x0801b3e7   Thumb Code     6  stm32f2xx_rcc.o(.text)
    RCC_PLLConfig                            0x0801b3ed   Thumb Code    32  stm32f2xx_rcc.o(.text)
    RCC_PLLCmd                               0x0801b40d   Thumb Code     6  stm32f2xx_rcc.o(.text)
    RCC_PLLI2SConfig                         0x0801b413   Thumb Code    14  stm32f2xx_rcc.o(.text)
    RCC_PLLI2SCmd                            0x0801b421   Thumb Code     6  stm32f2xx_rcc.o(.text)
    RCC_ClockSecuritySystemCmd               0x0801b427   Thumb Code     6  stm32f2xx_rcc.o(.text)
    RCC_MCO1Config                           0x0801b42d   Thumb Code    28  stm32f2xx_rcc.o(.text)
    RCC_MCO2Config                           0x0801b449   Thumb Code    28  stm32f2xx_rcc.o(.text)
    RCC_SYSCLKConfig                         0x0801b465   Thumb Code    20  stm32f2xx_rcc.o(.text)
    RCC_GetSYSCLKSource                      0x0801b479   Thumb Code    12  stm32f2xx_rcc.o(.text)
    RCC_HCLKConfig                           0x0801b485   Thumb Code    20  stm32f2xx_rcc.o(.text)
    RCC_PCLK1Config                          0x0801b499   Thumb Code    20  stm32f2xx_rcc.o(.text)
    RCC_PCLK2Config                          0x0801b4ad   Thumb Code    22  stm32f2xx_rcc.o(.text)
    RCC_GetClocksFreq                        0x0801b4c3   Thumb Code   222  stm32f2xx_rcc.o(.text)
    RCC_RTCCLKConfig                         0x0801b5a1   Thumb Code    54  stm32f2xx_rcc.o(.text)
    RCC_RTCCLKCmd                            0x0801b5d7   Thumb Code     8  stm32f2xx_rcc.o(.text)
    RCC_BackupResetCmd                       0x0801b5df   Thumb Code     8  stm32f2xx_rcc.o(.text)
    RCC_I2SCLKConfig                         0x0801b5e7   Thumb Code     6  stm32f2xx_rcc.o(.text)
    RCC_AHB1PeriphClockCmd                   0x0801b5ed   Thumb Code    34  stm32f2xx_rcc.o(.text)
    RCC_AHB2PeriphClockCmd                   0x0801b60f   Thumb Code    34  stm32f2xx_rcc.o(.text)
    RCC_AHB3PeriphClockCmd                   0x0801b631   Thumb Code    34  stm32f2xx_rcc.o(.text)
    RCC_APB1PeriphClockCmd                   0x0801b653   Thumb Code    34  stm32f2xx_rcc.o(.text)
    RCC_APB2PeriphClockCmd                   0x0801b675   Thumb Code    34  stm32f2xx_rcc.o(.text)
    RCC_AHB1PeriphResetCmd                   0x0801b697   Thumb Code    34  stm32f2xx_rcc.o(.text)
    RCC_AHB2PeriphResetCmd                   0x0801b6b9   Thumb Code    72  stm32f2xx_rcc.o(.text)
    RCC_AHB3PeriphResetCmd                   0x0801b701   Thumb Code    34  stm32f2xx_rcc.o(.text)
    RCC_APB1PeriphResetCmd                   0x0801b723   Thumb Code    34  stm32f2xx_rcc.o(.text)
    RCC_APB2PeriphResetCmd                   0x0801b745   Thumb Code    34  stm32f2xx_rcc.o(.text)
    RCC_AHB1PeriphClockLPModeCmd             0x0801b767   Thumb Code    34  stm32f2xx_rcc.o(.text)
    RCC_AHB2PeriphClockLPModeCmd             0x0801b789   Thumb Code    34  stm32f2xx_rcc.o(.text)
    RCC_AHB3PeriphClockLPModeCmd             0x0801b7ab   Thumb Code    34  stm32f2xx_rcc.o(.text)
    RCC_APB1PeriphClockLPModeCmd             0x0801b7cd   Thumb Code    34  stm32f2xx_rcc.o(.text)
    RCC_APB2PeriphClockLPModeCmd             0x0801b7ef   Thumb Code    34  stm32f2xx_rcc.o(.text)
    RCC_ITConfig                             0x0801b811   Thumb Code    34  stm32f2xx_rcc.o(.text)
    RCC_ClearFlag                            0x0801b833   Thumb Code    18  stm32f2xx_rcc.o(.text)
    RCC_GetITStatus                          0x0801b845   Thumb Code    22  stm32f2xx_rcc.o(.text)
    RCC_ClearITPendingBit                    0x0801b85b   Thumb Code     8  stm32f2xx_rcc.o(.text)
    FSMC_NORSRAMDeInit                       0x0801b869   Thumb Code    54  stm32f2xx_fsmc.o(.text)
    FSMC_NORSRAMInit                         0x0801b89f   Thumb Code   230  stm32f2xx_fsmc.o(.text)
    FSMC_NORSRAMStructInit                   0x0801b985   Thumb Code   114  stm32f2xx_fsmc.o(.text)
    FSMC_NORSRAMCmd                          0x0801b9f7   Thumb Code    46  stm32f2xx_fsmc.o(.text)
    FSMC_NANDDeInit                          0x0801ba25   Thumb Code    62  stm32f2xx_fsmc.o(.text)
    FSMC_NANDInit                            0x0801ba63   Thumb Code   132  stm32f2xx_fsmc.o(.text)
    FSMC_NANDStructInit                      0x0801bae7   Thumb Code    54  stm32f2xx_fsmc.o(.text)
    FSMC_NANDCmd                             0x0801bb1d   Thumb Code    86  stm32f2xx_fsmc.o(.text)
    FSMC_NANDECCCmd                          0x0801bb73   Thumb Code    86  stm32f2xx_fsmc.o(.text)
    FSMC_GetECC                              0x0801bbc9   Thumb Code    24  stm32f2xx_fsmc.o(.text)
    FSMC_PCCARDDeInit                        0x0801bbe1   Thumb Code    36  stm32f2xx_fsmc.o(.text)
    FSMC_PCCARDInit                          0x0801bc05   Thumb Code   130  stm32f2xx_fsmc.o(.text)
    FSMC_PCCARDStructInit                    0x0801bc87   Thumb Code    60  stm32f2xx_fsmc.o(.text)
    FSMC_PCCARDCmd                           0x0801bcc3   Thumb Code    44  stm32f2xx_fsmc.o(.text)
    FSMC_ITConfig                            0x0801bcef   Thumb Code   128  stm32f2xx_fsmc.o(.text)
    FSMC_GetFlagStatus                       0x0801bd6f   Thumb Code    54  stm32f2xx_fsmc.o(.text)
    FSMC_ClearFlag                           0x0801bda5   Thumb Code    62  stm32f2xx_fsmc.o(.text)
    FSMC_GetITStatus                         0x0801bde3   Thumb Code    72  stm32f2xx_fsmc.o(.text)
    FSMC_ClearITPendingBit                   0x0801be2b   Thumb Code    66  stm32f2xx_fsmc.o(.text)
    USART_DeInit                             0x0801be71   Thumb Code   156  stm32f2xx_usart.o(.text)
    USART_Init                               0x0801bf0d   Thumb Code   204  stm32f2xx_usart.o(.text)
    USART_StructInit                         0x0801bfd9   Thumb Code    24  stm32f2xx_usart.o(.text)
    USART_ClockInit                          0x0801bff1   Thumb Code    32  stm32f2xx_usart.o(.text)
    USART_ClockStructInit                    0x0801c011   Thumb Code    12  stm32f2xx_usart.o(.text)
    USART_Cmd                                0x0801c01d   Thumb Code    24  stm32f2xx_usart.o(.text)
    USART_SetPrescaler                       0x0801c035   Thumb Code    16  stm32f2xx_usart.o(.text)
    USART_OverSampling8Cmd                   0x0801c045   Thumb Code    22  stm32f2xx_usart.o(.text)
    USART_OneBitMethodCmd                    0x0801c05b   Thumb Code    24  stm32f2xx_usart.o(.text)
    USART_SendData                           0x0801c073   Thumb Code     8  stm32f2xx_usart.o(.text)
    USART_ReceiveData                        0x0801c07b   Thumb Code    10  stm32f2xx_usart.o(.text)
    USART_SetAddress                         0x0801c085   Thumb Code    18  stm32f2xx_usart.o(.text)
    USART_ReceiverWakeUpCmd                  0x0801c097   Thumb Code    24  stm32f2xx_usart.o(.text)
    USART_WakeUpConfig                       0x0801c0af   Thumb Code    18  stm32f2xx_usart.o(.text)
    USART_LINBreakDetectLengthConfig         0x0801c0c1   Thumb Code    18  stm32f2xx_usart.o(.text)
    USART_LINCmd                             0x0801c0d3   Thumb Code    24  stm32f2xx_usart.o(.text)
    USART_SendBreak                          0x0801c0eb   Thumb Code    10  stm32f2xx_usart.o(.text)
    USART_HalfDuplexCmd                      0x0801c0f5   Thumb Code    24  stm32f2xx_usart.o(.text)
    USART_SetGuardTime                       0x0801c10d   Thumb Code    16  stm32f2xx_usart.o(.text)
    USART_SmartCardCmd                       0x0801c11d   Thumb Code    24  stm32f2xx_usart.o(.text)
    USART_SmartCardNACKCmd                   0x0801c135   Thumb Code    24  stm32f2xx_usart.o(.text)
    USART_IrDAConfig                         0x0801c14d   Thumb Code    18  stm32f2xx_usart.o(.text)
    USART_IrDACmd                            0x0801c15f   Thumb Code    24  stm32f2xx_usart.o(.text)
    USART_DMACmd                             0x0801c177   Thumb Code    18  stm32f2xx_usart.o(.text)
    USART_ITConfig                           0x0801c189   Thumb Code    74  stm32f2xx_usart.o(.text)
    USART_GetFlagStatus                      0x0801c1d3   Thumb Code    26  stm32f2xx_usart.o(.text)
    USART_ClearFlag                          0x0801c1ed   Thumb Code    18  stm32f2xx_usart.o(.text)
    USART_GetITStatus                        0x0801c1ff   Thumb Code   110  stm32f2xx_usart.o(.text)
    USART_ClearITPendingBit                  0x0801c26d   Thumb Code    30  stm32f2xx_usart.o(.text)
    IWDG_WriteAccessCmd                      0x0801c28d   Thumb Code     6  stm32f2xx_iwdg.o(.text)
    IWDG_SetPrescaler                        0x0801c293   Thumb Code     6  stm32f2xx_iwdg.o(.text)
    IWDG_SetReload                           0x0801c299   Thumb Code     6  stm32f2xx_iwdg.o(.text)
    IWDG_ReloadCounter                       0x0801c29f   Thumb Code    10  stm32f2xx_iwdg.o(.text)
    IWDG_Enable                              0x0801c2a9   Thumb Code    10  stm32f2xx_iwdg.o(.text)
    IWDG_GetFlagStatus                       0x0801c2b3   Thumb Code    20  stm32f2xx_iwdg.o(.text)
    DMA_DeInit                               0x0801c2cd   Thumb Code   324  stm32f2xx_dma.o(.text)
    DMA_Init                                 0x0801c411   Thumb Code    82  stm32f2xx_dma.o(.text)
    DMA_StructInit                           0x0801c463   Thumb Code    34  stm32f2xx_dma.o(.text)
    DMA_Cmd                                  0x0801c485   Thumb Code    22  stm32f2xx_dma.o(.text)
    DMA_PeriphIncOffsetSizeConfig            0x0801c49b   Thumb Code    22  stm32f2xx_dma.o(.text)
    DMA_FlowControllerConfig                 0x0801c4b1   Thumb Code    22  stm32f2xx_dma.o(.text)
    DMA_SetCurrDataCounter                   0x0801c4c7   Thumb Code     4  stm32f2xx_dma.o(.text)
    DMA_GetCurrDataCounter                   0x0801c4cb   Thumb Code     8  stm32f2xx_dma.o(.text)
    DMA_DoubleBufferModeConfig               0x0801c4d3   Thumb Code    24  stm32f2xx_dma.o(.text)
    DMA_DoubleBufferModeCmd                  0x0801c4eb   Thumb Code    22  stm32f2xx_dma.o(.text)
    DMA_MemoryTargetConfig                   0x0801c501   Thumb Code    10  stm32f2xx_dma.o(.text)
    DMA_GetCurrentMemoryTarget               0x0801c50b   Thumb Code    20  stm32f2xx_dma.o(.text)
    DMA_GetCmdStatus                         0x0801c51f   Thumb Code    20  stm32f2xx_dma.o(.text)
    DMA_GetFIFOStatus                        0x0801c533   Thumb Code    12  stm32f2xx_dma.o(.text)
    DMA_GetFlagStatus                        0x0801c53f   Thumb Code    56  stm32f2xx_dma.o(.text)
    DMA_ClearFlag                            0x0801c577   Thumb Code    40  stm32f2xx_dma.o(.text)
    DMA_ITConfig                             0x0801c59f   Thumb Code    58  stm32f2xx_dma.o(.text)
    DMA_GetITStatus                          0x0801c5d9   Thumb Code    84  stm32f2xx_dma.o(.text)
    DMA_ClearITPendingBit                    0x0801c62d   Thumb Code    40  stm32f2xx_dma.o(.text)
    SPI_I2S_DeInit                           0x0801c675   Thumb Code    76  stm32f2xx_spi.o(.text)
    SPI_Init                                 0x0801c6c1   Thumb Code    60  stm32f2xx_spi.o(.text)
    I2S_Init                                 0x0801c6fd   Thumb Code   350  stm32f2xx_spi.o(.text)
    SPI_StructInit                           0x0801c85b   Thumb Code    24  stm32f2xx_spi.o(.text)
    I2S_StructInit                           0x0801c873   Thumb Code    20  stm32f2xx_spi.o(.text)
    SPI_Cmd                                  0x0801c887   Thumb Code    24  stm32f2xx_spi.o(.text)
    I2S_Cmd                                  0x0801c89f   Thumb Code    24  stm32f2xx_spi.o(.text)
    SPI_DataSizeConfig                       0x0801c8b7   Thumb Code    18  stm32f2xx_spi.o(.text)
    SPI_BiDirectionalLineConfig              0x0801c8c9   Thumb Code    28  stm32f2xx_spi.o(.text)
    SPI_NSSInternalSoftwareConfig            0x0801c8e5   Thumb Code    30  stm32f2xx_spi.o(.text)
    SPI_SSOutputCmd                          0x0801c903   Thumb Code    24  stm32f2xx_spi.o(.text)
    SPI_TIModeCmd                            0x0801c91b   Thumb Code    24  stm32f2xx_spi.o(.text)
    SPI_I2S_ReceiveData                      0x0801c933   Thumb Code     6  stm32f2xx_spi.o(.text)
    SPI_I2S_SendData                         0x0801c939   Thumb Code     4  stm32f2xx_spi.o(.text)
    SPI_CalculateCRC                         0x0801c93d   Thumb Code    24  stm32f2xx_spi.o(.text)
    SPI_TransmitCRC                          0x0801c955   Thumb Code    10  stm32f2xx_spi.o(.text)
    SPI_GetCRC                               0x0801c95f   Thumb Code    16  stm32f2xx_spi.o(.text)
    SPI_GetCRCPolynomial                     0x0801c96f   Thumb Code     6  stm32f2xx_spi.o(.text)
    SPI_I2S_DMACmd                           0x0801c975   Thumb Code    18  stm32f2xx_spi.o(.text)
    SPI_I2S_ITConfig                         0x0801c987   Thumb Code    32  stm32f2xx_spi.o(.text)
    SPI_I2S_GetFlagStatus                    0x0801c9a7   Thumb Code    18  stm32f2xx_spi.o(.text)
    SPI_I2S_ClearFlag                        0x0801c9b9   Thumb Code     6  stm32f2xx_spi.o(.text)
    SPI_I2S_GetITStatus                      0x0801c9bf   Thumb Code    52  stm32f2xx_spi.o(.text)
    SPI_I2S_ClearITPendingBit                0x0801c9f3   Thumb Code    20  stm32f2xx_spi.o(.text)
    I2C_DeInit                               0x0801ca1d   Thumb Code    82  stm32f2xx_i2c.o(.text)
    I2C_Init                                 0x0801ca6f   Thumb Code   218  stm32f2xx_i2c.o(.text)
    I2C_StructInit                           0x0801cb49   Thumb Code    30  stm32f2xx_i2c.o(.text)
    I2C_Cmd                                  0x0801cb67   Thumb Code    24  stm32f2xx_i2c.o(.text)
    I2C_GenerateSTART                        0x0801cb7f   Thumb Code    24  stm32f2xx_i2c.o(.text)
    I2C_GenerateSTOP                         0x0801cb97   Thumb Code    24  stm32f2xx_i2c.o(.text)
    I2C_Send7bitAddress                      0x0801cbaf   Thumb Code    16  stm32f2xx_i2c.o(.text)
    I2C_AcknowledgeConfig                    0x0801cbbf   Thumb Code    24  stm32f2xx_i2c.o(.text)
    I2C_OwnAddress2Config                    0x0801cbd7   Thumb Code    22  stm32f2xx_i2c.o(.text)
    I2C_DualAddressCmd                       0x0801cbed   Thumb Code    24  stm32f2xx_i2c.o(.text)
    I2C_GeneralCallCmd                       0x0801cc05   Thumb Code    24  stm32f2xx_i2c.o(.text)
    I2C_SoftwareResetCmd                     0x0801cc1d   Thumb Code    22  stm32f2xx_i2c.o(.text)
    I2C_StretchClockCmd                      0x0801cc33   Thumb Code    24  stm32f2xx_i2c.o(.text)
    I2C_FastModeDutyCycleConfig              0x0801cc4b   Thumb Code    28  stm32f2xx_i2c.o(.text)
    I2C_NACKPositionConfig                   0x0801cc67   Thumb Code    28  stm32f2xx_i2c.o(.text)
    I2C_SMBusAlertConfig                     0x0801cc83   Thumb Code    28  stm32f2xx_i2c.o(.text)
    I2C_ARPCmd                               0x0801cc9f   Thumb Code    24  stm32f2xx_i2c.o(.text)
    I2C_SendData                             0x0801ccb7   Thumb Code     4  stm32f2xx_i2c.o(.text)
    I2C_ReceiveData                          0x0801ccbb   Thumb Code     8  stm32f2xx_i2c.o(.text)
    I2C_TransmitPEC                          0x0801ccc3   Thumb Code    24  stm32f2xx_i2c.o(.text)
    I2C_PECPositionConfig                    0x0801ccdb   Thumb Code    28  stm32f2xx_i2c.o(.text)
    I2C_CalculatePEC                         0x0801ccf7   Thumb Code    24  stm32f2xx_i2c.o(.text)
    I2C_GetPEC                               0x0801cd0f   Thumb Code     8  stm32f2xx_i2c.o(.text)
    I2C_DMACmd                               0x0801cd17   Thumb Code    24  stm32f2xx_i2c.o(.text)
    I2C_DMALastTransferCmd                   0x0801cd2f   Thumb Code    24  stm32f2xx_i2c.o(.text)
    I2C_ReadRegister                         0x0801cd47   Thumb Code    22  stm32f2xx_i2c.o(.text)
    I2C_ITConfig                             0x0801cd5d   Thumb Code    18  stm32f2xx_i2c.o(.text)
    I2C_CheckEvent                           0x0801cd6f   Thumb Code    42  stm32f2xx_i2c.o(.text)
    I2C_GetLastEvent                         0x0801cd99   Thumb Code    26  stm32f2xx_i2c.o(.text)
    I2C_GetFlagStatus                        0x0801cdb3   Thumb Code    58  stm32f2xx_i2c.o(.text)
    I2C_ClearFlag                            0x0801cded   Thumb Code    12  stm32f2xx_i2c.o(.text)
    I2C_GetITStatus                          0x0801cdf9   Thumb Code    64  stm32f2xx_i2c.o(.text)
    I2C_ClearITPendingBit                    0x0801ce39   Thumb Code    12  stm32f2xx_i2c.o(.text)
    ADC_DeInit                               0x0801ce45   Thumb Code    22  stm32f2xx_adc.o(.text)
    ADC_Init                                 0x0801ce5b   Thumb Code    74  stm32f2xx_adc.o(.text)
    ADC_StructInit                           0x0801cea5   Thumb Code    20  stm32f2xx_adc.o(.text)
    ADC_CommonInit                           0x0801ceb9   Thumb Code    34  stm32f2xx_adc.o(.text)
    ADC_CommonStructInit                     0x0801cedb   Thumb Code    12  stm32f2xx_adc.o(.text)
    ADC_Cmd                                  0x0801cee7   Thumb Code    22  stm32f2xx_adc.o(.text)
    ADC_AnalogWatchdogCmd                    0x0801cefd   Thumb Code    16  stm32f2xx_adc.o(.text)
    ADC_AnalogWatchdogThresholdsConfig       0x0801cf0d   Thumb Code     6  stm32f2xx_adc.o(.text)
    ADC_AnalogWatchdogSingleChannelConfig    0x0801cf13   Thumb Code    16  stm32f2xx_adc.o(.text)
    ADC_TempSensorVrefintCmd                 0x0801cf23   Thumb Code    34  stm32f2xx_adc.o(.text)
    ADC_VBATCmd                              0x0801cf45   Thumb Code    34  stm32f2xx_adc.o(.text)
    ADC_RegularChannelConfig                 0x0801cf67   Thumb Code   184  stm32f2xx_adc.o(.text)
    ADC_SoftwareStartConv                    0x0801d01f   Thumb Code    10  stm32f2xx_adc.o(.text)
    ADC_GetSoftwareStartConvStatus           0x0801d029   Thumb Code    20  stm32f2xx_adc.o(.text)
    ADC_EOCOnEachRegularChannelCmd           0x0801d03d   Thumb Code    22  stm32f2xx_adc.o(.text)
    ADC_ContinuousModeCmd                    0x0801d053   Thumb Code    22  stm32f2xx_adc.o(.text)
    ADC_DiscModeChannelCountConfig           0x0801d069   Thumb Code    24  stm32f2xx_adc.o(.text)
    ADC_DiscModeCmd                          0x0801d081   Thumb Code    22  stm32f2xx_adc.o(.text)
    ADC_GetConversionValue                   0x0801d097   Thumb Code     8  stm32f2xx_adc.o(.text)
    ADC_GetMultiModeConversionValue          0x0801d09f   Thumb Code     8  stm32f2xx_adc.o(.text)
    ADC_DMACmd                               0x0801d0a7   Thumb Code    22  stm32f2xx_adc.o(.text)
    ADC_DMARequestAfterLastTransferCmd       0x0801d0bd   Thumb Code    22  stm32f2xx_adc.o(.text)
    ADC_MultiModeDMARequestAfterLastTransferCmd 0x0801d0d3   Thumb Code    34  stm32f2xx_adc.o(.text)
    ADC_InjectedChannelConfig                0x0801d0f5   Thumb Code   130  stm32f2xx_adc.o(.text)
    ADC_InjectedSequencerLengthConfig        0x0801d177   Thumb Code    24  stm32f2xx_adc.o(.text)
    ADC_SetInjectedOffset                    0x0801d18f   Thumb Code    20  stm32f2xx_adc.o(.text)
    ADC_ExternalTrigInjectedConvConfig       0x0801d1a3   Thumb Code    16  stm32f2xx_adc.o(.text)
    ADC_ExternalTrigInjectedConvEdgeConfig   0x0801d1b3   Thumb Code    16  stm32f2xx_adc.o(.text)
    ADC_SoftwareStartInjectedConv            0x0801d1c3   Thumb Code    10  stm32f2xx_adc.o(.text)
    ADC_GetSoftwareStartInjectedConvCmdStatus 0x0801d1cd   Thumb Code    20  stm32f2xx_adc.o(.text)
    ADC_AutoInjectedConvCmd                  0x0801d1e1   Thumb Code    22  stm32f2xx_adc.o(.text)
    ADC_InjectedDiscModeCmd                  0x0801d1f7   Thumb Code    22  stm32f2xx_adc.o(.text)
    ADC_GetInjectedConversionValue           0x0801d20d   Thumb Code    28  stm32f2xx_adc.o(.text)
    ADC_ITConfig                             0x0801d229   Thumb Code    56  stm32f2xx_adc.o(.text)
    ADC_GetFlagStatus                        0x0801d261   Thumb Code    18  stm32f2xx_adc.o(.text)
    ADC_ClearFlag                            0x0801d273   Thumb Code     6  stm32f2xx_adc.o(.text)
    ADC_GetITStatus                          0x0801d279   Thumb Code    38  stm32f2xx_adc.o(.text)
    ADC_ClearITPendingBit                    0x0801d29f   Thumb Code    10  stm32f2xx_adc.o(.text)
    RTC_WaitForSynchro                       0x0801d2a9   Thumb Code    92  stm32f2xx_rtc.o(.text)
    RTC_EnterInitMode                        0x0801d305   Thumb Code    84  stm32f2xx_rtc.o(.text)
    RTC_DeInit                               0x0801d359   Thumb Code   182  stm32f2xx_rtc.o(.text)
    RTC_ExitInitMode                         0x0801d40f   Thumb Code    18  stm32f2xx_rtc.o(.text)
    RTC_Init                                 0x0801d421   Thumb Code    94  stm32f2xx_rtc.o(.text)
    RTC_StructInit                           0x0801d47f   Thumb Code    14  stm32f2xx_rtc.o(.text)
    RTC_WriteProtectionCmd                   0x0801d48d   Thumb Code    22  stm32f2xx_rtc.o(.text)
    RTC_RefClockCmd                          0x0801d4a3   Thumb Code    76  stm32f2xx_rtc.o(.text)
    RTC_SetTime                              0x0801d521   Thumb Code   184  stm32f2xx_rtc.o(.text)
    RTC_TimeStructInit                       0x0801d5d9   Thumb Code    12  stm32f2xx_rtc.o(.text)
    RTC_GetTime                              0x0801d5e5   Thumb Code    74  stm32f2xx_rtc.o(.text)
    RTC_SetDate                              0x0801d62f   Thumb Code   190  stm32f2xx_rtc.o(.text)
    RTC_DateStructInit                       0x0801d6ed   Thumb Code    14  stm32f2xx_rtc.o(.text)
    RTC_GetDate                              0x0801d6fb   Thumb Code    68  stm32f2xx_rtc.o(.text)
    RTC_SetAlarm                             0x0801d73f   Thumb Code   234  stm32f2xx_rtc.o(.text)
    RTC_AlarmStructInit                      0x0801d829   Thumb Code    22  stm32f2xx_rtc.o(.text)
    RTC_GetAlarm                             0x0801d83f   Thumb Code   114  stm32f2xx_rtc.o(.text)
    RTC_AlarmCmd                             0x0801d8b1   Thumb Code   116  stm32f2xx_rtc.o(.text)
    RTC_WakeUpClockConfig                    0x0801d925   Thumb Code    46  stm32f2xx_rtc.o(.text)
    RTC_SetWakeUpCounter                     0x0801d953   Thumb Code    24  stm32f2xx_rtc.o(.text)
    RTC_GetWakeUpCounter                     0x0801d96b   Thumb Code    10  stm32f2xx_rtc.o(.text)
    RTC_WakeUpCmd                            0x0801d975   Thumb Code   120  stm32f2xx_rtc.o(.text)
    RTC_DayLightSavingConfig                 0x0801d9ed   Thumb Code    54  stm32f2xx_rtc.o(.text)
    RTC_GetStoreOperation                    0x0801da23   Thumb Code    12  stm32f2xx_rtc.o(.text)
    RTC_OutputConfig                         0x0801da2f   Thumb Code    54  stm32f2xx_rtc.o(.text)
    RTC_CoarseCalibConfig                    0x0801da65   Thumb Code    56  stm32f2xx_rtc.o(.text)
    RTC_CoarseCalibCmd                       0x0801da9d   Thumb Code    82  stm32f2xx_rtc.o(.text)
    RTC_CalibOutputCmd                       0x0801daef   Thumb Code    50  stm32f2xx_rtc.o(.text)
    RTC_TimeStampCmd                         0x0801db21   Thumb Code    52  stm32f2xx_rtc.o(.text)
    RTC_GetTimeStamp                         0x0801db55   Thumb Code   144  stm32f2xx_rtc.o(.text)
    RTC_TamperTriggerConfig                  0x0801dbe5   Thumb Code    38  stm32f2xx_rtc.o(.text)
    RTC_TamperCmd                            0x0801dc0b   Thumb Code    34  stm32f2xx_rtc.o(.text)
    RTC_WriteBackupRegister                  0x0801dc2d   Thumb Code    26  stm32f2xx_rtc.o(.text)
    RTC_ReadBackupRegister                   0x0801dc47   Thumb Code    28  stm32f2xx_rtc.o(.text)
    RTC_TamperPinSelection                   0x0801dc63   Thumb Code    26  stm32f2xx_rtc.o(.text)
    RTC_TimeStampPinSelection                0x0801dc7d   Thumb Code    26  stm32f2xx_rtc.o(.text)
    RTC_OutputTypeConfig                     0x0801dc97   Thumb Code    26  stm32f2xx_rtc.o(.text)
    RTC_ITConfig                             0x0801dcb1   Thumb Code    90  stm32f2xx_rtc.o(.text)
    RTC_GetFlagStatus                        0x0801dd0b   Thumb Code    36  stm32f2xx_rtc.o(.text)
    RTC_ClearFlag                            0x0801dd2f   Thumb Code    28  stm32f2xx_rtc.o(.text)
    RTC_GetITStatus                          0x0801dd4b   Thumb Code    58  stm32f2xx_rtc.o(.text)
    RTC_ClearITPendingBit                    0x0801dd85   Thumb Code    32  stm32f2xx_rtc.o(.text)
    PWR_DeInit                               0x0801ddb1   Thumb Code    22  stm32f2xx_pwr.o(.text)
    PWR_BackupAccessCmd                      0x0801ddc7   Thumb Code     6  stm32f2xx_pwr.o(.text)
    PWR_PVDLevelConfig                       0x0801ddcd   Thumb Code    18  stm32f2xx_pwr.o(.text)
    PWR_PVDCmd                               0x0801dddf   Thumb Code     6  stm32f2xx_pwr.o(.text)
    PWR_WakeUpPinCmd                         0x0801dde5   Thumb Code     8  stm32f2xx_pwr.o(.text)
    PWR_BackupRegulatorCmd                   0x0801dded   Thumb Code     8  stm32f2xx_pwr.o(.text)
    PWR_FlashPowerDownCmd                    0x0801ddf5   Thumb Code     6  stm32f2xx_pwr.o(.text)
    PWR_EnterSTOPMode                        0x0801ddfb   Thumb Code    54  stm32f2xx_pwr.o(.text)
    PWR_EnterSTANDBYMode                     0x0801de31   Thumb Code    42  stm32f2xx_pwr.o(.text)
    PWR_GetFlagStatus                        0x0801de5b   Thumb Code    20  stm32f2xx_pwr.o(.text)
    PWR_ClearFlag                            0x0801de6f   Thumb Code    14  stm32f2xx_pwr.o(.text)
    NVIC_PriorityGroupConfig                 0x0801de89   Thumb Code    10  misc.o(.text)
    NVIC_Init                                0x0801de93   Thumb Code   106  misc.o(.text)
    NVIC_SetVectorTable                      0x0801defd   Thumb Code    14  misc.o(.text)
    NVIC_SystemLPConfig                      0x0801df0b   Thumb Code    34  misc.o(.text)
    SysTick_CLKSourceConfig                  0x0801df2d   Thumb Code    40  misc.o(.text)
    SystemInit                               0x0801e029   Thumb Code    74  system_stm32f2xx.o(.text)
    SystemCoreClockUpdate                    0x0801e073   Thumb Code   174  system_stm32f2xx.o(.text)
    Reset_Handler                            0x0801e149   Thumb Code     8  startup_stm32f2xx.o(.text)
    ADC_IRQHandler                           0x0801e163   Thumb Code     0  startup_stm32f2xx.o(.text)
    CAN1_RX0_IRQHandler                      0x0801e163   Thumb Code     0  startup_stm32f2xx.o(.text)
    CAN1_RX1_IRQHandler                      0x0801e163   Thumb Code     0  startup_stm32f2xx.o(.text)
    CAN1_SCE_IRQHandler                      0x0801e163   Thumb Code     0  startup_stm32f2xx.o(.text)
    CAN1_TX_IRQHandler                       0x0801e163   Thumb Code     0  startup_stm32f2xx.o(.text)
    CAN2_RX0_IRQHandler                      0x0801e163   Thumb Code     0  startup_stm32f2xx.o(.text)
    CAN2_RX1_IRQHandler                      0x0801e163   Thumb Code     0  startup_stm32f2xx.o(.text)
    CAN2_SCE_IRQHandler                      0x0801e163   Thumb Code     0  startup_stm32f2xx.o(.text)
    CAN2_TX_IRQHandler                       0x0801e163   Thumb Code     0  startup_stm32f2xx.o(.text)
    CRYP_IRQHandler                          0x0801e163   Thumb Code     0  startup_stm32f2xx.o(.text)
    DCMI_IRQHandler                          0x0801e163   Thumb Code     0  startup_stm32f2xx.o(.text)
    DMA1_Stream0_IRQHandler                  0x0801e163   Thumb Code     0  startup_stm32f2xx.o(.text)
    DMA1_Stream1_IRQHandler                  0x0801e163   Thumb Code     0  startup_stm32f2xx.o(.text)
    DMA1_Stream2_IRQHandler                  0x0801e163   Thumb Code     0  startup_stm32f2xx.o(.text)
    DMA1_Stream3_IRQHandler                  0x0801e163   Thumb Code     0  startup_stm32f2xx.o(.text)
    DMA1_Stream4_IRQHandler                  0x0801e163   Thumb Code     0  startup_stm32f2xx.o(.text)
    DMA1_Stream5_IRQHandler                  0x0801e163   Thumb Code     0  startup_stm32f2xx.o(.text)
    DMA1_Stream6_IRQHandler                  0x0801e163   Thumb Code     0  startup_stm32f2xx.o(.text)
    DMA1_Stream7_IRQHandler                  0x0801e163   Thumb Code     0  startup_stm32f2xx.o(.text)
    DMA2_Stream0_IRQHandler                  0x0801e163   Thumb Code     0  startup_stm32f2xx.o(.text)
    DMA2_Stream1_IRQHandler                  0x0801e163   Thumb Code     0  startup_stm32f2xx.o(.text)
    DMA2_Stream2_IRQHandler                  0x0801e163   Thumb Code     0  startup_stm32f2xx.o(.text)
    DMA2_Stream3_IRQHandler                  0x0801e163   Thumb Code     0  startup_stm32f2xx.o(.text)
    DMA2_Stream4_IRQHandler                  0x0801e163   Thumb Code     0  startup_stm32f2xx.o(.text)
    DMA2_Stream5_IRQHandler                  0x0801e163   Thumb Code     0  startup_stm32f2xx.o(.text)
    DMA2_Stream6_IRQHandler                  0x0801e163   Thumb Code     0  startup_stm32f2xx.o(.text)
    DMA2_Stream7_IRQHandler                  0x0801e163   Thumb Code     0  startup_stm32f2xx.o(.text)
    ETH_IRQHandler                           0x0801e163   Thumb Code     0  startup_stm32f2xx.o(.text)
    ETH_WKUP_IRQHandler                      0x0801e163   Thumb Code     0  startup_stm32f2xx.o(.text)
    EXTI0_IRQHandler                         0x0801e163   Thumb Code     0  startup_stm32f2xx.o(.text)
    EXTI15_10_IRQHandler                     0x0801e163   Thumb Code     0  startup_stm32f2xx.o(.text)
    EXTI1_IRQHandler                         0x0801e163   Thumb Code     0  startup_stm32f2xx.o(.text)
    EXTI2_IRQHandler                         0x0801e163   Thumb Code     0  startup_stm32f2xx.o(.text)
    EXTI3_IRQHandler                         0x0801e163   Thumb Code     0  startup_stm32f2xx.o(.text)
    EXTI4_IRQHandler                         0x0801e163   Thumb Code     0  startup_stm32f2xx.o(.text)
    EXTI9_5_IRQHandler                       0x0801e163   Thumb Code     0  startup_stm32f2xx.o(.text)
    FLASH_IRQHandler                         0x0801e163   Thumb Code     0  startup_stm32f2xx.o(.text)
    FSMC_IRQHandler                          0x0801e163   Thumb Code     0  startup_stm32f2xx.o(.text)
    HASH_RNG_IRQHandler                      0x0801e163   Thumb Code     0  startup_stm32f2xx.o(.text)
    I2C1_ER_IRQHandler                       0x0801e163   Thumb Code     0  startup_stm32f2xx.o(.text)
    I2C1_EV_IRQHandler                       0x0801e163   Thumb Code     0  startup_stm32f2xx.o(.text)
    I2C2_ER_IRQHandler                       0x0801e163   Thumb Code     0  startup_stm32f2xx.o(.text)
    I2C2_EV_IRQHandler                       0x0801e163   Thumb Code     0  startup_stm32f2xx.o(.text)
    I2C3_ER_IRQHandler                       0x0801e163   Thumb Code     0  startup_stm32f2xx.o(.text)
    I2C3_EV_IRQHandler                       0x0801e163   Thumb Code     0  startup_stm32f2xx.o(.text)
    OTG_FS_IRQHandler                        0x0801e163   Thumb Code     0  startup_stm32f2xx.o(.text)
    OTG_FS_WKUP_IRQHandler                   0x0801e163   Thumb Code     0  startup_stm32f2xx.o(.text)
    OTG_HS_EP1_IN_IRQHandler                 0x0801e163   Thumb Code     0  startup_stm32f2xx.o(.text)
    OTG_HS_EP1_OUT_IRQHandler                0x0801e163   Thumb Code     0  startup_stm32f2xx.o(.text)
    OTG_HS_IRQHandler                        0x0801e163   Thumb Code     0  startup_stm32f2xx.o(.text)
    OTG_HS_WKUP_IRQHandler                   0x0801e163   Thumb Code     0  startup_stm32f2xx.o(.text)
    PVD_IRQHandler                           0x0801e163   Thumb Code     0  startup_stm32f2xx.o(.text)
    RCC_IRQHandler                           0x0801e163   Thumb Code     0  startup_stm32f2xx.o(.text)
    RTC_Alarm_IRQHandler                     0x0801e163   Thumb Code     0  startup_stm32f2xx.o(.text)
    RTC_WKUP_IRQHandler                      0x0801e163   Thumb Code     0  startup_stm32f2xx.o(.text)
    SDIO_IRQHandler                          0x0801e163   Thumb Code     0  startup_stm32f2xx.o(.text)
    SPI1_IRQHandler                          0x0801e163   Thumb Code     0  startup_stm32f2xx.o(.text)
    SPI2_IRQHandler                          0x0801e163   Thumb Code     0  startup_stm32f2xx.o(.text)
    SPI3_IRQHandler                          0x0801e163   Thumb Code     0  startup_stm32f2xx.o(.text)
    TAMP_STAMP_IRQHandler                    0x0801e163   Thumb Code     0  startup_stm32f2xx.o(.text)
    TIM1_BRK_TIM9_IRQHandler                 0x0801e163   Thumb Code     0  startup_stm32f2xx.o(.text)
    TIM1_CC_IRQHandler                       0x0801e163   Thumb Code     0  startup_stm32f2xx.o(.text)
    TIM1_TRG_COM_TIM11_IRQHandler            0x0801e163   Thumb Code     0  startup_stm32f2xx.o(.text)
    TIM1_UP_TIM10_IRQHandler                 0x0801e163   Thumb Code     0  startup_stm32f2xx.o(.text)
    TIM2_IRQHandler                          0x0801e163   Thumb Code     0  startup_stm32f2xx.o(.text)
    TIM3_IRQHandler                          0x0801e163   Thumb Code     0  startup_stm32f2xx.o(.text)
    TIM4_IRQHandler                          0x0801e163   Thumb Code     0  startup_stm32f2xx.o(.text)
    TIM5_IRQHandler                          0x0801e163   Thumb Code     0  startup_stm32f2xx.o(.text)
    TIM6_DAC_IRQHandler                      0x0801e163   Thumb Code     0  startup_stm32f2xx.o(.text)
    TIM8_BRK_TIM12_IRQHandler                0x0801e163   Thumb Code     0  startup_stm32f2xx.o(.text)
    TIM8_CC_IRQHandler                       0x0801e163   Thumb Code     0  startup_stm32f2xx.o(.text)
    TIM8_TRG_COM_TIM14_IRQHandler            0x0801e163   Thumb Code     0  startup_stm32f2xx.o(.text)
    TIM8_UP_TIM13_IRQHandler                 0x0801e163   Thumb Code     0  startup_stm32f2xx.o(.text)
    UART4_IRQHandler                         0x0801e163   Thumb Code     0  startup_stm32f2xx.o(.text)
    UART5_IRQHandler                         0x0801e163   Thumb Code     0  startup_stm32f2xx.o(.text)
    USART2_IRQHandler                        0x0801e163   Thumb Code     0  startup_stm32f2xx.o(.text)
    USART3_IRQHandler                        0x0801e163   Thumb Code     0  startup_stm32f2xx.o(.text)
    USART6_IRQHandler                        0x0801e163   Thumb Code     0  startup_stm32f2xx.o(.text)
    WWDG_IRQHandler                          0x0801e163   Thumb Code     0  startup_stm32f2xx.o(.text)
    strcat                                   0x0801e16d   Thumb Code    24  strcat.o(.text)
    strncpy                                  0x0801e185   Thumb Code    24  strncpy.o(.text)
    strlen                                   0x0801e19d   Thumb Code    14  strlen.o(.text)
    strcpy                                   0x0801e1ab   Thumb Code    18  strcpy.o(.text)
    __aeabi_dadd                             0x0801e1bd   Thumb Code   322  dadd.o(.text)
    __aeabi_dsub                             0x0801e2ff   Thumb Code     6  dadd.o(.text)
    __aeabi_drsub                            0x0801e305   Thumb Code     6  dadd.o(.text)
    __aeabi_dmul                             0x0801e30b   Thumb Code   228  dmul.o(.text)
    __aeabi_i2d                              0x0801e3ef   Thumb Code    34  dflti.o(.text)
    __aeabi_d2iz                             0x0801e411   Thumb Code    62  dfixi.o(.text)
    __aeabi_llsl                             0x0801e44f   Thumb Code    30  llshl.o(.text)
    _ll_shift_l                              0x0801e44f   Thumb Code     0  llshl.o(.text)
    __aeabi_llsr                             0x0801e46d   Thumb Code    32  llushr.o(.text)
    _ll_ushift_r                             0x0801e46d   Thumb Code     0  llushr.o(.text)
    __aeabi_lasr                             0x0801e48d   Thumb Code    36  llsshr.o(.text)
    _ll_sshift_r                             0x0801e48d   Thumb Code     0  llsshr.o(.text)
    __I$use$fp                               0x0801e4b1   Thumb Code     0  iusefp.o(.text)
    _double_round                            0x0801e4b1   Thumb Code    30  depilogue.o(.text)
    _double_epilogue                         0x0801e4cf   Thumb Code   156  depilogue.o(.text)
    __scatterload                            0x0801e56d   Thumb Code    28  init.o(.text)
    __scatterload_rt2                        0x0801e56d   Thumb Code     0  init.o(.text)
    __decompress                             0x0801e591   Thumb Code     0  __dczerorl2.o(.text)
    __decompress1                            0x0801e591   Thumb Code    86  __dczerorl2.o(.text)
    __scatterload_copy                       0x0801e5e7   Thumb Code    14  handlers.o(i.__scatterload_copy)
    __scatterload_null                       0x0801e5f5   Thumb Code     2  handlers.o(i.__scatterload_null)
    __scatterload_zeroinit                   0x0801e5f7   Thumb Code    14  handlers.o(i.__scatterload_zeroinit)
    pass_star                                0x0801e604   Data         240  graphic.o(.constdata)
    ASCII_16x24                              0x0801e6f4   Data        4560  graphic.o(.constdata)
    ASCII_12x16                              0x0801f8c4   Data        3040  graphic.o(.constdata)
    ASCII8x12                                0x080204a4   Data        1152  graphic.o(.constdata)
    IMG_culture_bl                           0x08020924   Data        2664  graphic.o(.constdata)
    IMG_culture_yl                           0x0802138c   Data        2664  graphic.o(.constdata)
    IMG_wet_bl                               0x08021df4   Data        1512  graphic.o(.constdata)
    IMG_wet_yl                               0x080223dc   Data        1512  graphic.o(.constdata)
    IMG_oil_bl                               0x080229c4   Data        1120  graphic.o(.constdata)
    IMG_oil_yl                               0x08022e24   Data        1120  graphic.o(.constdata)
    IMG_check_on                             0x08023284   Data        1152  graphic.o(.constdata)
    IMG_check_off                            0x08023704   Data        1152  graphic.o(.constdata)
    IMG_time_up                              0x08023b84   Data        4320  graphic.o(.constdata)
    IMG_time_dw                              0x08024c64   Data        4320  graphic.o(.constdata)
    data_rl0                                 0x08025d44   Data         224  graphic.o(.constdata)
    data_rl1                                 0x08025e24   Data         224  graphic.o(.constdata)
    data_rl2                                 0x08025f04   Data          56  graphic.o(.constdata)
    data_rl_p0                               0x08025f3c   Data        1568  graphic.o(.constdata)
    data_rl_p1                               0x0802655c   Data        1568  graphic.o(.constdata)
    data_ud0                                 0x08026b7c   Data         224  graphic.o(.constdata)
    data_ud1                                 0x08026c5c   Data         224  graphic.o(.constdata)
    data_ud2                                 0x08026d3c   Data          56  graphic.o(.constdata)
    data_ud_p0                               0x08026d74   Data        1568  graphic.o(.constdata)
    data_ud_p1                               0x08027394   Data        1568  graphic.o(.constdata)
    IMG_data_rt                              0x080279b4   Data        4800  graphic.o(.constdata)
    IMG_data_lf                              0x08028c74   Data        4800  graphic.o(.constdata)
    IMG_data_dw                              0x08029f34   Data        4800  graphic.o(.constdata)
    IMG_data_up                              0x0802b1f4   Data        4800  graphic.o(.constdata)
    air_icon_0                               0x0802c4b4   Data        4032  graphic.o(.constdata)
    air_icon_1                               0x0802d474   Data        4032  graphic.o(.constdata)
    air_icon_2                               0x0802e434   Data         224  graphic.o(.constdata)
    air_co2_0                                0x0802e514   Data        1976  graphic.o(.constdata)
    air_o2_0                                 0x0802eccc   Data        1976  graphic.o(.constdata)
    air_per_0                                0x0802f484   Data         648  graphic.o(.constdata)
    IMG_GAS1                                 0x0802f70c   Data        2088  graphic.o(.constdata)
    IMG_GAS2                                 0x0802ff34   Data        2088  graphic.o(.constdata)
    save_icon_0                              0x0803075c   Data        5952  graphic.o(.constdata)
    save_icon_1                              0x08031e9c   Data        2816  graphic.o(.constdata)
    alam_icon_0                              0x0803299c   Data        1200  graphic.o(.constdata)
    alam_icon_1                              0x08032e4c   Data        1200  graphic.o(.constdata)
    alam_icon_2                              0x080332fc   Data         100  graphic.o(.constdata)
    cham_off_0                               0x08033360   Data        5280  graphic.o(.constdata)
    cham_off_1                               0x08034800   Data        5280  graphic.o(.constdata)
    cham_off_2                               0x08035ca0   Data         264  graphic.o(.constdata)
    cham_on_0                                0x08035da8   Data        5280  graphic.o(.constdata)
    cham_on_1                                0x08037248   Data        5280  graphic.o(.constdata)
    cham_on_2                                0x080386e8   Data         264  graphic.o(.constdata)
    cham_total_0                             0x080387f0   Data        4400  graphic.o(.constdata)
    cham_total_1                             0x08039920   Data        4400  graphic.o(.constdata)
    cham_total_2                             0x0803aa50   Data         220  graphic.o(.constdata)
    cham_total_all                           0x0803ab2c   Data        2736  graphic.o(.constdata)
    cham_total_set                           0x0803b5dc   Data         784  graphic.o(.constdata)
    set_tab_off_0                            0x0803b8ec   Data        1040  graphic.o(.constdata)
    set_tab_off_1                            0x0803bcfc   Data        1040  graphic.o(.constdata)
    set_tab_off_2                            0x0803c10c   Data         104  graphic.o(.constdata)
    set_tab_off_m0                           0x0803c174   Data        3600  graphic.o(.constdata)
    set_tab_off_m1                           0x0803cf84   Data        3600  graphic.o(.constdata)
    set_tab_off_m2                           0x0803dd94   Data        3600  graphic.o(.constdata)
    set_tab_off_m3                           0x0803eba4   Data        4800  graphic.o(.constdata)
    set_tab_off_m4                           0x0803fe64   Data        4800  graphic.o(.constdata)
    set_tab_off_m5                           0x08041124   Data        4800  graphic.o(.constdata)
    menu_1gas_off                            0x080423e4   Data        1664  graphic.o(.constdata)
    menu_1gas_on                             0x08042a64   Data        1664  graphic.o(.constdata)
    menu_2gas_off                            0x080430e4   Data        1664  graphic.o(.constdata)
    menu_2gas_on                             0x08043764   Data        1664  graphic.o(.constdata)
    dot_off                                  0x08043de4   Data        1352  graphic.o(.constdata)
    dot_on                                   0x0804432c   Data        1352  graphic.o(.constdata)
    set_tab_on_0                             0x08044874   Data        1040  graphic.o(.constdata)
    set_tab_on_1                             0x08044c84   Data        1040  graphic.o(.constdata)
    set_tab_on_2                             0x08045094   Data         104  graphic.o(.constdata)
    set_tab_on_m0                            0x080450fc   Data        3600  graphic.o(.constdata)
    set_tab_on_m1                            0x08045f0c   Data        3600  graphic.o(.constdata)
    set_tab_on_m2                            0x08046d1c   Data        3600  graphic.o(.constdata)
    set_tab_on_m3                            0x08047b2c   Data        4800  graphic.o(.constdata)
    set_tab_on_m4                            0x08048dec   Data        4800  graphic.o(.constdata)
    set_tab_on_m5                            0x0804a0ac   Data        4800  graphic.o(.constdata)
    set_tab_on_m6                            0x0804b36c   Data        4800  graphic.o(.constdata)
    data_dec_0                               0x0804c62c   Data        2288  graphic.o(.constdata)
    data_dec_1                               0x0804cf1c   Data        2288  graphic.o(.constdata)
    data_dec_2                               0x0804d80c   Data         104  graphic.o(.constdata)
    data_dec_3                               0x0804d874   Data         192  graphic.o(.constdata)
    data_inc_0                               0x0804d934   Data        2288  graphic.o(.constdata)
    data_inc_1                               0x0804e224   Data        2288  graphic.o(.constdata)
    data_inc_2                               0x0804eb14   Data         104  graphic.o(.constdata)
    data_inc_3                               0x0804eb7c   Data         648  graphic.o(.constdata)
    set_icon_0                               0x0804ee04   Data        2016  graphic.o(.constdata)
    set_icon_1                               0x0804f5e4   Data        2016  graphic.o(.constdata)
    set_icon_2                               0x0804fdc4   Data         168  graphic.o(.constdata)
    set_mode_ch0                             0x0804fe6c   Data        1920  graphic.o(.constdata)
    set_mode_ch1                             0x080505ec   Data        1920  graphic.o(.constdata)
    set_mode_ch2                             0x08050d6c   Data        1920  graphic.o(.constdata)
    set_mode_ch3                             0x080514ec   Data        4264  graphic.o(.constdata)
    set_mode_ch4                             0x08052594   Data        1920  graphic.o(.constdata)
    set_mode_ch5                             0x08052d14   Data        1368  graphic.o(.constdata)
    select0_0                                0x0805326c   Data         256  graphic.o(.constdata)
    select0_1                                0x0805336c   Data         256  graphic.o(.constdata)
    select0_2                                0x0805346c   Data          64  graphic.o(.constdata)
    select1_0                                0x080534ac   Data         256  graphic.o(.constdata)
    select1_1                                0x080535ac   Data         256  graphic.o(.constdata)
    select1_2                                0x080536ac   Data          64  graphic.o(.constdata)
    small_off_0                              0x080536ec   Data         960  graphic.o(.constdata)
    small_off_1                              0x08053aac   Data         960  graphic.o(.constdata)
    small_off_2                              0x08053e6c   Data         120  graphic.o(.constdata)
    small_on_0                               0x08053ee4   Data         960  graphic.o(.constdata)
    small_on_1                               0x080542a4   Data         960  graphic.o(.constdata)
    small_on_2                               0x08054664   Data         120  graphic.o(.constdata)
    cnc_icon                                 0x080546dc   Data       18560  graphic.o(.constdata)
    off_no1                                  0x08058f5c   Data        1152  graphic.o(.constdata)
    off_no2                                  0x080593dc   Data        1152  graphic.o(.constdata)
    off_no3                                  0x0805985c   Data        1152  graphic.o(.constdata)
    off_no4                                  0x08059cdc   Data        1152  graphic.o(.constdata)
    off_no5                                  0x0805a15c   Data        1152  graphic.o(.constdata)
    off_no6                                  0x0805a5dc   Data        1152  graphic.o(.constdata)
    off_no7                                  0x0805aa5c   Data        1152  graphic.o(.constdata)
    off_no8                                  0x0805aedc   Data        1152  graphic.o(.constdata)
    on_no1                                   0x0805b35c   Data        1152  graphic.o(.constdata)
    on_no2                                   0x0805b7dc   Data        1152  graphic.o(.constdata)
    on_no3                                   0x0805bc5c   Data        1152  graphic.o(.constdata)
    on_no4                                   0x0805c0dc   Data        1152  graphic.o(.constdata)
    on_no5                                   0x0805c55c   Data        1152  graphic.o(.constdata)
    on_no6                                   0x0805c9dc   Data        1152  graphic.o(.constdata)
    on_no7                                   0x0805ce5c   Data        1152  graphic.o(.constdata)
    on_no8                                   0x0805d2dc   Data        1152  graphic.o(.constdata)
    lock_on_icon                             0x0805d75c   Data        7200  graphic.o(.constdata)
    lock_of_icon                             0x0805f37c   Data        7200  graphic.o(.constdata)
    lock_on_0                                0x08060f9c   Data        4032  graphic.o(.constdata)
    lock_on_1                                0x08061f5c   Data        4032  graphic.o(.constdata)
    lock_on_2                                0x08062f1c   Data         224  graphic.o(.constdata)
    day_in_month                             0x08062ffc   Data          13  voc_filter_chrck.o(.constdata)
    Region$$Table$$Base                      0x080630bc   Number         0  anon$$obj.o(Region$$Table)
    Region$$Table$$Limit                     0x080630dc   Number         0  anon$$obj.o(Region$$Table)
    mode_value                               0x20000000   Data           1  main.o(.data)
    sub_set_mode                             0x20000001   Data           1  main.o(.data)
    test_mode                                0x20000002   Data           1  main.o(.data)
    data_save_flag                           0x20000003   Data           1  main.o(.data)
    ADC_Value                                0x2000000a   Data           4  adc_input.o(.data)
    press_data1                              0x2000000e   Data           2  adc_input.o(.data)
    press_data2                              0x20000010   Data           2  adc_input.o(.data)
    lcd_clear_flag                           0x20000018   Data           1  graphic.o(.data)
    lcd_popup_flag                           0x20000019   Data           1  graphic.o(.data)
    co2_work_val                             0x2000001a   Data           1  graphic.o(.data)
    co2_set_val                              0x2000001b   Data           1  graphic.o(.data)
    co2_now_val                              0x2000001c   Data           1  graphic.o(.data)
    o2_work_val                              0x2000001d   Data           1  graphic.o(.data)
    o2_set_val                               0x2000001e   Data           1  graphic.o(.data)
    o2_now_val                               0x2000001f   Data           1  graphic.o(.data)
    data_loading_cham                        0x20000020   Data           1  graphic.o(.data)
    temp_set_mode                            0x20000021   Data           1  graphic.o(.data)
    device_temp                              0x20000022   Data           4  graphic.o(.data)
    setting_data_page                        0x20000026   Data           2  graphic.o(.data)
    Error_no                                 0x20000028   Data           1  graphic.o(.data)
    Sub_error                                0x20000029   Data           1  graphic.o(.data)
    Error_EN                                 0x2000002a   Data           1  graphic.o(.data)
    gas_initial_time                         0x2000002c   Data           2  graphic.o(.data)
    gas_period_time                          0x2000002e   Data           2  graphic.o(.data)
    gas_work_time                            0x20000030   Data           2  graphic.o(.data)
    gas2_start_time                          0x20000032   Data           2  graphic.o(.data)
    gas2_initial_time                        0x20000034   Data           2  graphic.o(.data)
    gas2_period_time                         0x20000036   Data           2  graphic.o(.data)
    gas2_work_time                           0x20000038   Data           2  graphic.o(.data)
    gas1_gas2_dual_time                      0x2000003a   Data           2  graphic.o(.data)
    o2_set_data                              0x2000003c   Data           2  graphic.o(.data)
    co2_set_data                             0x2000003e   Data           2  graphic.o(.data)
    o2_2nd_set_data                          0x20000040   Data           2  graphic.o(.data)
    co2_2nd_set_data                         0x20000042   Data           2  graphic.o(.data)
    gas_2nd_on_off                           0x20000044   Data           1  graphic.o(.data)
    change_sta                               0x20000045   Data           1  graphic.o(.data)
    set_ch_no                                0x20000046   Data           1  graphic.o(.data)
    set_posit                                0x20000047   Data           1  graphic.o(.data)
    set_data_adr                             0x20000048   Data           2  graphic.o(.data)
    set_dis_refresh                          0x2000004a   Data           1  graphic.o(.data)
    set_data_temp                            0x2000004c   Data           2  graphic.o(.data)
    set_data_temp2                           0x2000004e   Data           2  graphic.o(.data)
    set_data_temp3                           0x20000050   Data           2  graphic.o(.data)
    set_data_temp4                           0x20000052   Data           2  graphic.o(.data)
    set_data_temp5                           0x20000054   Data           2  graphic.o(.data)
    set_data_temp6                           0x20000056   Data           2  graphic.o(.data)
    set_data_temp7                           0x20000058   Data           2  graphic.o(.data)
    pass_data                                0x2000005a   Data           4  graphic.o(.data)
    save_pass_data                           0x2000005e   Data           4  graphic.o(.data)
    wet_mode                                 0x20000062   Data           1  graphic.o(.data)
    wet_mode_temp                            0x20000063   Data           1  graphic.o(.data)
    chamber_count                            0x20000064   Data           1  graphic.o(.data)
    out_usb_mode                             0x20000065   Data           6  graphic.o(.data)
    voc_valid_time                           0x2000006b   Data           1  graphic.o(.data)
    valid_time_hour                          0x2000006c   Data           4  graphic.o(.data)
    change_alarm_time                        0x20000070   Data           1  graphic.o(.data)
    font_size                                0x20000071   Data           1  graphic.o(.data)
    font_size_x                              0x20000072   Data           1  graphic.o(.data)
    font_size_y                              0x20000073   Data           1  graphic.o(.data)
    Touch_x_data                             0x2000009e   Data           2  touch_i2c.o(.data)
    Touch_y_data                             0x200000a0   Data           2  touch_i2c.o(.data)
    Touch_x_input                            0x200000a2   Data           2  touch_i2c.o(.data)
    Touch_y_input                            0x200000a4   Data           2  touch_i2c.o(.data)
    Touch_count                              0x200000a6   Data           2  touch_i2c.o(.data)
    buzzer_set                               0x200000a8   Data           1  touch_i2c.o(.data)
    touch_flag1                              0x200000a9   Data           1  touch_i2c.o(.data)
    touch_flag2                              0x200000aa   Data           1  touch_i2c.o(.data)
    x_12bit                                  0x200000ac   Data           2  touch_i2c.o(.data)
    y_12bit                                  0x200000ae   Data           2  touch_i2c.o(.data)
    temp_id_check                            0x200000b0   Data           1  touch_i2c.o(.data)
    cali_set                                 0x200000b1   Data           1  touch_i2c.o(.data)
    wet_change                               0x200000b2   Data           1  touch_i2c.o(.data)
    pass_val                                 0x200000b3   Data           1  touch_i2c.o(.data)
    touch_version                            0x200000b4   Data           1  touch_i2c.o(.data)
    lock_data                                0x200000b5   Data           1  touch_i2c.o(.data)
    AsynchPrediv                             0x200000c4   Data           4  rtc_calender.o(.data)
    SynchPrediv                              0x200000c8   Data           4  rtc_calender.o(.data)
    time_year                                0x200000cc   Data           1  rtc_calender.o(.data)
    time_week                                0x200000cd   Data           1  rtc_calender.o(.data)
    time_month                               0x200000ce   Data           1  rtc_calender.o(.data)
    time_date                                0x200000cf   Data           1  rtc_calender.o(.data)
    time_hour                                0x200000d0   Data           1  rtc_calender.o(.data)
    time_min                                 0x200000d1   Data           1  rtc_calender.o(.data)
    time_sec                                 0x200000d2   Data           1  rtc_calender.o(.data)
    set_year                                 0x200000d3   Data           1  rtc_calender.o(.data)
    set_week                                 0x200000d4   Data           1  rtc_calender.o(.data)
    set_month                                0x200000d5   Data           1  rtc_calender.o(.data)
    set_date                                 0x200000d6   Data           1  rtc_calender.o(.data)
    set_hour                                 0x200000d7   Data           1  rtc_calender.o(.data)
    set_min                                  0x200000d8   Data           1  rtc_calender.o(.data)
    set_sec                                  0x200000d9   Data           1  rtc_calender.o(.data)
    last_error                               0x200000da   Data           1  error.o(.data)
    voc_filter_time                          0x200000ec   Data           2  voc_filter_chrck.o(.data)
    voc_last_year                            0x200000ee   Data           1  voc_filter_chrck.o(.data)
    voc_last_month                           0x200000ef   Data           1  voc_filter_chrck.o(.data)
    voc_last_date                            0x200000f0   Data           1  voc_filter_chrck.o(.data)
    voc_last_hour                            0x200000f1   Data           1  voc_filter_chrck.o(.data)
    voc_last_min                             0x200000f2   Data           1  voc_filter_chrck.o(.data)
    last_valid_time                          0x200000f3   Data           1  voc_filter_chrck.o(.data)
    door_status_data                         0x200000f4   Data           8  door_com.o(.data)
    door_open_error                          0x200000fc   Data           8  door_com.o(.data)
    test_door_led                            0x20000104   Data           8  door_com.o(.data)
    ext_sensor_sta                           0x20000120   Data           2  temp_ic_spi.o(.data)
    ext_sensor_temp                          0x20000122   Data           2  temp_ic_spi.o(.data)
    ext_set_data                             0x20000124   Data           2  temp_ic_spi.o(.data)
    ext_set_input                            0x20000126   Data           2  temp_ic_spi.o(.data)
    ext_sensor_input                         0x20000128   Data           2  temp_ic_spi.o(.data)
    sensor_data_collect                      0x2000012a   Data           1  temp_ic_spi.o(.data)
    test_top_pwm                             0x2000013e   Data           8  timer_pwm.o(.data)
    test_bot_pwm                             0x20000146   Data           8  timer_pwm.o(.data)
    cham_working_sta                         0x2000014e   Data           8  chamber_work.o(.data)
    cham_temp_set_mode                       0x20000156   Data           1  chamber_work.o(.data)
    cham_setting_sta                         0x20000157   Data           8  chamber_work.o(.data)
    cham_all_set_temp                        0x20000160   Data           2  chamber_work.o(.data)
    Press_on_data                            0x2000016a   Data           2  device.o(.data)
    Press_off_data                           0x2000016c   Data           2  device.o(.data)
    Press_err_data                           0x2000016e   Data           2  device.o(.data)
    Press_err_cnt                            0x20000170   Data           2  device.o(.data)
    Press2_on_data                           0x20000172   Data           2  device.o(.data)
    Press2_off_data                          0x20000174   Data           2  device.o(.data)
    Press2_err_data                          0x20000176   Data           2  device.o(.data)
    Press2_err_cnt                           0x20000178   Data           2  device.o(.data)
    test_out1_work                           0x2000017a   Data           8  device.o(.data)
    test_out2_work                           0x20000182   Data           8  device.o(.data)
    receive_data                             0x200001bc   Data           1  control_uart.o(.data)
    receive_sta                              0x200001bd   Data           1  control_uart.o(.data)
    Rx1Counter                               0x200001be   Data           1  control_uart.o(.data)
    Rx1Index                                 0x200001bf   Data           1  control_uart.o(.data)
    Rx1Flag                                  0x200001c0   Data           1  control_uart.o(.data)
    Rx1Mode                                  0x200001c1   Data           1  control_uart.o(.data)
    Tx1Flag                                  0x200001c2   Data           1  control_uart.o(.data)
    Tx1Counter                               0x200001c4   Data           2  control_uart.o(.data)
    Tx1No                                    0x200001c6   Data           2  control_uart.o(.data)
    test_Tx_data                             0x200001c8   Data           1  control_uart.o(.data)
    test_Rx_data                             0x200001c9   Data           1  control_uart.o(.data)
    test_Tx_sta                              0x200001ca   Data           1  control_uart.o(.data)
    make_year                                0x200001cc   Data           1  usb_out.o(.data)
    make_week                                0x200001cd   Data           1  usb_out.o(.data)
    make_month                               0x200001ce   Data           1  usb_out.o(.data)
    make_date                                0x200001cf   Data           1  usb_out.o(.data)
    make_hour                                0x200001d0   Data           1  usb_out.o(.data)
    make_min                                 0x200001d1   Data           1  usb_out.o(.data)
    make_sec                                 0x200001d2   Data           1  usb_out.o(.data)
    Tempsett_flag                            0x200001d3   Data           1  usb_out.o(.data)
    Voc_change_flag                          0x200001d4   Data           1  usb_out.o(.data)
    Main_log_flag                            0x200001d5   Data           1  usb_out.o(.data)
    Alarmout_flag                            0x200001d6   Data           1  usb_out.o(.data)
    Temp_log_flag                            0x200001d7   Data           1  usb_out.o(.data)
    usb_out_flag                             0x200001d8   Data           1  usb_out.o(.data)
    Tempsett_NO                              0x200001da   Data           2  usb_out.o(.data)
    Voc_change_NO                            0x200001dc   Data           2  usb_out.o(.data)
    Main_log_NO                              0x200001de   Data           2  usb_out.o(.data)
    Alarmout_NO                              0x200001e0   Data           2  usb_out.o(.data)
    Temp_log_NO                              0x200001e2   Data           2  usb_out.o(.data)
    usb_out_status                           0x200001e4   Data           1  usb_out.o(.data)
    device_name                              0x200001e5   Data           4  usb_out.o(.data)
    main_log_flag                            0x20000200   Data           2  data_io.o(.data)
    sub_log_flag1                            0x20000202   Data           2  data_io.o(.data)
    sub_log_flag2                            0x20000204   Data           2  data_io.o(.data)
    Set_Data_Memory                          0x20000208   Data          16  data_io.o(.data)
    Data_Temp_Memory                         0x20000218   Data          16  data_io.o(.data)
    Voc_change_Memory                        0x20000228   Data          16  data_io.o(.data)
    Alarm_log_Memory                         0x20000238   Data          16  data_io.o(.data)
    Gas_change_Memory                        0x20000248   Data          16  data_io.o(.data)
    Temp_set_Memory                          0x20000258   Data          16  data_io.o(.data)
    Main_log_Memory                          0x20000268   Data          16  data_io.o(.data)
    Cham_temp_Memory                         0x20000278   Data          16  data_io.o(.data)
    SystemCoreClock                          0x200002a0   Data           4  system_stm32f2xx.o(.data)
    AHBPrescTable                            0x200002a4   Data          16  system_stm32f2xx.o(.data)
    ADC3ConvertedValue                       0x200002b4   Data         256  adc_input.o(.bss)
    error_set_save                           0x200003b4   Data          22  graphic.o(.bss)
    cham_set_temp                            0x200003da   Data          16  pid_control.o(.bss)
    pid_up_error_data                        0x200003ea   Data          32  pid_control.o(.bss)
    pid_down_error_data                      0x2000040a   Data          32  pid_control.o(.bss)
    cham_now_temp                            0x2000042c   Data          16  temp_ic_spi.o(.bss)
    cham_top_temp                            0x2000043c   Data          16  temp_ic_spi.o(.bss)
    cham_bot_temp                            0x2000044c   Data          16  temp_ic_spi.o(.bss)
    cham_sum_top_temp                        0x2000045c   Data          32  temp_ic_spi.o(.bss)
    cham_sum_bot_temp                        0x2000047c   Data          32  temp_ic_spi.o(.bss)
    temp_set_data                            0x2000049c   Data          16  temp_ic_spi.o(.bss)
    temp_set_input                           0x200004ac   Data          16  temp_ic_spi.o(.bss)
    temp_top_set_data                        0x200004bc   Data          16  temp_ic_spi.o(.bss)
    temp_top_set_input                       0x200004cc   Data          16  temp_ic_spi.o(.bss)
    temp_bot_set_data                        0x200004dc   Data          16  temp_ic_spi.o(.bss)
    temp_bot_set_input                       0x200004ec   Data          16  temp_ic_spi.o(.bss)
    sensor_top_in_data                       0x200004fc   Data          16  temp_ic_spi.o(.bss)
    sensor_bot_in_data                       0x2000050c   Data          16  temp_ic_spi.o(.bss)
    heat_top_pwm                             0x2000051c   Data          16  timer_pwm.o(.bss)
    heat_bot_pwm                             0x2000052c   Data          16  timer_pwm.o(.bss)
    cham_working_min                         0x2000053c   Data          16  chamber_work.o(.bss)
    cham_set_temp_dis                        0x2000054c   Data          16  chamber_work.o(.bss)
    Tx1Buffer                                0x2000059c   Data         512  control_uart.o(.bss)
    Rx1Buffer                                0x2000079c   Data          10  control_uart.o(.bss)
    Buffer                                   0x200007a6   Data          70  control_uart.o(.bss)
    GlobalBuf                                0x200007ec   Data          64  file_sys.o(.bss)
    Data_Temp                                0x2000082c   Data        1536  data_io.o(.bss)
    NAND_Buffer                              0x20000e2c   Data        1536  data_io.o(.bss)
    __initial_sp                             0x20001850   Data           0  startup_stm32f2xx.o(STACK)



==============================================================================

Memory Map of the image

  Image Entry point : 0x08000185

  Load Region LR_IROM1 (Base: 0x08000000, Size: 0x00063390, Max: 0x00100000, ABSOLUTE, COMPRESSED[0x0006316c])

    Execution Region ER_IROM1 (Exec base: 0x08000000, Load base: 0x08000000, Size: 0x000630dc, Max: 0x00100000, ABSOLUTE)

    Exec Addr    Load Addr    Size         Type   Attr      Idx    E Section Name        Object

    0x08000000   0x08000000   0x00000184   Data   RO         1179    RESET               startup_stm32f2xx.o
    0x08000184   0x08000184   0x00000000   Code   RO         1184  * .ARM.Collect$$$$00000000  mc_w.l(entry.o)
    0x08000184   0x08000184   0x00000004   Code   RO         1203    .ARM.Collect$$$$00000001  mc_w.l(entry2.o)
    0x08000188   0x08000188   0x00000004   Code   RO         1206    .ARM.Collect$$$$00000004  mc_w.l(entry5.o)
    0x0800018c   0x0800018c   0x00000000   Code   RO         1208    .ARM.Collect$$$$00000008  mc_w.l(entry7b.o)
    0x0800018c   0x0800018c   0x00000000   Code   RO         1210    .ARM.Collect$$$$0000000A  mc_w.l(entry8b.o)
    0x0800018c   0x0800018c   0x00000008   Code   RO         1211    .ARM.Collect$$$$0000000B  mc_w.l(entry9a.o)
    0x08000194   0x08000194   0x00000000   Code   RO         1213    .ARM.Collect$$$$0000000D  mc_w.l(entry10a.o)
    0x08000194   0x08000194   0x00000000   Code   RO         1215    .ARM.Collect$$$$0000000F  mc_w.l(entry11a.o)
    0x08000194   0x08000194   0x00000004   Code   RO         1204    .ARM.Collect$$$$00002712  mc_w.l(entry2.o)
    0x08000198   0x08000198   0x0000026c   Code   RO            4    .text               main.o
    0x08000404   0x08000404   0x0000001a   Code   RO          221    .text               stm32f2xx_it.o
    0x0800041e   0x0800041e   0x00000002   PAD
    0x08000420   0x08000420   0x000000a8   Code   RO          248    .text               delay.o
    0x080004c8   0x080004c8   0x000001b0   Code   RO          274    .text               adc_input.o
    0x08000678   0x08000678   0x000099f8   Code   RO          302    .text               graphic.o
    0x0800a070   0x0800a070   0x00007008   Code   RO          333    .text               touch_i2c.o
    0x08011078   0x08011078   0x00000518   Code   RO          361    .text               fsmc_lcd.o
    0x08011590   0x08011590   0x00000178   Code   RO          385    .text               rtc_calender.o
    0x08011708   0x08011708   0x000000b4   Code   RO          412    .text               buzzer.o
    0x080117bc   0x080117bc   0x00000124   Code   RO          436    .text               error.o
    0x080118e0   0x080118e0   0x000001ec   Code   RO          464    .text               voc_filter_chrck.o
    0x08011acc   0x08011acc   0x00000284   Code   RO          493    .text               door_com.o
    0x08011d50   0x08011d50   0x000001e0   Code   RO          526    .text               pid_control.o
    0x08011f30   0x08011f30   0x00000a18   Code   RO          555    .text               temp_ic_spi.o
    0x08012948   0x08012948   0x0000057c   Code   RO          584    .text               timer_pwm.o
    0x08012ec4   0x08012ec4   0x00000168   Code   RO          613    .text               chamber_work.o
    0x0801302c   0x0801302c   0x0000077c   Code   RO          642    .text               device.o
    0x080137a8   0x080137a8   0x00000bf0   Code   RO          671    .text               control_uart.o
    0x08014398   0x08014398   0x00001b38   Code   RO          700    .text               usb_out.o
    0x08015ed0   0x08015ed0   0x00000b60   Code   RO          729    .text               file_sys.o
    0x08016a30   0x08016a30   0x000001d8   Code   RO          759    .text               spi_hw.o
    0x08016c08   0x08016c08   0x0000054c   Code   RO          783    .text               fsmc_nand.o
    0x08017154   0x08017154   0x0000328c   Code   RO          807    .text               data_io.o
    0x0801a3e0   0x0801a3e0   0x0000025c   Code   RO          836    .text               stm32f2xx_gpio.o
    0x0801a63c   0x0801a63c   0x00000ca2   Code   RO          860    .text               stm32f2xx_tim.o
    0x0801b2de   0x0801b2de   0x00000002   PAD
    0x0801b2e0   0x0801b2e0   0x00000588   Code   RO          884    .text               stm32f2xx_rcc.o
    0x0801b868   0x0801b868   0x00000608   Code   RO          910    .text               stm32f2xx_fsmc.o
    0x0801be70   0x0801be70   0x0000041a   Code   RO          934    .text               stm32f2xx_usart.o
    0x0801c28a   0x0801c28a   0x00000002   PAD
    0x0801c28c   0x0801c28c   0x00000040   Code   RO          958    .text               stm32f2xx_iwdg.o
    0x0801c2cc   0x0801c2cc   0x000003a8   Code   RO          982    .text               stm32f2xx_dma.o
    0x0801c674   0x0801c674   0x000003a8   Code   RO         1006    .text               stm32f2xx_spi.o
    0x0801ca1c   0x0801ca1c   0x00000428   Code   RO         1030    .text               stm32f2xx_i2c.o
    0x0801ce44   0x0801ce44   0x00000464   Code   RO         1054    .text               stm32f2xx_adc.o
    0x0801d2a8   0x0801d2a8   0x00000b08   Code   RO         1078    .text               stm32f2xx_rtc.o
    0x0801ddb0   0x0801ddb0   0x000000d8   Code   RO         1102    .text               stm32f2xx_pwr.o
    0x0801de88   0x0801de88   0x000000e0   Code   RO         1126    .text               misc.o
    0x0801df68   0x0801df68   0x000001e0   Code   RO         1150    .text               system_stm32f2xx.o
    0x0801e148   0x0801e148   0x00000024   Code   RO         1180    .text               startup_stm32f2xx.o
    0x0801e16c   0x0801e16c   0x00000018   Code   RO         1187    .text               mc_w.l(strcat.o)
    0x0801e184   0x0801e184   0x00000018   Code   RO         1189    .text               mc_w.l(strncpy.o)
    0x0801e19c   0x0801e19c   0x0000000e   Code   RO         1191    .text               mc_w.l(strlen.o)
    0x0801e1aa   0x0801e1aa   0x00000012   Code   RO         1193    .text               mc_w.l(strcpy.o)
    0x0801e1bc   0x0801e1bc   0x0000014e   Code   RO         1195    .text               mf_w.l(dadd.o)
    0x0801e30a   0x0801e30a   0x000000e4   Code   RO         1197    .text               mf_w.l(dmul.o)
    0x0801e3ee   0x0801e3ee   0x00000022   Code   RO         1199    .text               mf_w.l(dflti.o)
    0x0801e410   0x0801e410   0x0000003e   Code   RO         1201    .text               mf_w.l(dfixi.o)
    0x0801e44e   0x0801e44e   0x0000001e   Code   RO         1217    .text               mc_w.l(llshl.o)
    0x0801e46c   0x0801e46c   0x00000020   Code   RO         1219    .text               mc_w.l(llushr.o)
    0x0801e48c   0x0801e48c   0x00000024   Code   RO         1221    .text               mc_w.l(llsshr.o)
    0x0801e4b0   0x0801e4b0   0x00000000   Code   RO         1223    .text               mc_w.l(iusefp.o)
    0x0801e4b0   0x0801e4b0   0x000000ba   Code   RO         1224    .text               mf_w.l(depilogue.o)
    0x0801e56a   0x0801e56a   0x00000002   PAD
    0x0801e56c   0x0801e56c   0x00000024   Code   RO         1226    .text               mc_w.l(init.o)
    0x0801e590   0x0801e590   0x00000056   Code   RO         1236    .text               mc_w.l(__dczerorl2.o)
    0x0801e5e6   0x0801e5e6   0x0000000e   Code   RO         1230    i.__scatterload_copy  mc_w.l(handlers.o)
    0x0801e5f4   0x0801e5f4   0x00000002   Code   RO         1231    i.__scatterload_null  mc_w.l(handlers.o)
    0x0801e5f6   0x0801e5f6   0x0000000e   Code   RO         1232    i.__scatterload_zeroinit  mc_w.l(handlers.o)
    0x0801e604   0x0801e604   0x000449f8   Data   RO          304    .constdata          graphic.o
    0x08062ffc   0x08062ffc   0x0000000d   Data   RO          465    .constdata          voc_filter_chrck.o
    0x08063009   0x08063009   0x00000003   PAD
    0x0806300c   0x0806300c   0x000000ad   Data   RO          701    .conststring        usb_out.o
    0x080630b9   0x080630b9   0x00000003   PAD
    0x080630bc   0x080630bc   0x00000020   Data   RO         1228    Region$$Table       anon$$obj.o


    Execution Region RW_IRAM1 (Exec base: 0x20000000, Load base: 0x080630dc, Size: 0x00001850, Max: 0x00020000, ABSOLUTE, COMPRESSED[0x00000090])

    Exec Addr    Load Addr    Size         Type   Attr      Idx    E Section Name        Object

    0x20000000   COMPRESSED   0x00000004   Data   RW            5    .data               main.o
    0x20000004   COMPRESSED   0x00000006   Data   RW          249    .data               delay.o
    0x2000000a   COMPRESSED   0x00000008   Data   RW          276    .data               adc_input.o
    0x20000012   COMPRESSED   0x00000002   PAD
    0x20000014   COMPRESSED   0x00000089   Data   RW          305    .data               graphic.o
    0x2000009d   COMPRESSED   0x00000001   PAD
    0x2000009e   COMPRESSED   0x00000026   Data   RW          334    .data               touch_i2c.o
    0x200000c4   COMPRESSED   0x00000016   Data   RW          386    .data               rtc_calender.o
    0x200000da   COMPRESSED   0x00000011   Data   RW          437    .data               error.o
    0x200000eb   COMPRESSED   0x00000001   PAD
    0x200000ec   COMPRESSED   0x00000008   Data   RW          466    .data               voc_filter_chrck.o
    0x200000f4   COMPRESSED   0x00000024   Data   RW          495    .data               door_com.o
    0x20000118   COMPRESSED   0x00000008   Data   RW          528    .data               pid_control.o
    0x20000120   COMPRESSED   0x0000001e   Data   RW          557    .data               temp_ic_spi.o
    0x2000013e   COMPRESSED   0x00000010   Data   RW          586    .data               timer_pwm.o
    0x2000014e   COMPRESSED   0x0000001c   Data   RW          615    .data               chamber_work.o
    0x2000016a   COMPRESSED   0x00000051   Data   RW          644    .data               device.o
    0x200001bb   COMPRESSED   0x00000001   PAD
    0x200001bc   COMPRESSED   0x0000000f   Data   RW          673    .data               control_uart.o
    0x200001cb   COMPRESSED   0x00000001   PAD
    0x200001cc   COMPRESSED   0x00000031   Data   RW          702    .data               usb_out.o
    0x200001fd   COMPRESSED   0x00000003   PAD
    0x20000200   COMPRESSED   0x00000090   Data   RW          809    .data               data_io.o
    0x20000290   COMPRESSED   0x00000010   Data   RW          885    .data               stm32f2xx_rcc.o
    0x200002a0   COMPRESSED   0x00000014   Data   RW         1151    .data               system_stm32f2xx.o
    0x200002b4        -       0x00000100   Zero   RW          275    .bss                adc_input.o
    0x200003b4        -       0x00000016   Zero   RW          303    .bss                graphic.o
    0x200003ca        -       0x00000010   Zero   RW          494    .bss                door_com.o
    0x200003da        -       0x00000050   Zero   RW          527    .bss                pid_control.o
    0x2000042a   COMPRESSED   0x00000002   PAD
    0x2000042c        -       0x000000f0   Zero   RW          556    .bss                temp_ic_spi.o
    0x2000051c        -       0x00000020   Zero   RW          585    .bss                timer_pwm.o
    0x2000053c        -       0x00000030   Zero   RW          614    .bss                chamber_work.o
    0x2000056c        -       0x00000030   Zero   RW          643    .bss                device.o
    0x2000059c        -       0x00000250   Zero   RW          672    .bss                control_uart.o
    0x200007ec        -       0x00000040   Zero   RW          730    .bss                file_sys.o
    0x2000082c        -       0x00000c20   Zero   RW          808    .bss                data_io.o
    0x2000144c   COMPRESSED   0x00000004   PAD
    0x20001450        -       0x00000400   Zero   RW         1177    STACK               startup_stm32f2xx.o


==============================================================================

Image component sizes


      Code (inc. data)   RO Data    RW Data    ZI Data      Debug   Object Name

       432         28          0          8        256       1705   adc_input.o
       180         10          0          0          0        851   buzzer.o
       360         38          0         28         48       2252   chamber_work.o
      3056        158          0         15        592       5417   control_uart.o
     12940       1014          0        144       3104      19887   data_io.o
       168         12          0          6          0        987   delay.o
      1916        226          0         81         48       4733   device.o
       644         72          0         36         16       2713   door_com.o
       292         70          0         17          0       1040   error.o
      2912         20          0          0         64      23428   file_sys.o
      1304         30          0          0          0       4751   fsmc_lcd.o
      1356         28          0          0          0       4838   fsmc_nand.o
     39416       4888     281080        137         22      67218   graphic.o
       620         54          0          4          0     335849   main.o
       224         20          0          0          0       1941   misc.o
       480         62          0          8         80       2561   pid_control.o
       376         66          0         22          0       2170   rtc_calender.o
       472         12          0          0          0       1925   spi_hw.o
        36          8        388          0       1024        900   startup_stm32f2xx.o
      1124         24          0          0          0      10614   stm32f2xx_adc.o
       936         32          0          0          0       6469   stm32f2xx_dma.o
      1544         14          0          0          0       5511   stm32f2xx_fsmc.o
       604         36          0          0          0       4101   stm32f2xx_gpio.o
      1064         26          0          0          0       8219   stm32f2xx_i2c.o
        26          0          0          0          0       1198   stm32f2xx_it.o
        64          6          0          0          0       1337   stm32f2xx_iwdg.o
       216         12          0          0          0       2316   stm32f2xx_pwr.o
      1416         48          0         16          0      11119   stm32f2xx_rcc.o
      2824         36          0          0          0      12189   stm32f2xx_rtc.o
       936         22          0          0          0       6500   stm32f2xx_spi.o
      3234         60          0          0          0      22988   stm32f2xx_tim.o
      1050         26          0          0          0       7832   stm32f2xx_usart.o
       480         40          0         20          0       2015   system_stm32f2xx.o
      2584        214          0         30        240       6616   temp_ic_spi.o
      1404         76          0         16         32       2186   timer_pwm.o
     28680       1398          0         38          0      38550   touch_i2c.o
      6968       1630        173         49          0      14116   usb_out.o
       492         70         13          8          0       2410   voc_filter_chrck.o

    ----------------------------------------------------------------------
    122836      10586     281692        692       5532     651452   Object Totals
         0          0         32          0          0          0   (incl. Generated)
         6          0          6          9          6          0   (incl. Padding)

    ----------------------------------------------------------------------

      Code (inc. data)   RO Data    RW Data    ZI Data      Debug   Library Member Name

        86          0          0          0          0          0   __dczerorl2.o
         0          0          0          0          0          0   entry.o
         0          0          0          0          0          0   entry10a.o
         0          0          0          0          0          0   entry11a.o
         8          4          0          0          0          0   entry2.o
         4          0          0          0          0          0   entry5.o
         0          0          0          0          0          0   entry7b.o
         0          0          0          0          0          0   entry8b.o
         8          4          0          0          0          0   entry9a.o
        30          0          0          0          0          0   handlers.o
        36          8          0          0          0         68   init.o
         0          0          0          0          0          0   iusefp.o
        30          0          0          0          0         68   llshl.o
        36          0          0          0          0         68   llsshr.o
        32          0          0          0          0         68   llushr.o
        24          0          0          0          0         68   strcat.o
        18          0          0          0          0         68   strcpy.o
        14          0          0          0          0         68   strlen.o
        24          0          0          0          0         76   strncpy.o
       334          0          0          0          0        148   dadd.o
       186          0          0          0          0        176   depilogue.o
        62          0          0          0          0         80   dfixi.o
        34          0          0          0          0         76   dflti.o
       228          0          0          0          0         96   dmul.o

    ----------------------------------------------------------------------
      1196         16          0          0          0       1128   Library Totals
         2          0          0          0          0          0   (incl. Padding)

    ----------------------------------------------------------------------

      Code (inc. data)   RO Data    RW Data    ZI Data      Debug   Library Name

       350         16          0          0          0        552   mc_w.l
       844          0          0          0          0        576   mf_w.l

    ----------------------------------------------------------------------
      1196         16          0          0          0       1128   Library Totals

    ----------------------------------------------------------------------

==============================================================================


      Code (inc. data)   RO Data    RW Data    ZI Data      Debug   

    124032      10602     281692        692       5532     648444   Grand Totals
    124032      10602     281692        144       5532     648444   ELF Image Totals (compressed)
    124032      10602     281692        144          0          0   ROM Totals

==============================================================================

    Total RO  Size (Code + RO Data)               405724 ( 396.21kB)
    Total RW  Size (RW Data + ZI Data)              6224 (   6.08kB)
    Total ROM Size (Code + RO Data + RW Data)     405868 ( 396.36kB)

==============================================================================

