<!doctype html public "-//w3c//dtd html 4.0 transitional//en">
<html><head>
<title>Static Call Graph - [..\output\cnc.axf]</title></head>
<body><HR>
<H1>Static Call Graph for image ..\output\cnc.axf</H1><HR>
<BR><P>#&#060CALLGRAPH&#062# ARM Linker, 5060750: Last Updated: Thu Dec 10 14:49:44 2020
<BR><P>
<H3>Maximum Stack Usage =       1772 bytes + Unknown(Cycles, Untraceable Function Pointers)</H3><H3>
Call chain for Maximum Stack Depth:</H3>
main &rArr; Touch_Check &rArr; Touch_Set_mode_Check &rArr; setting_touch_f3 &rArr; TEMP_DATA_save &rArr; cham_cali_save &rArr; Temp_set_Write &rArr; NAND_Data_Move_block &rArr; FSMC_NAND_ReadSmallPage &rArr; FSMC_NAND_GetStatus
<P>
<H3>
Mutually Recursive functions
</H3> <LI><a href="#[1c]">ADC_IRQHandler</a>&nbsp;&nbsp;&nbsp;&rArr;&nbsp;&nbsp;&nbsp;<a href="#[1c]">ADC_IRQHandler</a><BR>
</UL>
<P>
<H3>
Function Pointers
</H3><UL>
 <LI><a href="#[1c]">ADC_IRQHandler</a> from startup_stm32f2xx.o(.text) referenced from startup_stm32f2xx.o(RESET)
 <LI><a href="#[4]">BusFault_Handler</a> from stm32f2xx_it.o(.text) referenced from startup_stm32f2xx.o(RESET)
 <LI><a href="#[1e]">CAN1_RX0_IRQHandler</a> from startup_stm32f2xx.o(.text) referenced from startup_stm32f2xx.o(RESET)
 <LI><a href="#[1f]">CAN1_RX1_IRQHandler</a> from startup_stm32f2xx.o(.text) referenced from startup_stm32f2xx.o(RESET)
 <LI><a href="#[20]">CAN1_SCE_IRQHandler</a> from startup_stm32f2xx.o(.text) referenced from startup_stm32f2xx.o(RESET)
 <LI><a href="#[1d]">CAN1_TX_IRQHandler</a> from startup_stm32f2xx.o(.text) referenced from startup_stm32f2xx.o(RESET)
 <LI><a href="#[4a]">CAN2_RX0_IRQHandler</a> from startup_stm32f2xx.o(.text) referenced from startup_stm32f2xx.o(RESET)
 <LI><a href="#[4b]">CAN2_RX1_IRQHandler</a> from startup_stm32f2xx.o(.text) referenced from startup_stm32f2xx.o(RESET)
 <LI><a href="#[4c]">CAN2_SCE_IRQHandler</a> from startup_stm32f2xx.o(.text) referenced from startup_stm32f2xx.o(RESET)
 <LI><a href="#[49]">CAN2_TX_IRQHandler</a> from startup_stm32f2xx.o(.text) referenced from startup_stm32f2xx.o(RESET)
 <LI><a href="#[59]">CRYP_IRQHandler</a> from startup_stm32f2xx.o(.text) referenced from startup_stm32f2xx.o(RESET)
 <LI><a href="#[58]">DCMI_IRQHandler</a> from startup_stm32f2xx.o(.text) referenced from startup_stm32f2xx.o(RESET)
 <LI><a href="#[15]">DMA1_Stream0_IRQHandler</a> from startup_stm32f2xx.o(.text) referenced from startup_stm32f2xx.o(RESET)
 <LI><a href="#[16]">DMA1_Stream1_IRQHandler</a> from startup_stm32f2xx.o(.text) referenced from startup_stm32f2xx.o(RESET)
 <LI><a href="#[17]">DMA1_Stream2_IRQHandler</a> from startup_stm32f2xx.o(.text) referenced from startup_stm32f2xx.o(RESET)
 <LI><a href="#[18]">DMA1_Stream3_IRQHandler</a> from startup_stm32f2xx.o(.text) referenced from startup_stm32f2xx.o(RESET)
 <LI><a href="#[19]">DMA1_Stream4_IRQHandler</a> from startup_stm32f2xx.o(.text) referenced from startup_stm32f2xx.o(RESET)
 <LI><a href="#[1a]">DMA1_Stream5_IRQHandler</a> from startup_stm32f2xx.o(.text) referenced from startup_stm32f2xx.o(RESET)
 <LI><a href="#[1b]">DMA1_Stream6_IRQHandler</a> from startup_stm32f2xx.o(.text) referenced from startup_stm32f2xx.o(RESET)
 <LI><a href="#[39]">DMA1_Stream7_IRQHandler</a> from startup_stm32f2xx.o(.text) referenced from startup_stm32f2xx.o(RESET)
 <LI><a href="#[42]">DMA2_Stream0_IRQHandler</a> from startup_stm32f2xx.o(.text) referenced from startup_stm32f2xx.o(RESET)
 <LI><a href="#[43]">DMA2_Stream1_IRQHandler</a> from startup_stm32f2xx.o(.text) referenced from startup_stm32f2xx.o(RESET)
 <LI><a href="#[44]">DMA2_Stream2_IRQHandler</a> from startup_stm32f2xx.o(.text) referenced from startup_stm32f2xx.o(RESET)
 <LI><a href="#[45]">DMA2_Stream3_IRQHandler</a> from startup_stm32f2xx.o(.text) referenced from startup_stm32f2xx.o(RESET)
 <LI><a href="#[46]">DMA2_Stream4_IRQHandler</a> from startup_stm32f2xx.o(.text) referenced from startup_stm32f2xx.o(RESET)
 <LI><a href="#[4e]">DMA2_Stream5_IRQHandler</a> from startup_stm32f2xx.o(.text) referenced from startup_stm32f2xx.o(RESET)
 <LI><a href="#[4f]">DMA2_Stream6_IRQHandler</a> from startup_stm32f2xx.o(.text) referenced from startup_stm32f2xx.o(RESET)
 <LI><a href="#[50]">DMA2_Stream7_IRQHandler</a> from startup_stm32f2xx.o(.text) referenced from startup_stm32f2xx.o(RESET)
 <LI><a href="#[7]">DebugMon_Handler</a> from stm32f2xx_it.o(.text) referenced from startup_stm32f2xx.o(RESET)
 <LI><a href="#[47]">ETH_IRQHandler</a> from startup_stm32f2xx.o(.text) referenced from startup_stm32f2xx.o(RESET)
 <LI><a href="#[48]">ETH_WKUP_IRQHandler</a> from startup_stm32f2xx.o(.text) referenced from startup_stm32f2xx.o(RESET)
 <LI><a href="#[10]">EXTI0_IRQHandler</a> from startup_stm32f2xx.o(.text) referenced from startup_stm32f2xx.o(RESET)
 <LI><a href="#[32]">EXTI15_10_IRQHandler</a> from startup_stm32f2xx.o(.text) referenced from startup_stm32f2xx.o(RESET)
 <LI><a href="#[11]">EXTI1_IRQHandler</a> from startup_stm32f2xx.o(.text) referenced from startup_stm32f2xx.o(RESET)
 <LI><a href="#[12]">EXTI2_IRQHandler</a> from startup_stm32f2xx.o(.text) referenced from startup_stm32f2xx.o(RESET)
 <LI><a href="#[13]">EXTI3_IRQHandler</a> from startup_stm32f2xx.o(.text) referenced from startup_stm32f2xx.o(RESET)
 <LI><a href="#[14]">EXTI4_IRQHandler</a> from startup_stm32f2xx.o(.text) referenced from startup_stm32f2xx.o(RESET)
 <LI><a href="#[21]">EXTI9_5_IRQHandler</a> from startup_stm32f2xx.o(.text) referenced from startup_stm32f2xx.o(RESET)
 <LI><a href="#[e]">FLASH_IRQHandler</a> from startup_stm32f2xx.o(.text) referenced from startup_stm32f2xx.o(RESET)
 <LI><a href="#[3a]">FSMC_IRQHandler</a> from startup_stm32f2xx.o(.text) referenced from startup_stm32f2xx.o(RESET)
 <LI><a href="#[5a]">HASH_RNG_IRQHandler</a> from startup_stm32f2xx.o(.text) referenced from startup_stm32f2xx.o(RESET)
 <LI><a href="#[2]">HardFault_Handler</a> from stm32f2xx_it.o(.text) referenced from startup_stm32f2xx.o(RESET)
 <LI><a href="#[2a]">I2C1_ER_IRQHandler</a> from startup_stm32f2xx.o(.text) referenced from startup_stm32f2xx.o(RESET)
 <LI><a href="#[29]">I2C1_EV_IRQHandler</a> from startup_stm32f2xx.o(.text) referenced from startup_stm32f2xx.o(RESET)
 <LI><a href="#[2c]">I2C2_ER_IRQHandler</a> from startup_stm32f2xx.o(.text) referenced from startup_stm32f2xx.o(RESET)
 <LI><a href="#[2b]">I2C2_EV_IRQHandler</a> from startup_stm32f2xx.o(.text) referenced from startup_stm32f2xx.o(RESET)
 <LI><a href="#[53]">I2C3_ER_IRQHandler</a> from startup_stm32f2xx.o(.text) referenced from startup_stm32f2xx.o(RESET)
 <LI><a href="#[52]">I2C3_EV_IRQHandler</a> from startup_stm32f2xx.o(.text) referenced from startup_stm32f2xx.o(RESET)
 <LI><a href="#[3]">MemManage_Handler</a> from stm32f2xx_it.o(.text) referenced from startup_stm32f2xx.o(RESET)
 <LI><a href="#[1]">NMI_Handler</a> from stm32f2xx_it.o(.text) referenced from startup_stm32f2xx.o(RESET)
 <LI><a href="#[4d]">OTG_FS_IRQHandler</a> from startup_stm32f2xx.o(.text) referenced from startup_stm32f2xx.o(RESET)
 <LI><a href="#[34]">OTG_FS_WKUP_IRQHandler</a> from startup_stm32f2xx.o(.text) referenced from startup_stm32f2xx.o(RESET)
 <LI><a href="#[55]">OTG_HS_EP1_IN_IRQHandler</a> from startup_stm32f2xx.o(.text) referenced from startup_stm32f2xx.o(RESET)
 <LI><a href="#[54]">OTG_HS_EP1_OUT_IRQHandler</a> from startup_stm32f2xx.o(.text) referenced from startup_stm32f2xx.o(RESET)
 <LI><a href="#[57]">OTG_HS_IRQHandler</a> from startup_stm32f2xx.o(.text) referenced from startup_stm32f2xx.o(RESET)
 <LI><a href="#[56]">OTG_HS_WKUP_IRQHandler</a> from startup_stm32f2xx.o(.text) referenced from startup_stm32f2xx.o(RESET)
 <LI><a href="#[b]">PVD_IRQHandler</a> from startup_stm32f2xx.o(.text) referenced from startup_stm32f2xx.o(RESET)
 <LI><a href="#[8]">PendSV_Handler</a> from stm32f2xx_it.o(.text) referenced from startup_stm32f2xx.o(RESET)
 <LI><a href="#[f]">RCC_IRQHandler</a> from startup_stm32f2xx.o(.text) referenced from startup_stm32f2xx.o(RESET)
 <LI><a href="#[33]">RTC_Alarm_IRQHandler</a> from startup_stm32f2xx.o(.text) referenced from startup_stm32f2xx.o(RESET)
 <LI><a href="#[d]">RTC_WKUP_IRQHandler</a> from startup_stm32f2xx.o(.text) referenced from startup_stm32f2xx.o(RESET)
 <LI><a href="#[0]">Reset_Handler</a> from startup_stm32f2xx.o(.text) referenced from startup_stm32f2xx.o(RESET)
 <LI><a href="#[3b]">SDIO_IRQHandler</a> from startup_stm32f2xx.o(.text) referenced from startup_stm32f2xx.o(RESET)
 <LI><a href="#[2d]">SPI1_IRQHandler</a> from startup_stm32f2xx.o(.text) referenced from startup_stm32f2xx.o(RESET)
 <LI><a href="#[2e]">SPI2_IRQHandler</a> from startup_stm32f2xx.o(.text) referenced from startup_stm32f2xx.o(RESET)
 <LI><a href="#[3d]">SPI3_IRQHandler</a> from startup_stm32f2xx.o(.text) referenced from startup_stm32f2xx.o(RESET)
 <LI><a href="#[6]">SVC_Handler</a> from stm32f2xx_it.o(.text) referenced from startup_stm32f2xx.o(RESET)
 <LI><a href="#[9]">SysTick_Handler</a> from stm32f2xx_it.o(.text) referenced from startup_stm32f2xx.o(RESET)
 <LI><a href="#[5c]">SystemInit</a> from system_stm32f2xx.o(.text) referenced from startup_stm32f2xx.o(.text)
 <LI><a href="#[c]">TAMP_STAMP_IRQHandler</a> from startup_stm32f2xx.o(.text) referenced from startup_stm32f2xx.o(RESET)
 <LI><a href="#[22]">TIM1_BRK_TIM9_IRQHandler</a> from startup_stm32f2xx.o(.text) referenced from startup_stm32f2xx.o(RESET)
 <LI><a href="#[25]">TIM1_CC_IRQHandler</a> from startup_stm32f2xx.o(.text) referenced from startup_stm32f2xx.o(RESET)
 <LI><a href="#[24]">TIM1_TRG_COM_TIM11_IRQHandler</a> from startup_stm32f2xx.o(.text) referenced from startup_stm32f2xx.o(RESET)
 <LI><a href="#[23]">TIM1_UP_TIM10_IRQHandler</a> from startup_stm32f2xx.o(.text) referenced from startup_stm32f2xx.o(RESET)
 <LI><a href="#[26]">TIM2_IRQHandler</a> from startup_stm32f2xx.o(.text) referenced from startup_stm32f2xx.o(RESET)
 <LI><a href="#[27]">TIM3_IRQHandler</a> from startup_stm32f2xx.o(.text) referenced from startup_stm32f2xx.o(RESET)
 <LI><a href="#[28]">TIM4_IRQHandler</a> from startup_stm32f2xx.o(.text) referenced from startup_stm32f2xx.o(RESET)
 <LI><a href="#[3c]">TIM5_IRQHandler</a> from startup_stm32f2xx.o(.text) referenced from startup_stm32f2xx.o(RESET)
 <LI><a href="#[40]">TIM6_DAC_IRQHandler</a> from startup_stm32f2xx.o(.text) referenced from startup_stm32f2xx.o(RESET)
 <LI><a href="#[41]">TIM7_IRQHandler</a> from buzzer.o(.text) referenced from startup_stm32f2xx.o(RESET)
 <LI><a href="#[35]">TIM8_BRK_TIM12_IRQHandler</a> from startup_stm32f2xx.o(.text) referenced from startup_stm32f2xx.o(RESET)
 <LI><a href="#[38]">TIM8_CC_IRQHandler</a> from startup_stm32f2xx.o(.text) referenced from startup_stm32f2xx.o(RESET)
 <LI><a href="#[37]">TIM8_TRG_COM_TIM14_IRQHandler</a> from startup_stm32f2xx.o(.text) referenced from startup_stm32f2xx.o(RESET)
 <LI><a href="#[36]">TIM8_UP_TIM13_IRQHandler</a> from startup_stm32f2xx.o(.text) referenced from startup_stm32f2xx.o(RESET)
 <LI><a href="#[3e]">UART4_IRQHandler</a> from startup_stm32f2xx.o(.text) referenced from startup_stm32f2xx.o(RESET)
 <LI><a href="#[3f]">UART5_IRQHandler</a> from startup_stm32f2xx.o(.text) referenced from startup_stm32f2xx.o(RESET)
 <LI><a href="#[2f]">USART1_IRQHandler</a> from control_uart.o(.text) referenced from startup_stm32f2xx.o(RESET)
 <LI><a href="#[30]">USART2_IRQHandler</a> from startup_stm32f2xx.o(.text) referenced from startup_stm32f2xx.o(RESET)
 <LI><a href="#[31]">USART3_IRQHandler</a> from startup_stm32f2xx.o(.text) referenced from startup_stm32f2xx.o(RESET)
 <LI><a href="#[51]">USART6_IRQHandler</a> from startup_stm32f2xx.o(.text) referenced from startup_stm32f2xx.o(RESET)
 <LI><a href="#[5]">UsageFault_Handler</a> from stm32f2xx_it.o(.text) referenced from startup_stm32f2xx.o(RESET)
 <LI><a href="#[a]">WWDG_IRQHandler</a> from startup_stm32f2xx.o(.text) referenced from startup_stm32f2xx.o(RESET)
 <LI><a href="#[5d]">__main</a> from entry.o(.ARM.Collect$$$$00000000) referenced from startup_stm32f2xx.o(.text)
 <LI><a href="#[5b]">main</a> from main.o(.text) referenced from entry9a.o(.ARM.Collect$$$$0000000B)
</UL>
<P>
<H3>
Global Symbols
</H3>
<P><STRONG><a name="[5d]"></a>__main</STRONG> (Thumb, 0 bytes, Stack size unknown bytes, entry.o(.ARM.Collect$$$$00000000))
<BR>[Address Reference Count : 1]<UL><LI> startup_stm32f2xx.o(.text)
</UL>
<P><STRONG><a name="[2bf]"></a>_main_stk</STRONG> (Thumb, 0 bytes, Stack size unknown bytes, entry2.o(.ARM.Collect$$$$00000001))

<P><STRONG><a name="[5e]"></a>_main_scatterload</STRONG> (Thumb, 0 bytes, Stack size unknown bytes, entry5.o(.ARM.Collect$$$$00000004))
<BR><BR>[Calls]<UL><LI><a href="#[5f]">&gt;&gt;</a>&nbsp;&nbsp;&nbsp;__scatterload
</UL>

<P><STRONG><a name="[2be]"></a>__main_after_scatterload</STRONG> (Thumb, 0 bytes, Stack size unknown bytes, entry5.o(.ARM.Collect$$$$00000004))
<BR><BR>[Called By]<UL><LI><a href="#[5f]">&gt;&gt;</a>&nbsp;&nbsp;&nbsp;__scatterload
</UL>

<P><STRONG><a name="[2c0]"></a>_main_clock</STRONG> (Thumb, 0 bytes, Stack size unknown bytes, entry7b.o(.ARM.Collect$$$$00000008))

<P><STRONG><a name="[2c1]"></a>_main_cpp_init</STRONG> (Thumb, 0 bytes, Stack size unknown bytes, entry8b.o(.ARM.Collect$$$$0000000A))

<P><STRONG><a name="[2c2]"></a>_main_init</STRONG> (Thumb, 0 bytes, Stack size unknown bytes, entry9a.o(.ARM.Collect$$$$0000000B))

<P><STRONG><a name="[2c3]"></a>__rt_final_cpp</STRONG> (Thumb, 0 bytes, Stack size unknown bytes, entry10a.o(.ARM.Collect$$$$0000000D))

<P><STRONG><a name="[2c4]"></a>__rt_final_exit</STRONG> (Thumb, 0 bytes, Stack size unknown bytes, entry11a.o(.ARM.Collect$$$$0000000F))

<P><STRONG><a name="[60]"></a>TIM6_config</STRONG> (Thumb, 60 bytes, Stack size 24 bytes, main.o(.text))
<BR><BR>[Stack]<UL><LI>Max Depth = 24<LI>Call Chain = TIM6_config
</UL>
<BR>[Calls]<UL><LI><a href="#[62]">&gt;&gt;</a>&nbsp;&nbsp;&nbsp;TIM_TimeBaseInit
<LI><a href="#[64]">&gt;&gt;</a>&nbsp;&nbsp;&nbsp;TIM_Cmd
<LI><a href="#[63]">&gt;&gt;</a>&nbsp;&nbsp;&nbsp;TIM_ClearFlag
<LI><a href="#[61]">&gt;&gt;</a>&nbsp;&nbsp;&nbsp;RCC_APB1PeriphClockCmd
</UL>
<BR>[Called By]<UL><LI><a href="#[5b]">&gt;&gt;</a>&nbsp;&nbsp;&nbsp;main
</UL>

<P><STRONG><a name="[65]"></a>IWDG_enable_Setting</STRONG> (Thumb, 52 bytes, Stack size 8 bytes, main.o(.text))
<BR><BR>[Stack]<UL><LI>Max Depth = 16<LI>Call Chain = IWDG_enable_Setting &rArr; RCC_GetFlagStatus
</UL>
<BR>[Calls]<UL><LI><a href="#[66]">&gt;&gt;</a>&nbsp;&nbsp;&nbsp;RCC_GetFlagStatus
<LI><a href="#[68]">&gt;&gt;</a>&nbsp;&nbsp;&nbsp;RCC_ClearFlag
<LI><a href="#[69]">&gt;&gt;</a>&nbsp;&nbsp;&nbsp;IWDG_WriteAccessCmd
<LI><a href="#[6b]">&gt;&gt;</a>&nbsp;&nbsp;&nbsp;IWDG_SetReload
<LI><a href="#[6a]">&gt;&gt;</a>&nbsp;&nbsp;&nbsp;IWDG_SetPrescaler
<LI><a href="#[6c]">&gt;&gt;</a>&nbsp;&nbsp;&nbsp;IWDG_ReloadCounter
<LI><a href="#[6d]">&gt;&gt;</a>&nbsp;&nbsp;&nbsp;IWDG_Enable
<LI><a href="#[67]">&gt;&gt;</a>&nbsp;&nbsp;&nbsp;BUZZER_ON
</UL>
<BR>[Called By]<UL><LI><a href="#[5b]">&gt;&gt;</a>&nbsp;&nbsp;&nbsp;main
</UL>

<P><STRONG><a name="[6e]"></a>Nomal_GPIO_Setting</STRONG> (Thumb, 212 bytes, Stack size 16 bytes, main.o(.text))
<BR><BR>[Stack]<UL><LI>Max Depth = 36<LI>Call Chain = Nomal_GPIO_Setting &rArr; GPIO_Init
</UL>
<BR>[Calls]<UL><LI><a href="#[70]">&gt;&gt;</a>&nbsp;&nbsp;&nbsp;GPIO_Write
<LI><a href="#[6f]">&gt;&gt;</a>&nbsp;&nbsp;&nbsp;GPIO_Init
</UL>
<BR>[Called By]<UL><LI><a href="#[5b]">&gt;&gt;</a>&nbsp;&nbsp;&nbsp;main
</UL>

<P><STRONG><a name="[5b]"></a>main</STRONG> (Thumb, 242 bytes, Stack size 0 bytes, main.o(.text))
<BR><BR>[Stack]<UL><LI>Max Depth = 1772<LI>Call Chain = main &rArr; Touch_Check &rArr; Touch_Set_mode_Check &rArr; setting_touch_f3 &rArr; TEMP_DATA_save &rArr; cham_cali_save &rArr; Temp_set_Write &rArr; NAND_Data_Move_block &rArr; FSMC_NAND_ReadSmallPage &rArr; FSMC_NAND_GetStatus
</UL>
<BR>[Calls]<UL><LI><a href="#[8f]">&gt;&gt;</a>&nbsp;&nbsp;&nbsp;usb_out_data
<LI><a href="#[88]">&gt;&gt;</a>&nbsp;&nbsp;&nbsp;error_check
<LI><a href="#[8a]">&gt;&gt;</a>&nbsp;&nbsp;&nbsp;VOC_check
<LI><a href="#[85]">&gt;&gt;</a>&nbsp;&nbsp;&nbsp;Touch_Check
<LI><a href="#[91]">&gt;&gt;</a>&nbsp;&nbsp;&nbsp;TIM_GetFlagStatus
<LI><a href="#[63]">&gt;&gt;</a>&nbsp;&nbsp;&nbsp;TIM_ClearFlag
<LI><a href="#[81]">&gt;&gt;</a>&nbsp;&nbsp;&nbsp;TEMP_READ
<LI><a href="#[77]">&gt;&gt;</a>&nbsp;&nbsp;&nbsp;TEMP_Init
<LI><a href="#[80]">&gt;&gt;</a>&nbsp;&nbsp;&nbsp;RTC_TimeShow
<LI><a href="#[7d]">&gt;&gt;</a>&nbsp;&nbsp;&nbsp;RTC_Calender_Ini
<LI><a href="#[61]">&gt;&gt;</a>&nbsp;&nbsp;&nbsp;RCC_APB1PeriphClockCmd
<LI><a href="#[73]">&gt;&gt;</a>&nbsp;&nbsp;&nbsp;RCC_AHB1PeriphClockCmd
<LI><a href="#[82]">&gt;&gt;</a>&nbsp;&nbsp;&nbsp;PID_Control
<LI><a href="#[8c]">&gt;&gt;</a>&nbsp;&nbsp;&nbsp;Main_log_Write
<LI><a href="#[7f]">&gt;&gt;</a>&nbsp;&nbsp;&nbsp;LCD_Init
<LI><a href="#[90]">&gt;&gt;</a>&nbsp;&nbsp;&nbsp;LCD_Display
<LI><a href="#[6c]">&gt;&gt;</a>&nbsp;&nbsp;&nbsp;IWDG_ReloadCounter
<LI><a href="#[76]">&gt;&gt;</a>&nbsp;&nbsp;&nbsp;I2C2_Init
<LI><a href="#[79]">&gt;&gt;</a>&nbsp;&nbsp;&nbsp;Heater_PWM_setting
<LI><a href="#[7c]">&gt;&gt;</a>&nbsp;&nbsp;&nbsp;Heater_PID_Iniit
<LI><a href="#[83]">&gt;&gt;</a>&nbsp;&nbsp;&nbsp;Heater_Output
<LI><a href="#[74]">&gt;&gt;</a>&nbsp;&nbsp;&nbsp;FSMC_NAND_Init
<LI><a href="#[86]">&gt;&gt;</a>&nbsp;&nbsp;&nbsp;Door_work
<LI><a href="#[87]">&gt;&gt;</a>&nbsp;&nbsp;&nbsp;Device_Output
<LI><a href="#[72]">&gt;&gt;</a>&nbsp;&nbsp;&nbsp;Delay_ms
<LI><a href="#[71]">&gt;&gt;</a>&nbsp;&nbsp;&nbsp;Delay_Init
<LI><a href="#[89]">&gt;&gt;</a>&nbsp;&nbsp;&nbsp;Data_Temp_Write
<LI><a href="#[75]">&gt;&gt;</a>&nbsp;&nbsp;&nbsp;Data_Initial
<LI><a href="#[8e]">&gt;&gt;</a>&nbsp;&nbsp;&nbsp;Control_routin
<LI><a href="#[7e]">&gt;&gt;</a>&nbsp;&nbsp;&nbsp;Control_Init
<LI><a href="#[8b]">&gt;&gt;</a>&nbsp;&nbsp;&nbsp;Chamber_work
<LI><a href="#[8d]">&gt;&gt;</a>&nbsp;&nbsp;&nbsp;Cham_temp_Write
<LI><a href="#[7b]">&gt;&gt;</a>&nbsp;&nbsp;&nbsp;CH376_Initial
<LI><a href="#[7a]">&gt;&gt;</a>&nbsp;&nbsp;&nbsp;BUZZER_setting
<LI><a href="#[84]">&gt;&gt;</a>&nbsp;&nbsp;&nbsp;ADC_LOAD
<LI><a href="#[78]">&gt;&gt;</a>&nbsp;&nbsp;&nbsp;ADC_Config
<LI><a href="#[6e]">&gt;&gt;</a>&nbsp;&nbsp;&nbsp;Nomal_GPIO_Setting
<LI><a href="#[65]">&gt;&gt;</a>&nbsp;&nbsp;&nbsp;IWDG_enable_Setting
<LI><a href="#[60]">&gt;&gt;</a>&nbsp;&nbsp;&nbsp;TIM6_config
</UL>
<BR>[Address Reference Count : 1]<UL><LI> entry9a.o(.ARM.Collect$$$$0000000B)
</UL>
<P><STRONG><a name="[1]"></a>NMI_Handler</STRONG> (Thumb, 2 bytes, Stack size 0 bytes, stm32f2xx_it.o(.text))
<BR>[Address Reference Count : 1]<UL><LI> startup_stm32f2xx.o(RESET)
</UL>
<P><STRONG><a name="[2]"></a>HardFault_Handler</STRONG> (Thumb, 4 bytes, Stack size 0 bytes, stm32f2xx_it.o(.text))
<BR>[Address Reference Count : 1]<UL><LI> startup_stm32f2xx.o(RESET)
</UL>
<P><STRONG><a name="[3]"></a>MemManage_Handler</STRONG> (Thumb, 4 bytes, Stack size 0 bytes, stm32f2xx_it.o(.text))
<BR>[Address Reference Count : 1]<UL><LI> startup_stm32f2xx.o(RESET)
</UL>
<P><STRONG><a name="[4]"></a>BusFault_Handler</STRONG> (Thumb, 4 bytes, Stack size 0 bytes, stm32f2xx_it.o(.text))
<BR>[Address Reference Count : 1]<UL><LI> startup_stm32f2xx.o(RESET)
</UL>
<P><STRONG><a name="[5]"></a>UsageFault_Handler</STRONG> (Thumb, 4 bytes, Stack size 0 bytes, stm32f2xx_it.o(.text))
<BR>[Address Reference Count : 1]<UL><LI> startup_stm32f2xx.o(RESET)
</UL>
<P><STRONG><a name="[6]"></a>SVC_Handler</STRONG> (Thumb, 2 bytes, Stack size 0 bytes, stm32f2xx_it.o(.text))
<BR>[Address Reference Count : 1]<UL><LI> startup_stm32f2xx.o(RESET)
</UL>
<P><STRONG><a name="[7]"></a>DebugMon_Handler</STRONG> (Thumb, 2 bytes, Stack size 0 bytes, stm32f2xx_it.o(.text))
<BR>[Address Reference Count : 1]<UL><LI> startup_stm32f2xx.o(RESET)
</UL>
<P><STRONG><a name="[8]"></a>PendSV_Handler</STRONG> (Thumb, 2 bytes, Stack size 0 bytes, stm32f2xx_it.o(.text))
<BR>[Address Reference Count : 1]<UL><LI> startup_stm32f2xx.o(RESET)
</UL>
<P><STRONG><a name="[9]"></a>SysTick_Handler</STRONG> (Thumb, 2 bytes, Stack size 0 bytes, stm32f2xx_it.o(.text))
<BR>[Address Reference Count : 1]<UL><LI> startup_stm32f2xx.o(RESET)
</UL>
<P><STRONG><a name="[71]"></a>Delay_Init</STRONG> (Thumb, 56 bytes, Stack size 24 bytes, delay.o(.text))
<BR><BR>[Stack]<UL><LI>Max Depth = 44<LI>Call Chain = Delay_Init &rArr; RCC_GetClocksFreq
</UL>
<BR>[Calls]<UL><LI><a href="#[92]">&gt;&gt;</a>&nbsp;&nbsp;&nbsp;SysTick_CLKSourceConfig
<LI><a href="#[93]">&gt;&gt;</a>&nbsp;&nbsp;&nbsp;RCC_GetClocksFreq
</UL>
<BR>[Called By]<UL><LI><a href="#[5b]">&gt;&gt;</a>&nbsp;&nbsp;&nbsp;main
</UL>

<P><STRONG><a name="[72]"></a>Delay_ms</STRONG> (Thumb, 50 bytes, Stack size 0 bytes, delay.o(.text))
<BR><BR>[Called By]<UL><LI><a href="#[7f]">&gt;&gt;</a>&nbsp;&nbsp;&nbsp;LCD_Init
<LI><a href="#[5b]">&gt;&gt;</a>&nbsp;&nbsp;&nbsp;main
<LI><a href="#[25a]">&gt;&gt;</a>&nbsp;&nbsp;&nbsp;CH376DiskReqSense
</UL>

<P><STRONG><a name="[1db]"></a>Delay_us</STRONG> (Thumb, 50 bytes, Stack size 0 bytes, delay.o(.text))
<BR><BR>[Called By]<UL><LI><a href="#[81]">&gt;&gt;</a>&nbsp;&nbsp;&nbsp;TEMP_READ
<LI><a href="#[7f]">&gt;&gt;</a>&nbsp;&nbsp;&nbsp;LCD_Init
<LI><a href="#[76]">&gt;&gt;</a>&nbsp;&nbsp;&nbsp;I2C2_Init
<LI><a href="#[79]">&gt;&gt;</a>&nbsp;&nbsp;&nbsp;Heater_PWM_setting
<LI><a href="#[247]">&gt;&gt;</a>&nbsp;&nbsp;&nbsp;xWriteCH376Cmd
<LI><a href="#[221]">&gt;&gt;</a>&nbsp;&nbsp;&nbsp;mInitCH376Host
<LI><a href="#[213]">&gt;&gt;</a>&nbsp;&nbsp;&nbsp;ch_sol_out
<LI><a href="#[205]">&gt;&gt;</a>&nbsp;&nbsp;&nbsp;TEMP_CH_READ
<LI><a href="#[202]">&gt;&gt;</a>&nbsp;&nbsp;&nbsp;TEMP_ext_READ
<LI><a href="#[1fb]">&gt;&gt;</a>&nbsp;&nbsp;&nbsp;Door_input
</UL>

<P><STRONG><a name="[84]"></a>ADC_LOAD</STRONG> (Thumb, 136 bytes, Stack size 20 bytes, adc_input.o(.text))
<BR><BR>[Stack]<UL><LI>Max Depth = 20<LI>Call Chain = ADC_LOAD
</UL>
<BR>[Called By]<UL><LI><a href="#[5b]">&gt;&gt;</a>&nbsp;&nbsp;&nbsp;main
</UL>

<P><STRONG><a name="[78]"></a>ADC_Config</STRONG> (Thumb, 268 bytes, Stack size 112 bytes, adc_input.o(.text))
<BR><BR>[Stack]<UL><LI>Max Depth = 132<LI>Call Chain = ADC_Config &rArr; ADC_RegularChannelConfig
</UL>
<BR>[Calls]<UL><LI><a href="#[94]">&gt;&gt;</a>&nbsp;&nbsp;&nbsp;RCC_APB2PeriphClockCmd
<LI><a href="#[96]">&gt;&gt;</a>&nbsp;&nbsp;&nbsp;DMA_Init
<LI><a href="#[95]">&gt;&gt;</a>&nbsp;&nbsp;&nbsp;DMA_DeInit
<LI><a href="#[97]">&gt;&gt;</a>&nbsp;&nbsp;&nbsp;DMA_Cmd
<LI><a href="#[9f]">&gt;&gt;</a>&nbsp;&nbsp;&nbsp;ADC_SoftwareStartConv
<LI><a href="#[9b]">&gt;&gt;</a>&nbsp;&nbsp;&nbsp;ADC_RegularChannelConfig
<LI><a href="#[9a]">&gt;&gt;</a>&nbsp;&nbsp;&nbsp;ADC_Init
<LI><a href="#[98]">&gt;&gt;</a>&nbsp;&nbsp;&nbsp;ADC_DeInit
<LI><a href="#[9c]">&gt;&gt;</a>&nbsp;&nbsp;&nbsp;ADC_DMARequestAfterLastTransferCmd
<LI><a href="#[9d]">&gt;&gt;</a>&nbsp;&nbsp;&nbsp;ADC_DMACmd
<LI><a href="#[99]">&gt;&gt;</a>&nbsp;&nbsp;&nbsp;ADC_CommonInit
<LI><a href="#[9e]">&gt;&gt;</a>&nbsp;&nbsp;&nbsp;ADC_Cmd
<LI><a href="#[73]">&gt;&gt;</a>&nbsp;&nbsp;&nbsp;RCC_AHB1PeriphClockCmd
<LI><a href="#[6f]">&gt;&gt;</a>&nbsp;&nbsp;&nbsp;GPIO_Init
</UL>
<BR>[Called By]<UL><LI><a href="#[5b]">&gt;&gt;</a>&nbsp;&nbsp;&nbsp;main
</UL>

<P><STRONG><a name="[a0]"></a>byte_dot</STRONG> (Thumb, 112 bytes, Stack size 16 bytes, graphic.o(.text))
<BR><BR>[Stack]<UL><LI>Max Depth = 16<LI>Call Chain = byte_dot
</UL>
<BR>[Calls]<UL><LI><a href="#[a1]">&gt;&gt;</a>&nbsp;&nbsp;&nbsp;LCD_WriteData
</UL>
<BR>[Called By]<UL><LI><a href="#[c4]">&gt;&gt;</a>&nbsp;&nbsp;&nbsp;LCD_ShowChar2
<LI><a href="#[a2]">&gt;&gt;</a>&nbsp;&nbsp;&nbsp;LCD_ShowChar
</UL>

<P><STRONG><a name="[a2]"></a>LCD_ShowChar</STRONG> (Thumb, 134 bytes, Stack size 32 bytes, graphic.o(.text))
<BR><BR>[Stack]<UL><LI>Max Depth = 48<LI>Call Chain = LCD_ShowChar &rArr; byte_dot
</UL>
<BR>[Calls]<UL><LI><a href="#[a3]">&gt;&gt;</a>&nbsp;&nbsp;&nbsp;LCD_WindowMax
<LI><a href="#[a0]">&gt;&gt;</a>&nbsp;&nbsp;&nbsp;byte_dot
</UL>
<BR>[Called By]<UL><LI><a href="#[162]">&gt;&gt;</a>&nbsp;&nbsp;&nbsp;test_mode_nomal
<LI><a href="#[112]">&gt;&gt;</a>&nbsp;&nbsp;&nbsp;Set_voc_body
<LI><a href="#[cf]">&gt;&gt;</a>&nbsp;&nbsp;&nbsp;LCD_ShowString_buf
<LI><a href="#[cb]">&gt;&gt;</a>&nbsp;&nbsp;&nbsp;device_name_display
<LI><a href="#[a7]">&gt;&gt;</a>&nbsp;&nbsp;&nbsp;LCD_ShowString
<LI><a href="#[a6]">&gt;&gt;</a>&nbsp;&nbsp;&nbsp;LCD_ShowString_number
<LI><a href="#[a4]">&gt;&gt;</a>&nbsp;&nbsp;&nbsp;LCD_ColorNumber
</UL>

<P><STRONG><a name="[a5]"></a>mypow</STRONG> (Thumb, 22 bytes, Stack size 8 bytes, graphic.o(.text))
<BR><BR>[Stack]<UL><LI>Max Depth = 8<LI>Call Chain = mypow
</UL>
<BR>[Called By]<UL><LI><a href="#[df]">&gt;&gt;</a>&nbsp;&nbsp;&nbsp;LCD_ColorNumber2
<LI><a href="#[a6]">&gt;&gt;</a>&nbsp;&nbsp;&nbsp;LCD_ShowString_number
<LI><a href="#[a4]">&gt;&gt;</a>&nbsp;&nbsp;&nbsp;LCD_ColorNumber
</UL>

<P><STRONG><a name="[a4]"></a>LCD_ColorNumber</STRONG> (Thumb, 176 bytes, Stack size 56 bytes, graphic.o(.text))
<BR><BR>[Stack]<UL><LI>Max Depth = 104<LI>Call Chain = LCD_ColorNumber &rArr; LCD_ShowChar &rArr; byte_dot
</UL>
<BR>[Calls]<UL><LI><a href="#[a5]">&gt;&gt;</a>&nbsp;&nbsp;&nbsp;mypow
<LI><a href="#[a2]">&gt;&gt;</a>&nbsp;&nbsp;&nbsp;LCD_ShowChar
</UL>
<BR>[Called By]<UL><LI><a href="#[162]">&gt;&gt;</a>&nbsp;&nbsp;&nbsp;test_mode_nomal
<LI><a href="#[145]">&gt;&gt;</a>&nbsp;&nbsp;&nbsp;lcd_valseting_first
<LI><a href="#[138]">&gt;&gt;</a>&nbsp;&nbsp;&nbsp;lcd_valseting_data
<LI><a href="#[137]">&gt;&gt;</a>&nbsp;&nbsp;&nbsp;lcd_ext_temp_data
<LI><a href="#[127]">&gt;&gt;</a>&nbsp;&nbsp;&nbsp;Set_line_dis
<LI><a href="#[122]">&gt;&gt;</a>&nbsp;&nbsp;&nbsp;Set_line_dis2
<LI><a href="#[11d]">&gt;&gt;</a>&nbsp;&nbsp;&nbsp;lcd_timedate_first
<LI><a href="#[10d]">&gt;&gt;</a>&nbsp;&nbsp;&nbsp;lcd_timedate_data
<LI><a href="#[109]">&gt;&gt;</a>&nbsp;&nbsp;&nbsp;main_log_display
<LI><a href="#[104]">&gt;&gt;</a>&nbsp;&nbsp;&nbsp;lcd_voc_data
<LI><a href="#[101]">&gt;&gt;</a>&nbsp;&nbsp;&nbsp;lcd_voc_dis
<LI><a href="#[e1]">&gt;&gt;</a>&nbsp;&nbsp;&nbsp;select_cal_data
<LI><a href="#[d2]">&gt;&gt;</a>&nbsp;&nbsp;&nbsp;alarm_line_dis
<LI><a href="#[ac]">&gt;&gt;</a>&nbsp;&nbsp;&nbsp;data_sett_num_display
<LI><a href="#[a8]">&gt;&gt;</a>&nbsp;&nbsp;&nbsp;lcd_left_data_display
</UL>

<P><STRONG><a name="[a6]"></a>LCD_ShowString_number</STRONG> (Thumb, 116 bytes, Stack size 56 bytes, graphic.o(.text))
<BR><BR>[Stack]<UL><LI>Max Depth = 104<LI>Call Chain = LCD_ShowString_number &rArr; LCD_ShowChar &rArr; byte_dot
</UL>
<BR>[Calls]<UL><LI><a href="#[a5]">&gt;&gt;</a>&nbsp;&nbsp;&nbsp;mypow
<LI><a href="#[a2]">&gt;&gt;</a>&nbsp;&nbsp;&nbsp;LCD_ShowChar
</UL>
<BR>[Called By]<UL><LI><a href="#[162]">&gt;&gt;</a>&nbsp;&nbsp;&nbsp;test_mode_nomal
<LI><a href="#[147]">&gt;&gt;</a>&nbsp;&nbsp;&nbsp;LCD_Alam_Message
<LI><a href="#[12e]">&gt;&gt;</a>&nbsp;&nbsp;&nbsp;LCD_Graph_time
<LI><a href="#[127]">&gt;&gt;</a>&nbsp;&nbsp;&nbsp;Set_line_dis
<LI><a href="#[122]">&gt;&gt;</a>&nbsp;&nbsp;&nbsp;Set_line_dis2
<LI><a href="#[109]">&gt;&gt;</a>&nbsp;&nbsp;&nbsp;main_log_display
<LI><a href="#[101]">&gt;&gt;</a>&nbsp;&nbsp;&nbsp;lcd_voc_dis
<LI><a href="#[f8]">&gt;&gt;</a>&nbsp;&nbsp;&nbsp;pressure_set_first
<LI><a href="#[e0]">&gt;&gt;</a>&nbsp;&nbsp;&nbsp;pressure_set_data
<LI><a href="#[d2]">&gt;&gt;</a>&nbsp;&nbsp;&nbsp;alarm_line_dis
<LI><a href="#[a8]">&gt;&gt;</a>&nbsp;&nbsp;&nbsp;lcd_left_data_display
</UL>

<P><STRONG><a name="[a7]"></a>LCD_ShowString</STRONG> (Thumb, 52 bytes, Stack size 32 bytes, graphic.o(.text))
<BR><BR>[Stack]<UL><LI>Max Depth = 80<LI>Call Chain = LCD_ShowString &rArr; LCD_ShowChar &rArr; byte_dot
</UL>
<BR>[Calls]<UL><LI><a href="#[a2]">&gt;&gt;</a>&nbsp;&nbsp;&nbsp;LCD_ShowChar
</UL>
<BR>[Called By]<UL><LI><a href="#[162]">&gt;&gt;</a>&nbsp;&nbsp;&nbsp;test_mode_nomal
<LI><a href="#[155]">&gt;&gt;</a>&nbsp;&nbsp;&nbsp;LCD_popup_icon
<LI><a href="#[148]">&gt;&gt;</a>&nbsp;&nbsp;&nbsp;LCD_first_Alam_Message
<LI><a href="#[147]">&gt;&gt;</a>&nbsp;&nbsp;&nbsp;LCD_Alam_Message
<LI><a href="#[143]">&gt;&gt;</a>&nbsp;&nbsp;&nbsp;lcd_ext_temp_first
<LI><a href="#[140]">&gt;&gt;</a>&nbsp;&nbsp;&nbsp;Set_time_body
<LI><a href="#[13f]">&gt;&gt;</a>&nbsp;&nbsp;&nbsp;lcd_calib_first
<LI><a href="#[139]">&gt;&gt;</a>&nbsp;&nbsp;&nbsp;Set_time_body2
<LI><a href="#[133]">&gt;&gt;</a>&nbsp;&nbsp;&nbsp;LCD_Graph_axis
<LI><a href="#[12e]">&gt;&gt;</a>&nbsp;&nbsp;&nbsp;LCD_Graph_time
<LI><a href="#[127]">&gt;&gt;</a>&nbsp;&nbsp;&nbsp;Set_line_dis
<LI><a href="#[126]">&gt;&gt;</a>&nbsp;&nbsp;&nbsp;lcd_calib_data
<LI><a href="#[122]">&gt;&gt;</a>&nbsp;&nbsp;&nbsp;Set_line_dis2
<LI><a href="#[11d]">&gt;&gt;</a>&nbsp;&nbsp;&nbsp;lcd_timedate_first
<LI><a href="#[11a]">&gt;&gt;</a>&nbsp;&nbsp;&nbsp;Set_alarm_body
<LI><a href="#[119]">&gt;&gt;</a>&nbsp;&nbsp;&nbsp;lcd_log_first
<LI><a href="#[118]">&gt;&gt;</a>&nbsp;&nbsp;&nbsp;Set_log_body
<LI><a href="#[112]">&gt;&gt;</a>&nbsp;&nbsp;&nbsp;Set_voc_body
<LI><a href="#[109]">&gt;&gt;</a>&nbsp;&nbsp;&nbsp;main_log_display
<LI><a href="#[106]">&gt;&gt;</a>&nbsp;&nbsp;&nbsp;usb_out_sta_display
<LI><a href="#[101]">&gt;&gt;</a>&nbsp;&nbsp;&nbsp;lcd_voc_dis
<LI><a href="#[fd]">&gt;&gt;</a>&nbsp;&nbsp;&nbsp;work_time_first
<LI><a href="#[f8]">&gt;&gt;</a>&nbsp;&nbsp;&nbsp;pressure_set_first
<LI><a href="#[e7]">&gt;&gt;</a>&nbsp;&nbsp;&nbsp;ext_temp_cal_data
<LI><a href="#[e1]">&gt;&gt;</a>&nbsp;&nbsp;&nbsp;select_cal_data
<LI><a href="#[de]">&gt;&gt;</a>&nbsp;&nbsp;&nbsp;password_data
<LI><a href="#[d7]">&gt;&gt;</a>&nbsp;&nbsp;&nbsp;Set_log_body2
<LI><a href="#[d2]">&gt;&gt;</a>&nbsp;&nbsp;&nbsp;alarm_line_dis
<LI><a href="#[cd]">&gt;&gt;</a>&nbsp;&nbsp;&nbsp;device_set_first
<LI><a href="#[bf]">&gt;&gt;</a>&nbsp;&nbsp;&nbsp;LCD_left_data
<LI><a href="#[bb]">&gt;&gt;</a>&nbsp;&nbsp;&nbsp;box_module
<LI><a href="#[aa]">&gt;&gt;</a>&nbsp;&nbsp;&nbsp;gas2_sett_selector
<LI><a href="#[a8]">&gt;&gt;</a>&nbsp;&nbsp;&nbsp;lcd_left_data_display
</UL>

<P><STRONG><a name="[a9]"></a>font_size_select</STRONG> (Thumb, 38 bytes, Stack size 0 bytes, graphic.o(.text))
<BR><BR>[Called By]<UL><LI><a href="#[16e]">&gt;&gt;</a>&nbsp;&nbsp;&nbsp;LCD_test
<LI><a href="#[162]">&gt;&gt;</a>&nbsp;&nbsp;&nbsp;test_mode_nomal
<LI><a href="#[160]">&gt;&gt;</a>&nbsp;&nbsp;&nbsp;lcd_main
<LI><a href="#[15f]">&gt;&gt;</a>&nbsp;&nbsp;&nbsp;LCD_first
<LI><a href="#[153]">&gt;&gt;</a>&nbsp;&nbsp;&nbsp;LCD_air_data
<LI><a href="#[150]">&gt;&gt;</a>&nbsp;&nbsp;&nbsp;LCD_air_data2
<LI><a href="#[14a]">&gt;&gt;</a>&nbsp;&nbsp;&nbsp;LCD_all_temp_icon
<LI><a href="#[148]">&gt;&gt;</a>&nbsp;&nbsp;&nbsp;LCD_first_Alam_Message
<LI><a href="#[147]">&gt;&gt;</a>&nbsp;&nbsp;&nbsp;LCD_Alam_Message
<LI><a href="#[146]">&gt;&gt;</a>&nbsp;&nbsp;&nbsp;lcd_setting
<LI><a href="#[145]">&gt;&gt;</a>&nbsp;&nbsp;&nbsp;lcd_valseting_first
<LI><a href="#[140]">&gt;&gt;</a>&nbsp;&nbsp;&nbsp;Set_time_body
<LI><a href="#[13f]">&gt;&gt;</a>&nbsp;&nbsp;&nbsp;lcd_calib_first
<LI><a href="#[139]">&gt;&gt;</a>&nbsp;&nbsp;&nbsp;Set_time_body2
<LI><a href="#[133]">&gt;&gt;</a>&nbsp;&nbsp;&nbsp;LCD_Graph_axis
<LI><a href="#[128]">&gt;&gt;</a>&nbsp;&nbsp;&nbsp;Set_time_data
<LI><a href="#[126]">&gt;&gt;</a>&nbsp;&nbsp;&nbsp;lcd_calib_data
<LI><a href="#[123]">&gt;&gt;</a>&nbsp;&nbsp;&nbsp;Set_time_data2
<LI><a href="#[121]">&gt;&gt;</a>&nbsp;&nbsp;&nbsp;LCD_small_cham
<LI><a href="#[11e]">&gt;&gt;</a>&nbsp;&nbsp;&nbsp;lcd_setting2
<LI><a href="#[11d]">&gt;&gt;</a>&nbsp;&nbsp;&nbsp;lcd_timedate_first
<LI><a href="#[11a]">&gt;&gt;</a>&nbsp;&nbsp;&nbsp;Set_alarm_body
<LI><a href="#[119]">&gt;&gt;</a>&nbsp;&nbsp;&nbsp;lcd_log_first
<LI><a href="#[118]">&gt;&gt;</a>&nbsp;&nbsp;&nbsp;Set_log_body
<LI><a href="#[116]">&gt;&gt;</a>&nbsp;&nbsp;&nbsp;LCD_select_icon2
<LI><a href="#[112]">&gt;&gt;</a>&nbsp;&nbsp;&nbsp;Set_voc_body
<LI><a href="#[10a]">&gt;&gt;</a>&nbsp;&nbsp;&nbsp;lcd_log_data
<LI><a href="#[104]">&gt;&gt;</a>&nbsp;&nbsp;&nbsp;lcd_voc_data
<LI><a href="#[103]">&gt;&gt;</a>&nbsp;&nbsp;&nbsp;voc_change_icon
<LI><a href="#[101]">&gt;&gt;</a>&nbsp;&nbsp;&nbsp;lcd_voc_dis
<LI><a href="#[100]">&gt;&gt;</a>&nbsp;&nbsp;&nbsp;lcd_setting3
<LI><a href="#[ff]">&gt;&gt;</a>&nbsp;&nbsp;&nbsp;new_co2_first
<LI><a href="#[fe]">&gt;&gt;</a>&nbsp;&nbsp;&nbsp;new_o2_first
<LI><a href="#[fd]">&gt;&gt;</a>&nbsp;&nbsp;&nbsp;work_time_first
<LI><a href="#[fc]">&gt;&gt;</a>&nbsp;&nbsp;&nbsp;wet_mode_first
<LI><a href="#[fa]">&gt;&gt;</a>&nbsp;&nbsp;&nbsp;chameber_no_set_dis
<LI><a href="#[f8]">&gt;&gt;</a>&nbsp;&nbsp;&nbsp;pressure_set_first
<LI><a href="#[f7]">&gt;&gt;</a>&nbsp;&nbsp;&nbsp;LCD_select_icon3
<LI><a href="#[f0]">&gt;&gt;</a>&nbsp;&nbsp;&nbsp;password_first
<LI><a href="#[e8]">&gt;&gt;</a>&nbsp;&nbsp;&nbsp;chameber_no_set_data
<LI><a href="#[e7]">&gt;&gt;</a>&nbsp;&nbsp;&nbsp;ext_temp_cal_data
<LI><a href="#[e6]">&gt;&gt;</a>&nbsp;&nbsp;&nbsp;selsect_cal_mode
<LI><a href="#[e0]">&gt;&gt;</a>&nbsp;&nbsp;&nbsp;pressure_set_data
<LI><a href="#[d9]">&gt;&gt;</a>&nbsp;&nbsp;&nbsp;lcd_setting4
<LI><a href="#[d7]">&gt;&gt;</a>&nbsp;&nbsp;&nbsp;Set_log_body2
<LI><a href="#[d2]">&gt;&gt;</a>&nbsp;&nbsp;&nbsp;alarm_line_dis
<LI><a href="#[ce]">&gt;&gt;</a>&nbsp;&nbsp;&nbsp;lcd_setting5
<LI><a href="#[cd]">&gt;&gt;</a>&nbsp;&nbsp;&nbsp;device_set_first
<LI><a href="#[cb]">&gt;&gt;</a>&nbsp;&nbsp;&nbsp;device_name_display
<LI><a href="#[ca]">&gt;&gt;</a>&nbsp;&nbsp;&nbsp;LCD_KEYPAD
<LI><a href="#[c7]">&gt;&gt;</a>&nbsp;&nbsp;&nbsp;LCD_small_off_icon_string
<LI><a href="#[c2]">&gt;&gt;</a>&nbsp;&nbsp;&nbsp;lcd_setting6
<LI><a href="#[c1]">&gt;&gt;</a>&nbsp;&nbsp;&nbsp;gas1_set_first
<LI><a href="#[c0]">&gt;&gt;</a>&nbsp;&nbsp;&nbsp;gas2_set_first
<LI><a href="#[bf]">&gt;&gt;</a>&nbsp;&nbsp;&nbsp;LCD_left_data
<LI><a href="#[af]">&gt;&gt;</a>&nbsp;&nbsp;&nbsp;gas1_set_data
<LI><a href="#[ae]">&gt;&gt;</a>&nbsp;&nbsp;&nbsp;gas2_set_data
<LI><a href="#[a8]">&gt;&gt;</a>&nbsp;&nbsp;&nbsp;lcd_left_data_display
</UL>

<P><STRONG><a name="[a8]"></a>lcd_left_data_display</STRONG> (Thumb, 570 bytes, Stack size 16 bytes, graphic.o(.text))
<BR><BR>[Stack]<UL><LI>Max Depth = 120<LI>Call Chain = lcd_left_data_display &rArr; LCD_ShowString_number &rArr; LCD_ShowChar &rArr; byte_dot
</UL>
<BR>[Calls]<UL><LI><a href="#[a9]">&gt;&gt;</a>&nbsp;&nbsp;&nbsp;font_size_select
<LI><a href="#[a7]">&gt;&gt;</a>&nbsp;&nbsp;&nbsp;LCD_ShowString
<LI><a href="#[a6]">&gt;&gt;</a>&nbsp;&nbsp;&nbsp;LCD_ShowString_number
<LI><a href="#[a4]">&gt;&gt;</a>&nbsp;&nbsp;&nbsp;LCD_ColorNumber
</UL>
<BR>[Called By]<UL><LI><a href="#[90]">&gt;&gt;</a>&nbsp;&nbsp;&nbsp;LCD_Display
</UL>

<P><STRONG><a name="[aa]"></a>gas2_sett_selector</STRONG> (Thumb, 170 bytes, Stack size 16 bytes, graphic.o(.text))
<BR><BR>[Stack]<UL><LI>Max Depth = 96<LI>Call Chain = gas2_sett_selector &rArr; LCD_ShowString &rArr; LCD_ShowChar &rArr; byte_dot
</UL>
<BR>[Calls]<UL><LI><a href="#[ab]">&gt;&gt;</a>&nbsp;&nbsp;&nbsp;LCD_DrawPicture
<LI><a href="#[a7]">&gt;&gt;</a>&nbsp;&nbsp;&nbsp;LCD_ShowString
</UL>
<BR>[Called By]<UL><LI><a href="#[c0]">&gt;&gt;</a>&nbsp;&nbsp;&nbsp;gas2_set_first
<LI><a href="#[ae]">&gt;&gt;</a>&nbsp;&nbsp;&nbsp;gas2_set_data
</UL>

<P><STRONG><a name="[ac]"></a>data_sett_num_display</STRONG> (Thumb, 258 bytes, Stack size 32 bytes, graphic.o(.text))
<BR><BR>[Stack]<UL><LI>Max Depth = 136<LI>Call Chain = data_sett_num_display &rArr; LCD_ColorNumber &rArr; LCD_ShowChar &rArr; byte_dot
</UL>
<BR>[Calls]<UL><LI><a href="#[ad]">&gt;&gt;</a>&nbsp;&nbsp;&nbsp;LCD_Fill
<LI><a href="#[a4]">&gt;&gt;</a>&nbsp;&nbsp;&nbsp;LCD_ColorNumber
</UL>
<BR>[Called By]<UL><LI><a href="#[af]">&gt;&gt;</a>&nbsp;&nbsp;&nbsp;gas1_set_data
<LI><a href="#[ae]">&gt;&gt;</a>&nbsp;&nbsp;&nbsp;gas2_set_data
</UL>

<P><STRONG><a name="[ae]"></a>gas2_set_data</STRONG> (Thumb, 112 bytes, Stack size 8 bytes, graphic.o(.text))
<BR><BR>[Stack]<UL><LI>Max Depth = 144<LI>Call Chain = gas2_set_data &rArr; data_sett_num_display &rArr; LCD_ColorNumber &rArr; LCD_ShowChar &rArr; byte_dot
</UL>
<BR>[Calls]<UL><LI><a href="#[ac]">&gt;&gt;</a>&nbsp;&nbsp;&nbsp;data_sett_num_display
<LI><a href="#[aa]">&gt;&gt;</a>&nbsp;&nbsp;&nbsp;gas2_sett_selector
<LI><a href="#[a9]">&gt;&gt;</a>&nbsp;&nbsp;&nbsp;font_size_select
</UL>
<BR>[Called By]<UL><LI><a href="#[c2]">&gt;&gt;</a>&nbsp;&nbsp;&nbsp;lcd_setting6
</UL>

<P><STRONG><a name="[af]"></a>gas1_set_data</STRONG> (Thumb, 104 bytes, Stack size 8 bytes, graphic.o(.text))
<BR><BR>[Stack]<UL><LI>Max Depth = 144<LI>Call Chain = gas1_set_data &rArr; data_sett_num_display &rArr; LCD_ColorNumber &rArr; LCD_ShowChar &rArr; byte_dot
</UL>
<BR>[Calls]<UL><LI><a href="#[ac]">&gt;&gt;</a>&nbsp;&nbsp;&nbsp;data_sett_num_display
<LI><a href="#[a9]">&gt;&gt;</a>&nbsp;&nbsp;&nbsp;font_size_select
</UL>
<BR>[Called By]<UL><LI><a href="#[c2]">&gt;&gt;</a>&nbsp;&nbsp;&nbsp;lcd_setting6
</UL>

<P><STRONG><a name="[b0]"></a>LCD_air_icon_a</STRONG> (Thumb, 84 bytes, Stack size 24 bytes, graphic.o(.text))
<BR><BR>[Stack]<UL><LI>Max Depth = 76<LI>Call Chain = LCD_air_icon_a &rArr; LCD_DrawPicture2 &rArr; LCD_WindowMax
</UL>
<BR>[Calls]<UL><LI><a href="#[b1]">&gt;&gt;</a>&nbsp;&nbsp;&nbsp;LCD_DrawPicture2
<LI><a href="#[ab]">&gt;&gt;</a>&nbsp;&nbsp;&nbsp;LCD_DrawPicture
</UL>
<BR>[Called By]<UL><LI><a href="#[154]">&gt;&gt;</a>&nbsp;&nbsp;&nbsp;LCD_air_icon
<LI><a href="#[14f]">&gt;&gt;</a>&nbsp;&nbsp;&nbsp;LCD_oil_icon
<LI><a href="#[14e]">&gt;&gt;</a>&nbsp;&nbsp;&nbsp;LCD_wet_icon
<LI><a href="#[14c]">&gt;&gt;</a>&nbsp;&nbsp;&nbsp;LCD_lock_icon
<LI><a href="#[fa]">&gt;&gt;</a>&nbsp;&nbsp;&nbsp;chameber_no_set_dis
<LI><a href="#[b2]">&gt;&gt;</a>&nbsp;&nbsp;&nbsp;LCD_data_save_icon
</UL>

<P><STRONG><a name="[b2]"></a>LCD_data_save_icon</STRONG> (Thumb, 80 bytes, Stack size 24 bytes, graphic.o(.text))
<BR><BR>[Stack]<UL><LI>Max Depth = 100<LI>Call Chain = LCD_data_save_icon &rArr; LCD_air_icon_a &rArr; LCD_DrawPicture2 &rArr; LCD_WindowMax
</UL>
<BR>[Calls]<UL><LI><a href="#[ab]">&gt;&gt;</a>&nbsp;&nbsp;&nbsp;LCD_DrawPicture
<LI><a href="#[b0]">&gt;&gt;</a>&nbsp;&nbsp;&nbsp;LCD_air_icon_a
</UL>
<BR>[Called By]<UL><LI><a href="#[156]">&gt;&gt;</a>&nbsp;&nbsp;&nbsp;LCD_save_mode_icon
<LI><a href="#[145]">&gt;&gt;</a>&nbsp;&nbsp;&nbsp;lcd_valseting_first
<LI><a href="#[13f]">&gt;&gt;</a>&nbsp;&nbsp;&nbsp;lcd_calib_first
<LI><a href="#[11d]">&gt;&gt;</a>&nbsp;&nbsp;&nbsp;lcd_timedate_first
<LI><a href="#[ff]">&gt;&gt;</a>&nbsp;&nbsp;&nbsp;new_co2_first
<LI><a href="#[fe]">&gt;&gt;</a>&nbsp;&nbsp;&nbsp;new_o2_first
<LI><a href="#[fd]">&gt;&gt;</a>&nbsp;&nbsp;&nbsp;work_time_first
<LI><a href="#[fc]">&gt;&gt;</a>&nbsp;&nbsp;&nbsp;wet_mode_first
<LI><a href="#[fb]">&gt;&gt;</a>&nbsp;&nbsp;&nbsp;cham_no_first
<LI><a href="#[f9]">&gt;&gt;</a>&nbsp;&nbsp;&nbsp;ext_temp_cal_first
<LI><a href="#[f8]">&gt;&gt;</a>&nbsp;&nbsp;&nbsp;pressure_set_first
<LI><a href="#[c1]">&gt;&gt;</a>&nbsp;&nbsp;&nbsp;gas1_set_first
<LI><a href="#[c0]">&gt;&gt;</a>&nbsp;&nbsp;&nbsp;gas2_set_first
</UL>

<P><STRONG><a name="[b3]"></a>LCD_set_tab_on_icon</STRONG> (Thumb, 168 bytes, Stack size 24 bytes, graphic.o(.text))
<BR><BR>[Stack]<UL><LI>Max Depth = 76<LI>Call Chain = LCD_set_tab_on_icon &rArr; LCD_DrawPicture2 &rArr; LCD_WindowMax
</UL>
<BR>[Calls]<UL><LI><a href="#[b1]">&gt;&gt;</a>&nbsp;&nbsp;&nbsp;LCD_DrawPicture2
<LI><a href="#[ab]">&gt;&gt;</a>&nbsp;&nbsp;&nbsp;LCD_DrawPicture
</UL>
<BR>[Called By]<UL><LI><a href="#[144]">&gt;&gt;</a>&nbsp;&nbsp;&nbsp;set_alltemp_set_icon
<LI><a href="#[13c]">&gt;&gt;</a>&nbsp;&nbsp;&nbsp;set_sel_icon_m3
<LI><a href="#[13b]">&gt;&gt;</a>&nbsp;&nbsp;&nbsp;set_sel_icon_m4
<LI><a href="#[13a]">&gt;&gt;</a>&nbsp;&nbsp;&nbsp;set_sel_icon_m5
<LI><a href="#[115]">&gt;&gt;</a>&nbsp;&nbsp;&nbsp;set_sel_icon_m0
<LI><a href="#[114]">&gt;&gt;</a>&nbsp;&nbsp;&nbsp;set_sel_icon_m1
<LI><a href="#[113]">&gt;&gt;</a>&nbsp;&nbsp;&nbsp;set_sel_icon_m2
<LI><a href="#[e5]">&gt;&gt;</a>&nbsp;&nbsp;&nbsp;set_calibration_on_icon
<LI><a href="#[e2]">&gt;&gt;</a>&nbsp;&nbsp;&nbsp;set_initial_on_icon
<LI><a href="#[b6]">&gt;&gt;</a>&nbsp;&nbsp;&nbsp;gas1_sel_menu
<LI><a href="#[b5]">&gt;&gt;</a>&nbsp;&nbsp;&nbsp;gas2_sel_menu
</UL>

<P><STRONG><a name="[b4]"></a>LCD_set_tab_off_icon</STRONG> (Thumb, 84 bytes, Stack size 24 bytes, graphic.o(.text))
<BR><BR>[Stack]<UL><LI>Max Depth = 76<LI>Call Chain = LCD_set_tab_off_icon &rArr; LCD_DrawPicture2 &rArr; LCD_WindowMax
</UL>
<BR>[Calls]<UL><LI><a href="#[b1]">&gt;&gt;</a>&nbsp;&nbsp;&nbsp;LCD_DrawPicture2
<LI><a href="#[ab]">&gt;&gt;</a>&nbsp;&nbsp;&nbsp;LCD_DrawPicture
</UL>
<BR>[Called By]<UL><LI><a href="#[13c]">&gt;&gt;</a>&nbsp;&nbsp;&nbsp;set_sel_icon_m3
<LI><a href="#[13b]">&gt;&gt;</a>&nbsp;&nbsp;&nbsp;set_sel_icon_m4
<LI><a href="#[13a]">&gt;&gt;</a>&nbsp;&nbsp;&nbsp;set_sel_icon_m5
<LI><a href="#[115]">&gt;&gt;</a>&nbsp;&nbsp;&nbsp;set_sel_icon_m0
<LI><a href="#[114]">&gt;&gt;</a>&nbsp;&nbsp;&nbsp;set_sel_icon_m1
<LI><a href="#[113]">&gt;&gt;</a>&nbsp;&nbsp;&nbsp;set_sel_icon_m2
<LI><a href="#[e4]">&gt;&gt;</a>&nbsp;&nbsp;&nbsp;set_initial_off_icon
<LI><a href="#[e3]">&gt;&gt;</a>&nbsp;&nbsp;&nbsp;set_calibration_off_icon
<LI><a href="#[b6]">&gt;&gt;</a>&nbsp;&nbsp;&nbsp;gas1_sel_menu
<LI><a href="#[b5]">&gt;&gt;</a>&nbsp;&nbsp;&nbsp;gas2_sel_menu
</UL>

<P><STRONG><a name="[b5]"></a>gas2_sel_menu</STRONG> (Thumb, 94 bytes, Stack size 24 bytes, graphic.o(.text))
<BR><BR>[Stack]<UL><LI>Max Depth = 100<LI>Call Chain = gas2_sel_menu &rArr; LCD_set_tab_off_icon &rArr; LCD_DrawPicture2 &rArr; LCD_WindowMax
</UL>
<BR>[Calls]<UL><LI><a href="#[ab]">&gt;&gt;</a>&nbsp;&nbsp;&nbsp;LCD_DrawPicture
<LI><a href="#[b4]">&gt;&gt;</a>&nbsp;&nbsp;&nbsp;LCD_set_tab_off_icon
<LI><a href="#[b3]">&gt;&gt;</a>&nbsp;&nbsp;&nbsp;LCD_set_tab_on_icon
</UL>
<BR>[Called By]<UL><LI><a href="#[b7]">&gt;&gt;</a>&nbsp;&nbsp;&nbsp;gas_sel_selector
</UL>

<P><STRONG><a name="[b6]"></a>gas1_sel_menu</STRONG> (Thumb, 94 bytes, Stack size 24 bytes, graphic.o(.text))
<BR><BR>[Stack]<UL><LI>Max Depth = 100<LI>Call Chain = gas1_sel_menu &rArr; LCD_set_tab_off_icon &rArr; LCD_DrawPicture2 &rArr; LCD_WindowMax
</UL>
<BR>[Calls]<UL><LI><a href="#[ab]">&gt;&gt;</a>&nbsp;&nbsp;&nbsp;LCD_DrawPicture
<LI><a href="#[b4]">&gt;&gt;</a>&nbsp;&nbsp;&nbsp;LCD_set_tab_off_icon
<LI><a href="#[b3]">&gt;&gt;</a>&nbsp;&nbsp;&nbsp;LCD_set_tab_on_icon
</UL>
<BR>[Called By]<UL><LI><a href="#[b7]">&gt;&gt;</a>&nbsp;&nbsp;&nbsp;gas_sel_selector
</UL>

<P><STRONG><a name="[b7]"></a>gas_sel_selector</STRONG> (Thumb, 50 bytes, Stack size 8 bytes, graphic.o(.text))
<BR><BR>[Stack]<UL><LI>Max Depth = 108<LI>Call Chain = gas_sel_selector &rArr; gas1_sel_menu &rArr; LCD_set_tab_off_icon &rArr; LCD_DrawPicture2 &rArr; LCD_WindowMax
</UL>
<BR>[Calls]<UL><LI><a href="#[b6]">&gt;&gt;</a>&nbsp;&nbsp;&nbsp;gas1_sel_menu
<LI><a href="#[b5]">&gt;&gt;</a>&nbsp;&nbsp;&nbsp;gas2_sel_menu
</UL>
<BR>[Called By]<UL><LI><a href="#[c1]">&gt;&gt;</a>&nbsp;&nbsp;&nbsp;gas1_set_first
<LI><a href="#[c0]">&gt;&gt;</a>&nbsp;&nbsp;&nbsp;gas2_set_first
</UL>

<P><STRONG><a name="[b8]"></a>box_data</STRONG> (Thumb, 114 bytes, Stack size 16 bytes, graphic.o(.text))
<BR><BR>[Stack]<UL><LI>Max Depth = 56<LI>Call Chain = box_data &rArr; LCD_Fill &rArr; LCD_WindowMax
</UL>
<BR>[Calls]<UL><LI><a href="#[ad]">&gt;&gt;</a>&nbsp;&nbsp;&nbsp;LCD_Fill
</UL>
<BR>[Called By]<UL><LI><a href="#[bb]">&gt;&gt;</a>&nbsp;&nbsp;&nbsp;box_module
</UL>

<P><STRONG><a name="[b9]"></a>LCD_data_dec_icon</STRONG> (Thumb, 116 bytes, Stack size 24 bytes, graphic.o(.text))
<BR><BR>[Stack]<UL><LI>Max Depth = 76<LI>Call Chain = LCD_data_dec_icon &rArr; LCD_DrawPicture2 &rArr; LCD_WindowMax
</UL>
<BR>[Calls]<UL><LI><a href="#[b1]">&gt;&gt;</a>&nbsp;&nbsp;&nbsp;LCD_DrawPicture2
<LI><a href="#[ab]">&gt;&gt;</a>&nbsp;&nbsp;&nbsp;LCD_DrawPicture
</UL>
<BR>[Called By]<UL><LI><a href="#[156]">&gt;&gt;</a>&nbsp;&nbsp;&nbsp;LCD_save_mode_icon
<LI><a href="#[145]">&gt;&gt;</a>&nbsp;&nbsp;&nbsp;lcd_valseting_first
<LI><a href="#[13f]">&gt;&gt;</a>&nbsp;&nbsp;&nbsp;lcd_calib_first
<LI><a href="#[f9]">&gt;&gt;</a>&nbsp;&nbsp;&nbsp;ext_temp_cal_first
<LI><a href="#[bb]">&gt;&gt;</a>&nbsp;&nbsp;&nbsp;box_module
</UL>

<P><STRONG><a name="[ba]"></a>LCD_data_inc_icon</STRONG> (Thumb, 116 bytes, Stack size 24 bytes, graphic.o(.text))
<BR><BR>[Stack]<UL><LI>Max Depth = 76<LI>Call Chain = LCD_data_inc_icon &rArr; LCD_DrawPicture2 &rArr; LCD_WindowMax
</UL>
<BR>[Calls]<UL><LI><a href="#[b1]">&gt;&gt;</a>&nbsp;&nbsp;&nbsp;LCD_DrawPicture2
<LI><a href="#[ab]">&gt;&gt;</a>&nbsp;&nbsp;&nbsp;LCD_DrawPicture
</UL>
<BR>[Called By]<UL><LI><a href="#[156]">&gt;&gt;</a>&nbsp;&nbsp;&nbsp;LCD_save_mode_icon
<LI><a href="#[145]">&gt;&gt;</a>&nbsp;&nbsp;&nbsp;lcd_valseting_first
<LI><a href="#[13f]">&gt;&gt;</a>&nbsp;&nbsp;&nbsp;lcd_calib_first
<LI><a href="#[f9]">&gt;&gt;</a>&nbsp;&nbsp;&nbsp;ext_temp_cal_first
<LI><a href="#[bb]">&gt;&gt;</a>&nbsp;&nbsp;&nbsp;box_module
</UL>

<P><STRONG><a name="[bb]"></a>box_module</STRONG> (Thumb, 96 bytes, Stack size 24 bytes, graphic.o(.text))
<BR><BR>[Stack]<UL><LI>Max Depth = 104<LI>Call Chain = box_module &rArr; LCD_ShowString &rArr; LCD_ShowChar &rArr; byte_dot
</UL>
<BR>[Calls]<UL><LI><a href="#[ba]">&gt;&gt;</a>&nbsp;&nbsp;&nbsp;LCD_data_inc_icon
<LI><a href="#[b9]">&gt;&gt;</a>&nbsp;&nbsp;&nbsp;LCD_data_dec_icon
<LI><a href="#[b8]">&gt;&gt;</a>&nbsp;&nbsp;&nbsp;box_data
<LI><a href="#[a7]">&gt;&gt;</a>&nbsp;&nbsp;&nbsp;LCD_ShowString
</UL>
<BR>[Called By]<UL><LI><a href="#[c1]">&gt;&gt;</a>&nbsp;&nbsp;&nbsp;gas1_set_first
<LI><a href="#[c0]">&gt;&gt;</a>&nbsp;&nbsp;&nbsp;gas2_set_first
</UL>

<P><STRONG><a name="[bc]"></a>LCD_cnc_icon</STRONG> (Thumb, 32 bytes, Stack size 24 bytes, graphic.o(.text))
<BR><BR>[Stack]<UL><LI>Max Depth = 68<LI>Call Chain = LCD_cnc_icon &rArr; LCD_DrawPicture &rArr; LCD_WindowMax
</UL>
<BR>[Calls]<UL><LI><a href="#[ab]">&gt;&gt;</a>&nbsp;&nbsp;&nbsp;LCD_DrawPicture
</UL>
<BR>[Called By]<UL><LI><a href="#[bf]">&gt;&gt;</a>&nbsp;&nbsp;&nbsp;LCD_left_data
</UL>

<P><STRONG><a name="[bd]"></a>LCD_set_icon</STRONG> (Thumb, 84 bytes, Stack size 24 bytes, graphic.o(.text))
<BR><BR>[Stack]<UL><LI>Max Depth = 76<LI>Call Chain = LCD_set_icon &rArr; LCD_DrawPicture2 &rArr; LCD_WindowMax
</UL>
<BR>[Calls]<UL><LI><a href="#[b1]">&gt;&gt;</a>&nbsp;&nbsp;&nbsp;LCD_DrawPicture2
<LI><a href="#[ab]">&gt;&gt;</a>&nbsp;&nbsp;&nbsp;LCD_DrawPicture
</UL>
<BR>[Called By]<UL><LI><a href="#[be]">&gt;&gt;</a>&nbsp;&nbsp;&nbsp;LCD_set_mode_icon
</UL>

<P><STRONG><a name="[be]"></a>LCD_set_mode_icon</STRONG> (Thumb, 262 bytes, Stack size 24 bytes, graphic.o(.text))
<BR><BR>[Stack]<UL><LI>Max Depth = 100<LI>Call Chain = LCD_set_mode_icon &rArr; LCD_set_icon &rArr; LCD_DrawPicture2 &rArr; LCD_WindowMax
</UL>
<BR>[Calls]<UL><LI><a href="#[ab]">&gt;&gt;</a>&nbsp;&nbsp;&nbsp;LCD_DrawPicture
<LI><a href="#[bd]">&gt;&gt;</a>&nbsp;&nbsp;&nbsp;LCD_set_icon
</UL>
<BR>[Called By]<UL><LI><a href="#[bf]">&gt;&gt;</a>&nbsp;&nbsp;&nbsp;LCD_left_data
</UL>

<P><STRONG><a name="[bf]"></a>LCD_left_data</STRONG> (Thumb, 186 bytes, Stack size 8 bytes, graphic.o(.text))
<BR><BR>[Stack]<UL><LI>Max Depth = 108<LI>Call Chain = LCD_left_data &rArr; LCD_set_mode_icon &rArr; LCD_set_icon &rArr; LCD_DrawPicture2 &rArr; LCD_WindowMax
</UL>
<BR>[Calls]<UL><LI><a href="#[ad]">&gt;&gt;</a>&nbsp;&nbsp;&nbsp;LCD_Fill
<LI><a href="#[be]">&gt;&gt;</a>&nbsp;&nbsp;&nbsp;LCD_set_mode_icon
<LI><a href="#[bc]">&gt;&gt;</a>&nbsp;&nbsp;&nbsp;LCD_cnc_icon
<LI><a href="#[a9]">&gt;&gt;</a>&nbsp;&nbsp;&nbsp;font_size_select
<LI><a href="#[a7]">&gt;&gt;</a>&nbsp;&nbsp;&nbsp;LCD_ShowString
</UL>
<BR>[Called By]<UL><LI><a href="#[15f]">&gt;&gt;</a>&nbsp;&nbsp;&nbsp;LCD_first
<LI><a href="#[145]">&gt;&gt;</a>&nbsp;&nbsp;&nbsp;lcd_valseting_first
<LI><a href="#[142]">&gt;&gt;</a>&nbsp;&nbsp;&nbsp;lcd_graph_first
<LI><a href="#[141]">&gt;&gt;</a>&nbsp;&nbsp;&nbsp;lcd_history_first
<LI><a href="#[13f]">&gt;&gt;</a>&nbsp;&nbsp;&nbsp;lcd_calib_first
<LI><a href="#[13e]">&gt;&gt;</a>&nbsp;&nbsp;&nbsp;lcd_templog_first
<LI><a href="#[11d]">&gt;&gt;</a>&nbsp;&nbsp;&nbsp;lcd_timedate_first
<LI><a href="#[11b]">&gt;&gt;</a>&nbsp;&nbsp;&nbsp;lcd_alarm_set_first
<LI><a href="#[119]">&gt;&gt;</a>&nbsp;&nbsp;&nbsp;lcd_log_first
<LI><a href="#[117]">&gt;&gt;</a>&nbsp;&nbsp;&nbsp;lcd_voc_first
<LI><a href="#[ff]">&gt;&gt;</a>&nbsp;&nbsp;&nbsp;new_co2_first
<LI><a href="#[fe]">&gt;&gt;</a>&nbsp;&nbsp;&nbsp;new_o2_first
<LI><a href="#[fd]">&gt;&gt;</a>&nbsp;&nbsp;&nbsp;work_time_first
<LI><a href="#[fc]">&gt;&gt;</a>&nbsp;&nbsp;&nbsp;wet_mode_first
<LI><a href="#[fb]">&gt;&gt;</a>&nbsp;&nbsp;&nbsp;cham_no_first
<LI><a href="#[f9]">&gt;&gt;</a>&nbsp;&nbsp;&nbsp;ext_temp_cal_first
<LI><a href="#[f8]">&gt;&gt;</a>&nbsp;&nbsp;&nbsp;pressure_set_first
<LI><a href="#[f0]">&gt;&gt;</a>&nbsp;&nbsp;&nbsp;password_first
<LI><a href="#[d8]">&gt;&gt;</a>&nbsp;&nbsp;&nbsp;alarm_list_first
<LI><a href="#[cd]">&gt;&gt;</a>&nbsp;&nbsp;&nbsp;device_set_first
<LI><a href="#[c1]">&gt;&gt;</a>&nbsp;&nbsp;&nbsp;gas1_set_first
<LI><a href="#[c0]">&gt;&gt;</a>&nbsp;&nbsp;&nbsp;gas2_set_first
</UL>

<P><STRONG><a name="[c0]"></a>gas2_set_first</STRONG> (Thumb, 198 bytes, Stack size 8 bytes, graphic.o(.text))
<BR><BR>[Stack]<UL><LI>Max Depth = 116<LI>Call Chain = gas2_set_first &rArr; LCD_left_data &rArr; LCD_set_mode_icon &rArr; LCD_set_icon &rArr; LCD_DrawPicture2 &rArr; LCD_WindowMax
</UL>
<BR>[Calls]<UL><LI><a href="#[ad]">&gt;&gt;</a>&nbsp;&nbsp;&nbsp;LCD_Fill
<LI><a href="#[bf]">&gt;&gt;</a>&nbsp;&nbsp;&nbsp;LCD_left_data
<LI><a href="#[bb]">&gt;&gt;</a>&nbsp;&nbsp;&nbsp;box_module
<LI><a href="#[b7]">&gt;&gt;</a>&nbsp;&nbsp;&nbsp;gas_sel_selector
<LI><a href="#[b2]">&gt;&gt;</a>&nbsp;&nbsp;&nbsp;LCD_data_save_icon
<LI><a href="#[aa]">&gt;&gt;</a>&nbsp;&nbsp;&nbsp;gas2_sett_selector
<LI><a href="#[a9]">&gt;&gt;</a>&nbsp;&nbsp;&nbsp;font_size_select
</UL>
<BR>[Called By]<UL><LI><a href="#[c2]">&gt;&gt;</a>&nbsp;&nbsp;&nbsp;lcd_setting6
</UL>

<P><STRONG><a name="[c1]"></a>gas1_set_first</STRONG> (Thumb, 188 bytes, Stack size 8 bytes, graphic.o(.text))
<BR><BR>[Stack]<UL><LI>Max Depth = 116<LI>Call Chain = gas1_set_first &rArr; LCD_left_data &rArr; LCD_set_mode_icon &rArr; LCD_set_icon &rArr; LCD_DrawPicture2 &rArr; LCD_WindowMax
</UL>
<BR>[Calls]<UL><LI><a href="#[ad]">&gt;&gt;</a>&nbsp;&nbsp;&nbsp;LCD_Fill
<LI><a href="#[bf]">&gt;&gt;</a>&nbsp;&nbsp;&nbsp;LCD_left_data
<LI><a href="#[bb]">&gt;&gt;</a>&nbsp;&nbsp;&nbsp;box_module
<LI><a href="#[b7]">&gt;&gt;</a>&nbsp;&nbsp;&nbsp;gas_sel_selector
<LI><a href="#[b2]">&gt;&gt;</a>&nbsp;&nbsp;&nbsp;LCD_data_save_icon
<LI><a href="#[a9]">&gt;&gt;</a>&nbsp;&nbsp;&nbsp;font_size_select
</UL>
<BR>[Called By]<UL><LI><a href="#[c2]">&gt;&gt;</a>&nbsp;&nbsp;&nbsp;lcd_setting6
</UL>

<P><STRONG><a name="[c2]"></a>lcd_setting6</STRONG> (Thumb, 168 bytes, Stack size 8 bytes, graphic.o(.text))
<BR><BR>[Stack]<UL><LI>Max Depth = 152<LI>Call Chain = lcd_setting6 &rArr; gas1_set_data &rArr; data_sett_num_display &rArr; LCD_ColorNumber &rArr; LCD_ShowChar &rArr; byte_dot
</UL>
<BR>[Calls]<UL><LI><a href="#[c3]">&gt;&gt;</a>&nbsp;&nbsp;&nbsp;LCD_Clear
<LI><a href="#[c1]">&gt;&gt;</a>&nbsp;&nbsp;&nbsp;gas1_set_first
<LI><a href="#[c0]">&gt;&gt;</a>&nbsp;&nbsp;&nbsp;gas2_set_first
<LI><a href="#[af]">&gt;&gt;</a>&nbsp;&nbsp;&nbsp;gas1_set_data
<LI><a href="#[ae]">&gt;&gt;</a>&nbsp;&nbsp;&nbsp;gas2_set_data
<LI><a href="#[a9]">&gt;&gt;</a>&nbsp;&nbsp;&nbsp;font_size_select
</UL>
<BR>[Called By]<UL><LI><a href="#[90]">&gt;&gt;</a>&nbsp;&nbsp;&nbsp;LCD_Display
</UL>

<P><STRONG><a name="[c4]"></a>LCD_ShowChar2</STRONG> (Thumb, 136 bytes, Stack size 32 bytes, graphic.o(.text))
<BR><BR>[Stack]<UL><LI>Max Depth = 48<LI>Call Chain = LCD_ShowChar2 &rArr; byte_dot
</UL>
<BR>[Calls]<UL><LI><a href="#[a3]">&gt;&gt;</a>&nbsp;&nbsp;&nbsp;LCD_WindowMax
<LI><a href="#[a0]">&gt;&gt;</a>&nbsp;&nbsp;&nbsp;byte_dot
</UL>
<BR>[Called By]<UL><LI><a href="#[15a]">&gt;&gt;</a>&nbsp;&nbsp;&nbsp;LCD_cham_data
<LI><a href="#[120]">&gt;&gt;</a>&nbsp;&nbsp;&nbsp;LCD_small_icon
<LI><a href="#[ef]">&gt;&gt;</a>&nbsp;&nbsp;&nbsp;LCD_small_icon2
<LI><a href="#[df]">&gt;&gt;</a>&nbsp;&nbsp;&nbsp;LCD_ColorNumber2
<LI><a href="#[c9]">&gt;&gt;</a>&nbsp;&nbsp;&nbsp;LCD_small_icon3
<LI><a href="#[c5]">&gt;&gt;</a>&nbsp;&nbsp;&nbsp;LCD_ShowString2
</UL>

<P><STRONG><a name="[c5]"></a>LCD_ShowString2</STRONG> (Thumb, 54 bytes, Stack size 40 bytes, graphic.o(.text))
<BR><BR>[Stack]<UL><LI>Max Depth = 88<LI>Call Chain = LCD_ShowString2 &rArr; LCD_ShowChar2 &rArr; byte_dot
</UL>
<BR>[Calls]<UL><LI><a href="#[c4]">&gt;&gt;</a>&nbsp;&nbsp;&nbsp;LCD_ShowChar2
</UL>
<BR>[Called By]<UL><LI><a href="#[16d]">&gt;&gt;</a>&nbsp;&nbsp;&nbsp;LCD_alam_set_icon
<LI><a href="#[15a]">&gt;&gt;</a>&nbsp;&nbsp;&nbsp;LCD_cham_data
<LI><a href="#[158]">&gt;&gt;</a>&nbsp;&nbsp;&nbsp;temp_display
<LI><a href="#[103]">&gt;&gt;</a>&nbsp;&nbsp;&nbsp;voc_change_icon
<LI><a href="#[ff]">&gt;&gt;</a>&nbsp;&nbsp;&nbsp;new_co2_first
<LI><a href="#[fe]">&gt;&gt;</a>&nbsp;&nbsp;&nbsp;new_o2_first
<LI><a href="#[fd]">&gt;&gt;</a>&nbsp;&nbsp;&nbsp;work_time_first
<LI><a href="#[fc]">&gt;&gt;</a>&nbsp;&nbsp;&nbsp;wet_mode_first
<LI><a href="#[fa]">&gt;&gt;</a>&nbsp;&nbsp;&nbsp;chameber_no_set_dis
<LI><a href="#[f8]">&gt;&gt;</a>&nbsp;&nbsp;&nbsp;pressure_set_first
<LI><a href="#[f6]">&gt;&gt;</a>&nbsp;&nbsp;&nbsp;set_sel_icon2
<LI><a href="#[e5]">&gt;&gt;</a>&nbsp;&nbsp;&nbsp;set_calibration_on_icon
<LI><a href="#[e4]">&gt;&gt;</a>&nbsp;&nbsp;&nbsp;set_initial_off_icon
<LI><a href="#[e3]">&gt;&gt;</a>&nbsp;&nbsp;&nbsp;set_calibration_off_icon
<LI><a href="#[e2]">&gt;&gt;</a>&nbsp;&nbsp;&nbsp;set_initial_on_icon
<LI><a href="#[c7]">&gt;&gt;</a>&nbsp;&nbsp;&nbsp;LCD_small_off_icon_string
</UL>

<P><STRONG><a name="[c6]"></a>LCD_small_off_icon2</STRONG> (Thumb, 348 bytes, Stack size 24 bytes, graphic.o(.text))
<BR><BR>[Stack]<UL><LI>Max Depth = 76<LI>Call Chain = LCD_small_off_icon2 &rArr; LCD_DrawPicture2 &rArr; LCD_WindowMax
</UL>
<BR>[Calls]<UL><LI><a href="#[b1]">&gt;&gt;</a>&nbsp;&nbsp;&nbsp;LCD_DrawPicture2
<LI><a href="#[ab]">&gt;&gt;</a>&nbsp;&nbsp;&nbsp;LCD_DrawPicture
</UL>
<BR>[Called By]<UL><LI><a href="#[c7]">&gt;&gt;</a>&nbsp;&nbsp;&nbsp;LCD_small_off_icon_string
</UL>

<P><STRONG><a name="[c7]"></a>LCD_small_off_icon_string</STRONG> (Thumb, 48 bytes, Stack size 24 bytes, graphic.o(.text))
<BR><BR>[Stack]<UL><LI>Max Depth = 112<LI>Call Chain = LCD_small_off_icon_string &rArr; LCD_ShowString2 &rArr; LCD_ShowChar2 &rArr; byte_dot
</UL>
<BR>[Calls]<UL><LI><a href="#[c6]">&gt;&gt;</a>&nbsp;&nbsp;&nbsp;LCD_small_off_icon2
<LI><a href="#[c5]">&gt;&gt;</a>&nbsp;&nbsp;&nbsp;LCD_ShowString2
<LI><a href="#[a9]">&gt;&gt;</a>&nbsp;&nbsp;&nbsp;font_size_select
</UL>
<BR>[Called By]<UL><LI><a href="#[155]">&gt;&gt;</a>&nbsp;&nbsp;&nbsp;LCD_popup_icon
<LI><a href="#[142]">&gt;&gt;</a>&nbsp;&nbsp;&nbsp;lcd_graph_first
<LI><a href="#[141]">&gt;&gt;</a>&nbsp;&nbsp;&nbsp;lcd_history_first
<LI><a href="#[13e]">&gt;&gt;</a>&nbsp;&nbsp;&nbsp;lcd_templog_first
<LI><a href="#[119]">&gt;&gt;</a>&nbsp;&nbsp;&nbsp;lcd_log_first
<LI><a href="#[112]">&gt;&gt;</a>&nbsp;&nbsp;&nbsp;Set_voc_body
<LI><a href="#[ff]">&gt;&gt;</a>&nbsp;&nbsp;&nbsp;new_co2_first
<LI><a href="#[fe]">&gt;&gt;</a>&nbsp;&nbsp;&nbsp;new_o2_first
<LI><a href="#[de]">&gt;&gt;</a>&nbsp;&nbsp;&nbsp;password_data
<LI><a href="#[d7]">&gt;&gt;</a>&nbsp;&nbsp;&nbsp;Set_log_body2
<LI><a href="#[cc]">&gt;&gt;</a>&nbsp;&nbsp;&nbsp;device_set_data
</UL>

<P><STRONG><a name="[c8]"></a>LCD_small_off_icon3</STRONG> (Thumb, 84 bytes, Stack size 24 bytes, graphic.o(.text))
<BR><BR>[Stack]<UL><LI>Max Depth = 76<LI>Call Chain = LCD_small_off_icon3 &rArr; LCD_DrawPicture2 &rArr; LCD_WindowMax
</UL>
<BR>[Calls]<UL><LI><a href="#[b1]">&gt;&gt;</a>&nbsp;&nbsp;&nbsp;LCD_DrawPicture2
<LI><a href="#[ab]">&gt;&gt;</a>&nbsp;&nbsp;&nbsp;LCD_DrawPicture
</UL>
<BR>[Called By]<UL><LI><a href="#[c9]">&gt;&gt;</a>&nbsp;&nbsp;&nbsp;LCD_small_icon3
</UL>

<P><STRONG><a name="[c9]"></a>LCD_small_icon3</STRONG> (Thumb, 40 bytes, Stack size 24 bytes, graphic.o(.text))
<BR><BR>[Stack]<UL><LI>Max Depth = 100<LI>Call Chain = LCD_small_icon3 &rArr; LCD_small_off_icon3 &rArr; LCD_DrawPicture2 &rArr; LCD_WindowMax
</UL>
<BR>[Calls]<UL><LI><a href="#[c8]">&gt;&gt;</a>&nbsp;&nbsp;&nbsp;LCD_small_off_icon3
<LI><a href="#[c4]">&gt;&gt;</a>&nbsp;&nbsp;&nbsp;LCD_ShowChar2
</UL>
<BR>[Called By]<UL><LI><a href="#[ca]">&gt;&gt;</a>&nbsp;&nbsp;&nbsp;LCD_KEYPAD
</UL>

<P><STRONG><a name="[ca]"></a>LCD_KEYPAD</STRONG> (Thumb, 442 bytes, Stack size 8 bytes, graphic.o(.text))
<BR><BR>[Stack]<UL><LI>Max Depth = 108<LI>Call Chain = LCD_KEYPAD &rArr; LCD_small_icon3 &rArr; LCD_small_off_icon3 &rArr; LCD_DrawPicture2 &rArr; LCD_WindowMax
</UL>
<BR>[Calls]<UL><LI><a href="#[c9]">&gt;&gt;</a>&nbsp;&nbsp;&nbsp;LCD_small_icon3
<LI><a href="#[a9]">&gt;&gt;</a>&nbsp;&nbsp;&nbsp;font_size_select
</UL>
<BR>[Called By]<UL><LI><a href="#[cc]">&gt;&gt;</a>&nbsp;&nbsp;&nbsp;device_set_data
</UL>

<P><STRONG><a name="[cb]"></a>device_name_display</STRONG> (Thumb, 90 bytes, Stack size 8 bytes, graphic.o(.text))
<BR><BR>[Stack]<UL><LI>Max Depth = 56<LI>Call Chain = device_name_display &rArr; LCD_ShowChar &rArr; byte_dot
</UL>
<BR>[Calls]<UL><LI><a href="#[a9]">&gt;&gt;</a>&nbsp;&nbsp;&nbsp;font_size_select
<LI><a href="#[a2]">&gt;&gt;</a>&nbsp;&nbsp;&nbsp;LCD_ShowChar
</UL>
<BR>[Called By]<UL><LI><a href="#[cc]">&gt;&gt;</a>&nbsp;&nbsp;&nbsp;device_set_data
</UL>

<P><STRONG><a name="[cc]"></a>device_set_data</STRONG> (Thumb, 152 bytes, Stack size 8 bytes, graphic.o(.text))
<BR><BR>[Stack]<UL><LI>Max Depth = 120<LI>Call Chain = device_set_data &rArr; LCD_small_off_icon_string &rArr; LCD_ShowString2 &rArr; LCD_ShowChar2 &rArr; byte_dot
</UL>
<BR>[Calls]<UL><LI><a href="#[ad]">&gt;&gt;</a>&nbsp;&nbsp;&nbsp;LCD_Fill
<LI><a href="#[cb]">&gt;&gt;</a>&nbsp;&nbsp;&nbsp;device_name_display
<LI><a href="#[ca]">&gt;&gt;</a>&nbsp;&nbsp;&nbsp;LCD_KEYPAD
<LI><a href="#[c7]">&gt;&gt;</a>&nbsp;&nbsp;&nbsp;LCD_small_off_icon_string
</UL>
<BR>[Called By]<UL><LI><a href="#[ce]">&gt;&gt;</a>&nbsp;&nbsp;&nbsp;lcd_setting5
</UL>

<P><STRONG><a name="[cd]"></a>device_set_first</STRONG> (Thumb, 270 bytes, Stack size 8 bytes, graphic.o(.text))
<BR><BR>[Stack]<UL><LI>Max Depth = 116<LI>Call Chain = device_set_first &rArr; LCD_left_data &rArr; LCD_set_mode_icon &rArr; LCD_set_icon &rArr; LCD_DrawPicture2 &rArr; LCD_WindowMax
</UL>
<BR>[Calls]<UL><LI><a href="#[ad]">&gt;&gt;</a>&nbsp;&nbsp;&nbsp;LCD_Fill
<LI><a href="#[bf]">&gt;&gt;</a>&nbsp;&nbsp;&nbsp;LCD_left_data
<LI><a href="#[a9]">&gt;&gt;</a>&nbsp;&nbsp;&nbsp;font_size_select
<LI><a href="#[a7]">&gt;&gt;</a>&nbsp;&nbsp;&nbsp;LCD_ShowString
</UL>
<BR>[Called By]<UL><LI><a href="#[ce]">&gt;&gt;</a>&nbsp;&nbsp;&nbsp;lcd_setting5
</UL>

<P><STRONG><a name="[ce]"></a>lcd_setting5</STRONG> (Thumb, 144 bytes, Stack size 8 bytes, graphic.o(.text))
<BR><BR>[Stack]<UL><LI>Max Depth = 128<LI>Call Chain = lcd_setting5 &rArr; device_set_data &rArr; LCD_small_off_icon_string &rArr; LCD_ShowString2 &rArr; LCD_ShowChar2 &rArr; byte_dot
</UL>
<BR>[Calls]<UL><LI><a href="#[c3]">&gt;&gt;</a>&nbsp;&nbsp;&nbsp;LCD_Clear
<LI><a href="#[cd]">&gt;&gt;</a>&nbsp;&nbsp;&nbsp;device_set_first
<LI><a href="#[cc]">&gt;&gt;</a>&nbsp;&nbsp;&nbsp;device_set_data
<LI><a href="#[a9]">&gt;&gt;</a>&nbsp;&nbsp;&nbsp;font_size_select
</UL>
<BR>[Called By]<UL><LI><a href="#[90]">&gt;&gt;</a>&nbsp;&nbsp;&nbsp;LCD_Display
</UL>

<P><STRONG><a name="[cf]"></a>LCD_ShowString_buf</STRONG> (Thumb, 60 bytes, Stack size 32 bytes, graphic.o(.text))
<BR><BR>[Stack]<UL><LI>Max Depth = 80<LI>Call Chain = LCD_ShowString_buf &rArr; LCD_ShowChar &rArr; byte_dot
</UL>
<BR>[Calls]<UL><LI><a href="#[a2]">&gt;&gt;</a>&nbsp;&nbsp;&nbsp;LCD_ShowChar
</UL>
<BR>[Called By]<UL><LI><a href="#[108]">&gt;&gt;</a>&nbsp;&nbsp;&nbsp;main_log_sub_display
<LI><a href="#[d2]">&gt;&gt;</a>&nbsp;&nbsp;&nbsp;alarm_line_dis
</UL>

<P><STRONG><a name="[d1]"></a>mypow2</STRONG> (Thumb, 22 bytes, Stack size 8 bytes, graphic.o(.text))
<BR><BR>[Stack]<UL><LI>Max Depth = 8<LI>Call Chain = mypow2
</UL>
<BR>[Called By]<UL><LI><a href="#[d0]">&gt;&gt;</a>&nbsp;&nbsp;&nbsp;LCD_alarm_load
</UL>

<P><STRONG><a name="[d0]"></a>LCD_alarm_load</STRONG> (Thumb, 86 bytes, Stack size 32 bytes, graphic.o(.text))
<BR><BR>[Stack]<UL><LI>Max Depth = 40<LI>Call Chain = LCD_alarm_load &rArr; mypow2
</UL>
<BR>[Calls]<UL><LI><a href="#[d1]">&gt;&gt;</a>&nbsp;&nbsp;&nbsp;mypow2
</UL>
<BR>[Called By]<UL><LI><a href="#[108]">&gt;&gt;</a>&nbsp;&nbsp;&nbsp;main_log_sub_display
<LI><a href="#[d2]">&gt;&gt;</a>&nbsp;&nbsp;&nbsp;alarm_line_dis
</UL>

<P><STRONG><a name="[d2]"></a>alarm_line_dis</STRONG> (Thumb, 1172 bytes, Stack size 88 bytes, graphic.o(.text))
<BR><BR>[Stack]<UL><LI>Max Depth = 192<LI>Call Chain = alarm_line_dis &rArr; LCD_ShowString_number &rArr; LCD_ShowChar &rArr; byte_dot
</UL>
<BR>[Calls]<UL><LI><a href="#[d0]">&gt;&gt;</a>&nbsp;&nbsp;&nbsp;LCD_alarm_load
<LI><a href="#[cf]">&gt;&gt;</a>&nbsp;&nbsp;&nbsp;LCD_ShowString_buf
<LI><a href="#[a9]">&gt;&gt;</a>&nbsp;&nbsp;&nbsp;font_size_select
<LI><a href="#[a7]">&gt;&gt;</a>&nbsp;&nbsp;&nbsp;LCD_ShowString
<LI><a href="#[a6]">&gt;&gt;</a>&nbsp;&nbsp;&nbsp;LCD_ShowString_number
<LI><a href="#[a4]">&gt;&gt;</a>&nbsp;&nbsp;&nbsp;LCD_ColorNumber
</UL>
<BR>[Called By]<UL><LI><a href="#[d3]">&gt;&gt;</a>&nbsp;&nbsp;&nbsp;alarm_list_data
</UL>

<P><STRONG><a name="[d3]"></a>alarm_list_data</STRONG> (Thumb, 68 bytes, Stack size 192 bytes, graphic.o(.text))
<BR><BR>[Stack]<UL><LI>Max Depth = 384<LI>Call Chain = alarm_list_data &rArr; alarm_line_dis &rArr; LCD_ShowString_number &rArr; LCD_ShowChar &rArr; byte_dot
</UL>
<BR>[Calls]<UL><LI><a href="#[d4]">&gt;&gt;</a>&nbsp;&nbsp;&nbsp;Alarm_log_Read
<LI><a href="#[d2]">&gt;&gt;</a>&nbsp;&nbsp;&nbsp;alarm_line_dis
</UL>
<BR>[Called By]<UL><LI><a href="#[d9]">&gt;&gt;</a>&nbsp;&nbsp;&nbsp;lcd_setting4
</UL>

<P><STRONG><a name="[d5]"></a>LCD_data_rt_icon</STRONG> (Thumb, 108 bytes, Stack size 24 bytes, graphic.o(.text))
<BR><BR>[Stack]<UL><LI>Max Depth = 76<LI>Call Chain = LCD_data_rt_icon &rArr; LCD_DrawPicture2 &rArr; LCD_WindowMax
</UL>
<BR>[Calls]<UL><LI><a href="#[b1]">&gt;&gt;</a>&nbsp;&nbsp;&nbsp;LCD_DrawPicture2
<LI><a href="#[ab]">&gt;&gt;</a>&nbsp;&nbsp;&nbsp;LCD_DrawPicture
</UL>
<BR>[Called By]<UL><LI><a href="#[142]">&gt;&gt;</a>&nbsp;&nbsp;&nbsp;lcd_graph_first
<LI><a href="#[d7]">&gt;&gt;</a>&nbsp;&nbsp;&nbsp;Set_log_body2
</UL>

<P><STRONG><a name="[d6]"></a>LCD_data_lf_icon</STRONG> (Thumb, 108 bytes, Stack size 24 bytes, graphic.o(.text))
<BR><BR>[Stack]<UL><LI>Max Depth = 76<LI>Call Chain = LCD_data_lf_icon &rArr; LCD_DrawPicture2 &rArr; LCD_WindowMax
</UL>
<BR>[Calls]<UL><LI><a href="#[b1]">&gt;&gt;</a>&nbsp;&nbsp;&nbsp;LCD_DrawPicture2
<LI><a href="#[ab]">&gt;&gt;</a>&nbsp;&nbsp;&nbsp;LCD_DrawPicture
</UL>
<BR>[Called By]<UL><LI><a href="#[142]">&gt;&gt;</a>&nbsp;&nbsp;&nbsp;lcd_graph_first
<LI><a href="#[d7]">&gt;&gt;</a>&nbsp;&nbsp;&nbsp;Set_log_body2
</UL>

<P><STRONG><a name="[d7]"></a>Set_log_body2</STRONG> (Thumb, 710 bytes, Stack size 8 bytes, graphic.o(.text))
<BR><BR>[Stack]<UL><LI>Max Depth = 120<LI>Call Chain = Set_log_body2 &rArr; LCD_small_off_icon_string &rArr; LCD_ShowString2 &rArr; LCD_ShowChar2 &rArr; byte_dot
</UL>
<BR>[Calls]<UL><LI><a href="#[ad]">&gt;&gt;</a>&nbsp;&nbsp;&nbsp;LCD_Fill
<LI><a href="#[d6]">&gt;&gt;</a>&nbsp;&nbsp;&nbsp;LCD_data_lf_icon
<LI><a href="#[d5]">&gt;&gt;</a>&nbsp;&nbsp;&nbsp;LCD_data_rt_icon
<LI><a href="#[c7]">&gt;&gt;</a>&nbsp;&nbsp;&nbsp;LCD_small_off_icon_string
<LI><a href="#[a9]">&gt;&gt;</a>&nbsp;&nbsp;&nbsp;font_size_select
<LI><a href="#[a7]">&gt;&gt;</a>&nbsp;&nbsp;&nbsp;LCD_ShowString
</UL>
<BR>[Called By]<UL><LI><a href="#[d8]">&gt;&gt;</a>&nbsp;&nbsp;&nbsp;alarm_list_first
</UL>

<P><STRONG><a name="[d8]"></a>alarm_list_first</STRONG> (Thumb, 34 bytes, Stack size 8 bytes, graphic.o(.text))
<BR><BR>[Stack]<UL><LI>Max Depth = 128<LI>Call Chain = alarm_list_first &rArr; Set_log_body2 &rArr; LCD_small_off_icon_string &rArr; LCD_ShowString2 &rArr; LCD_ShowChar2 &rArr; byte_dot
</UL>
<BR>[Calls]<UL><LI><a href="#[ad]">&gt;&gt;</a>&nbsp;&nbsp;&nbsp;LCD_Fill
<LI><a href="#[d7]">&gt;&gt;</a>&nbsp;&nbsp;&nbsp;Set_log_body2
<LI><a href="#[bf]">&gt;&gt;</a>&nbsp;&nbsp;&nbsp;LCD_left_data
</UL>
<BR>[Called By]<UL><LI><a href="#[d9]">&gt;&gt;</a>&nbsp;&nbsp;&nbsp;lcd_setting4
</UL>

<P><STRONG><a name="[d9]"></a>lcd_setting4</STRONG> (Thumb, 184 bytes, Stack size 8 bytes, graphic.o(.text))
<BR><BR>[Stack]<UL><LI>Max Depth = 392<LI>Call Chain = lcd_setting4 &rArr; alarm_list_data &rArr; alarm_line_dis &rArr; LCD_ShowString_number &rArr; LCD_ShowChar &rArr; byte_dot
</UL>
<BR>[Calls]<UL><LI><a href="#[c3]">&gt;&gt;</a>&nbsp;&nbsp;&nbsp;LCD_Clear
<LI><a href="#[d8]">&gt;&gt;</a>&nbsp;&nbsp;&nbsp;alarm_list_first
<LI><a href="#[d3]">&gt;&gt;</a>&nbsp;&nbsp;&nbsp;alarm_list_data
<LI><a href="#[a9]">&gt;&gt;</a>&nbsp;&nbsp;&nbsp;font_size_select
</UL>
<BR>[Called By]<UL><LI><a href="#[90]">&gt;&gt;</a>&nbsp;&nbsp;&nbsp;LCD_Display
</UL>

<P><STRONG><a name="[da]"></a>LCD_Passstar</STRONG> (Thumb, 116 bytes, Stack size 32 bytes, graphic.o(.text))
<BR><BR>[Stack]<UL><LI>Max Depth = 44<LI>Call Chain = LCD_Passstar &rArr; LCD_WindowMax
</UL>
<BR>[Calls]<UL><LI><a href="#[a1]">&gt;&gt;</a>&nbsp;&nbsp;&nbsp;LCD_WriteData
<LI><a href="#[a3]">&gt;&gt;</a>&nbsp;&nbsp;&nbsp;LCD_WindowMax
</UL>
<BR>[Called By]<UL><LI><a href="#[db]">&gt;&gt;</a>&nbsp;&nbsp;&nbsp;pass_star_check
</UL>

<P><STRONG><a name="[db]"></a>pass_star_check</STRONG> (Thumb, 104 bytes, Stack size 32 bytes, graphic.o(.text))
<BR><BR>[Stack]<UL><LI>Max Depth = 100<LI>Call Chain = pass_star_check &rArr; LCD_Box &rArr; LCD_Fill &rArr; LCD_WindowMax
</UL>
<BR>[Calls]<UL><LI><a href="#[ad]">&gt;&gt;</a>&nbsp;&nbsp;&nbsp;LCD_Fill
<LI><a href="#[dc]">&gt;&gt;</a>&nbsp;&nbsp;&nbsp;LCD_Box
<LI><a href="#[da]">&gt;&gt;</a>&nbsp;&nbsp;&nbsp;LCD_Passstar
</UL>
<BR>[Called By]<UL><LI><a href="#[dd]">&gt;&gt;</a>&nbsp;&nbsp;&nbsp;pass_display
</UL>

<P><STRONG><a name="[dd]"></a>pass_display</STRONG> (Thumb, 160 bytes, Stack size 32 bytes, graphic.o(.text))
<BR><BR>[Stack]<UL><LI>Max Depth = 132<LI>Call Chain = pass_display &rArr; pass_star_check &rArr; LCD_Box &rArr; LCD_Fill &rArr; LCD_WindowMax
</UL>
<BR>[Calls]<UL><LI><a href="#[db]">&gt;&gt;</a>&nbsp;&nbsp;&nbsp;pass_star_check
</UL>
<BR>[Called By]<UL><LI><a href="#[f0]">&gt;&gt;</a>&nbsp;&nbsp;&nbsp;password_first
<LI><a href="#[de]">&gt;&gt;</a>&nbsp;&nbsp;&nbsp;password_data
</UL>

<P><STRONG><a name="[de]"></a>password_data</STRONG> (Thumb, 264 bytes, Stack size 8 bytes, graphic.o(.text))
<BR><BR>[Stack]<UL><LI>Max Depth = 140<LI>Call Chain = password_data &rArr; pass_display &rArr; pass_star_check &rArr; LCD_Box &rArr; LCD_Fill &rArr; LCD_WindowMax
</UL>
<BR>[Calls]<UL><LI><a href="#[dd]">&gt;&gt;</a>&nbsp;&nbsp;&nbsp;pass_display
<LI><a href="#[c7]">&gt;&gt;</a>&nbsp;&nbsp;&nbsp;LCD_small_off_icon_string
<LI><a href="#[a7]">&gt;&gt;</a>&nbsp;&nbsp;&nbsp;LCD_ShowString
</UL>
<BR>[Called By]<UL><LI><a href="#[100]">&gt;&gt;</a>&nbsp;&nbsp;&nbsp;lcd_setting3
</UL>

<P><STRONG><a name="[df]"></a>LCD_ColorNumber2</STRONG> (Thumb, 342 bytes, Stack size 64 bytes, graphic.o(.text))
<BR><BR>[Stack]<UL><LI>Max Depth = 112<LI>Call Chain = LCD_ColorNumber2 &rArr; LCD_ShowChar2 &rArr; byte_dot
</UL>
<BR>[Calls]<UL><LI><a href="#[c4]">&gt;&gt;</a>&nbsp;&nbsp;&nbsp;LCD_ShowChar2
<LI><a href="#[a5]">&gt;&gt;</a>&nbsp;&nbsp;&nbsp;mypow
</UL>
<BR>[Called By]<UL><LI><a href="#[169]">&gt;&gt;</a>&nbsp;&nbsp;&nbsp;percent_display
<LI><a href="#[15a]">&gt;&gt;</a>&nbsp;&nbsp;&nbsp;LCD_cham_data
<LI><a href="#[158]">&gt;&gt;</a>&nbsp;&nbsp;&nbsp;temp_display
<LI><a href="#[153]">&gt;&gt;</a>&nbsp;&nbsp;&nbsp;LCD_air_data
<LI><a href="#[150]">&gt;&gt;</a>&nbsp;&nbsp;&nbsp;LCD_air_data2
<LI><a href="#[14a]">&gt;&gt;</a>&nbsp;&nbsp;&nbsp;LCD_all_temp_icon
<LI><a href="#[ed]">&gt;&gt;</a>&nbsp;&nbsp;&nbsp;new_co2_data
<LI><a href="#[ec]">&gt;&gt;</a>&nbsp;&nbsp;&nbsp;new_o2_data
<LI><a href="#[eb]">&gt;&gt;</a>&nbsp;&nbsp;&nbsp;work_time_data
<LI><a href="#[ea]">&gt;&gt;</a>&nbsp;&nbsp;&nbsp;wet_mode_data
<LI><a href="#[e8]">&gt;&gt;</a>&nbsp;&nbsp;&nbsp;chameber_no_set_data
<LI><a href="#[e0]">&gt;&gt;</a>&nbsp;&nbsp;&nbsp;pressure_set_data
</UL>

<P><STRONG><a name="[e0]"></a>pressure_set_data</STRONG> (Thumb, 250 bytes, Stack size 16 bytes, graphic.o(.text))
<BR><BR>[Stack]<UL><LI>Max Depth = 128<LI>Call Chain = pressure_set_data &rArr; LCD_ColorNumber2 &rArr; LCD_ShowChar2 &rArr; byte_dot
</UL>
<BR>[Calls]<UL><LI><a href="#[ad]">&gt;&gt;</a>&nbsp;&nbsp;&nbsp;LCD_Fill
<LI><a href="#[df]">&gt;&gt;</a>&nbsp;&nbsp;&nbsp;LCD_ColorNumber2
<LI><a href="#[a9]">&gt;&gt;</a>&nbsp;&nbsp;&nbsp;font_size_select
<LI><a href="#[a6]">&gt;&gt;</a>&nbsp;&nbsp;&nbsp;LCD_ShowString_number
</UL>
<BR>[Called By]<UL><LI><a href="#[100]">&gt;&gt;</a>&nbsp;&nbsp;&nbsp;lcd_setting3
</UL>

<P><STRONG><a name="[e1]"></a>select_cal_data</STRONG> (Thumb, 84 bytes, Stack size 24 bytes, graphic.o(.text))
<BR><BR>[Stack]<UL><LI>Max Depth = 128<LI>Call Chain = select_cal_data &rArr; LCD_ColorNumber &rArr; LCD_ShowChar &rArr; byte_dot
</UL>
<BR>[Calls]<UL><LI><a href="#[ad]">&gt;&gt;</a>&nbsp;&nbsp;&nbsp;LCD_Fill
<LI><a href="#[a7]">&gt;&gt;</a>&nbsp;&nbsp;&nbsp;LCD_ShowString
<LI><a href="#[a4]">&gt;&gt;</a>&nbsp;&nbsp;&nbsp;LCD_ColorNumber
</UL>
<BR>[Called By]<UL><LI><a href="#[126]">&gt;&gt;</a>&nbsp;&nbsp;&nbsp;lcd_calib_data
<LI><a href="#[e7]">&gt;&gt;</a>&nbsp;&nbsp;&nbsp;ext_temp_cal_data
</UL>

<P><STRONG><a name="[e2]"></a>set_initial_on_icon</STRONG> (Thumb, 42 bytes, Stack size 16 bytes, graphic.o(.text))
<BR><BR>[Stack]<UL><LI>Max Depth = 104<LI>Call Chain = set_initial_on_icon &rArr; LCD_ShowString2 &rArr; LCD_ShowChar2 &rArr; byte_dot
</UL>
<BR>[Calls]<UL><LI><a href="#[c5]">&gt;&gt;</a>&nbsp;&nbsp;&nbsp;LCD_ShowString2
<LI><a href="#[b3]">&gt;&gt;</a>&nbsp;&nbsp;&nbsp;LCD_set_tab_on_icon
</UL>
<BR>[Called By]<UL><LI><a href="#[e6]">&gt;&gt;</a>&nbsp;&nbsp;&nbsp;selsect_cal_mode
</UL>

<P><STRONG><a name="[e3]"></a>set_calibration_off_icon</STRONG> (Thumb, 40 bytes, Stack size 16 bytes, graphic.o(.text))
<BR><BR>[Stack]<UL><LI>Max Depth = 104<LI>Call Chain = set_calibration_off_icon &rArr; LCD_ShowString2 &rArr; LCD_ShowChar2 &rArr; byte_dot
</UL>
<BR>[Calls]<UL><LI><a href="#[c5]">&gt;&gt;</a>&nbsp;&nbsp;&nbsp;LCD_ShowString2
<LI><a href="#[b4]">&gt;&gt;</a>&nbsp;&nbsp;&nbsp;LCD_set_tab_off_icon
</UL>
<BR>[Called By]<UL><LI><a href="#[145]">&gt;&gt;</a>&nbsp;&nbsp;&nbsp;lcd_valseting_first
<LI><a href="#[e6]">&gt;&gt;</a>&nbsp;&nbsp;&nbsp;selsect_cal_mode
</UL>

<P><STRONG><a name="[e4]"></a>set_initial_off_icon</STRONG> (Thumb, 40 bytes, Stack size 16 bytes, graphic.o(.text))
<BR><BR>[Stack]<UL><LI>Max Depth = 104<LI>Call Chain = set_initial_off_icon &rArr; LCD_ShowString2 &rArr; LCD_ShowChar2 &rArr; byte_dot
</UL>
<BR>[Calls]<UL><LI><a href="#[c5]">&gt;&gt;</a>&nbsp;&nbsp;&nbsp;LCD_ShowString2
<LI><a href="#[b4]">&gt;&gt;</a>&nbsp;&nbsp;&nbsp;LCD_set_tab_off_icon
</UL>
<BR>[Called By]<UL><LI><a href="#[e6]">&gt;&gt;</a>&nbsp;&nbsp;&nbsp;selsect_cal_mode
</UL>

<P><STRONG><a name="[e5]"></a>set_calibration_on_icon</STRONG> (Thumb, 42 bytes, Stack size 16 bytes, graphic.o(.text))
<BR><BR>[Stack]<UL><LI>Max Depth = 104<LI>Call Chain = set_calibration_on_icon &rArr; LCD_ShowString2 &rArr; LCD_ShowChar2 &rArr; byte_dot
</UL>
<BR>[Calls]<UL><LI><a href="#[c5]">&gt;&gt;</a>&nbsp;&nbsp;&nbsp;LCD_ShowString2
<LI><a href="#[b3]">&gt;&gt;</a>&nbsp;&nbsp;&nbsp;LCD_set_tab_on_icon
</UL>
<BR>[Called By]<UL><LI><a href="#[e6]">&gt;&gt;</a>&nbsp;&nbsp;&nbsp;selsect_cal_mode
</UL>

<P><STRONG><a name="[e6]"></a>selsect_cal_mode</STRONG> (Thumb, 48 bytes, Stack size 8 bytes, graphic.o(.text))
<BR><BR>[Stack]<UL><LI>Max Depth = 112<LI>Call Chain = selsect_cal_mode &rArr; set_calibration_on_icon &rArr; LCD_ShowString2 &rArr; LCD_ShowChar2 &rArr; byte_dot
</UL>
<BR>[Calls]<UL><LI><a href="#[e5]">&gt;&gt;</a>&nbsp;&nbsp;&nbsp;set_calibration_on_icon
<LI><a href="#[e4]">&gt;&gt;</a>&nbsp;&nbsp;&nbsp;set_initial_off_icon
<LI><a href="#[e3]">&gt;&gt;</a>&nbsp;&nbsp;&nbsp;set_calibration_off_icon
<LI><a href="#[e2]">&gt;&gt;</a>&nbsp;&nbsp;&nbsp;set_initial_on_icon
<LI><a href="#[a9]">&gt;&gt;</a>&nbsp;&nbsp;&nbsp;font_size_select
</UL>
<BR>[Called By]<UL><LI><a href="#[126]">&gt;&gt;</a>&nbsp;&nbsp;&nbsp;lcd_calib_data
<LI><a href="#[e7]">&gt;&gt;</a>&nbsp;&nbsp;&nbsp;ext_temp_cal_data
</UL>

<P><STRONG><a name="[e7]"></a>ext_temp_cal_data</STRONG> (Thumb, 152 bytes, Stack size 8 bytes, graphic.o(.text))
<BR><BR>[Stack]<UL><LI>Max Depth = 136<LI>Call Chain = ext_temp_cal_data &rArr; select_cal_data &rArr; LCD_ColorNumber &rArr; LCD_ShowChar &rArr; byte_dot
</UL>
<BR>[Calls]<UL><LI><a href="#[e6]">&gt;&gt;</a>&nbsp;&nbsp;&nbsp;selsect_cal_mode
<LI><a href="#[e1]">&gt;&gt;</a>&nbsp;&nbsp;&nbsp;select_cal_data
<LI><a href="#[a9]">&gt;&gt;</a>&nbsp;&nbsp;&nbsp;font_size_select
<LI><a href="#[a7]">&gt;&gt;</a>&nbsp;&nbsp;&nbsp;LCD_ShowString
</UL>
<BR>[Called By]<UL><LI><a href="#[100]">&gt;&gt;</a>&nbsp;&nbsp;&nbsp;lcd_setting3
</UL>

<P><STRONG><a name="[e8]"></a>chameber_no_set_data</STRONG> (Thumb, 80 bytes, Stack size 32 bytes, graphic.o(.text))
<BR><BR>[Stack]<UL><LI>Max Depth = 144<LI>Call Chain = chameber_no_set_data &rArr; LCD_ColorNumber2 &rArr; LCD_ShowChar2 &rArr; byte_dot
</UL>
<BR>[Calls]<UL><LI><a href="#[df]">&gt;&gt;</a>&nbsp;&nbsp;&nbsp;LCD_ColorNumber2
<LI><a href="#[a9]">&gt;&gt;</a>&nbsp;&nbsp;&nbsp;font_size_select
</UL>
<BR>[Called By]<UL><LI><a href="#[e9]">&gt;&gt;</a>&nbsp;&nbsp;&nbsp;cham_no_data
</UL>

<P><STRONG><a name="[e9]"></a>cham_no_data</STRONG> (Thumb, 16 bytes, Stack size 8 bytes, graphic.o(.text))
<BR><BR>[Stack]<UL><LI>Max Depth = 152<LI>Call Chain = cham_no_data &rArr; chameber_no_set_data &rArr; LCD_ColorNumber2 &rArr; LCD_ShowChar2 &rArr; byte_dot
</UL>
<BR>[Calls]<UL><LI><a href="#[e8]">&gt;&gt;</a>&nbsp;&nbsp;&nbsp;chameber_no_set_data
</UL>
<BR>[Called By]<UL><LI><a href="#[100]">&gt;&gt;</a>&nbsp;&nbsp;&nbsp;lcd_setting3
</UL>

<P><STRONG><a name="[ea]"></a>wet_mode_data</STRONG> (Thumb, 46 bytes, Stack size 16 bytes, graphic.o(.text))
<BR><BR>[Stack]<UL><LI>Max Depth = 128<LI>Call Chain = wet_mode_data &rArr; LCD_ColorNumber2 &rArr; LCD_ShowChar2 &rArr; byte_dot
</UL>
<BR>[Calls]<UL><LI><a href="#[ad]">&gt;&gt;</a>&nbsp;&nbsp;&nbsp;LCD_Fill
<LI><a href="#[df]">&gt;&gt;</a>&nbsp;&nbsp;&nbsp;LCD_ColorNumber2
</UL>
<BR>[Called By]<UL><LI><a href="#[100]">&gt;&gt;</a>&nbsp;&nbsp;&nbsp;lcd_setting3
</UL>

<P><STRONG><a name="[eb]"></a>work_time_data</STRONG> (Thumb, 104 bytes, Stack size 16 bytes, graphic.o(.text))
<BR><BR>[Stack]<UL><LI>Max Depth = 128<LI>Call Chain = work_time_data &rArr; LCD_ColorNumber2 &rArr; LCD_ShowChar2 &rArr; byte_dot
</UL>
<BR>[Calls]<UL><LI><a href="#[ad]">&gt;&gt;</a>&nbsp;&nbsp;&nbsp;LCD_Fill
<LI><a href="#[df]">&gt;&gt;</a>&nbsp;&nbsp;&nbsp;LCD_ColorNumber2
</UL>
<BR>[Called By]<UL><LI><a href="#[100]">&gt;&gt;</a>&nbsp;&nbsp;&nbsp;lcd_setting3
</UL>

<P><STRONG><a name="[ec]"></a>new_o2_data</STRONG> (Thumb, 46 bytes, Stack size 16 bytes, graphic.o(.text))
<BR><BR>[Stack]<UL><LI>Max Depth = 128<LI>Call Chain = new_o2_data &rArr; LCD_ColorNumber2 &rArr; LCD_ShowChar2 &rArr; byte_dot
</UL>
<BR>[Calls]<UL><LI><a href="#[ad]">&gt;&gt;</a>&nbsp;&nbsp;&nbsp;LCD_Fill
<LI><a href="#[df]">&gt;&gt;</a>&nbsp;&nbsp;&nbsp;LCD_ColorNumber2
</UL>
<BR>[Called By]<UL><LI><a href="#[100]">&gt;&gt;</a>&nbsp;&nbsp;&nbsp;lcd_setting3
</UL>

<P><STRONG><a name="[ed]"></a>new_co2_data</STRONG> (Thumb, 152 bytes, Stack size 16 bytes, graphic.o(.text))
<BR><BR>[Stack]<UL><LI>Max Depth = 128<LI>Call Chain = new_co2_data &rArr; LCD_ColorNumber2 &rArr; LCD_ShowChar2 &rArr; byte_dot
</UL>
<BR>[Calls]<UL><LI><a href="#[ad]">&gt;&gt;</a>&nbsp;&nbsp;&nbsp;LCD_Fill
<LI><a href="#[df]">&gt;&gt;</a>&nbsp;&nbsp;&nbsp;LCD_ColorNumber2
</UL>
<BR>[Called By]<UL><LI><a href="#[100]">&gt;&gt;</a>&nbsp;&nbsp;&nbsp;lcd_setting3
</UL>

<P><STRONG><a name="[ee]"></a>LCD_small_off_icon</STRONG> (Thumb, 82 bytes, Stack size 24 bytes, graphic.o(.text))
<BR><BR>[Stack]<UL><LI>Max Depth = 76<LI>Call Chain = LCD_small_off_icon &rArr; LCD_DrawPicture2 &rArr; LCD_WindowMax
</UL>
<BR>[Calls]<UL><LI><a href="#[b1]">&gt;&gt;</a>&nbsp;&nbsp;&nbsp;LCD_DrawPicture2
<LI><a href="#[ab]">&gt;&gt;</a>&nbsp;&nbsp;&nbsp;LCD_DrawPicture
</UL>
<BR>[Called By]<UL><LI><a href="#[120]">&gt;&gt;</a>&nbsp;&nbsp;&nbsp;LCD_small_icon
<LI><a href="#[ef]">&gt;&gt;</a>&nbsp;&nbsp;&nbsp;LCD_small_icon2
</UL>

<P><STRONG><a name="[ef]"></a>LCD_small_icon2</STRONG> (Thumb, 42 bytes, Stack size 24 bytes, graphic.o(.text))
<BR><BR>[Stack]<UL><LI>Max Depth = 100<LI>Call Chain = LCD_small_icon2 &rArr; LCD_small_off_icon &rArr; LCD_DrawPicture2 &rArr; LCD_WindowMax
</UL>
<BR>[Calls]<UL><LI><a href="#[ee]">&gt;&gt;</a>&nbsp;&nbsp;&nbsp;LCD_small_off_icon
<LI><a href="#[c4]">&gt;&gt;</a>&nbsp;&nbsp;&nbsp;LCD_ShowChar2
</UL>
<BR>[Called By]<UL><LI><a href="#[f0]">&gt;&gt;</a>&nbsp;&nbsp;&nbsp;password_first
</UL>

<P><STRONG><a name="[f0]"></a>password_first</STRONG> (Thumb, 196 bytes, Stack size 8 bytes, graphic.o(.text))
<BR><BR>[Stack]<UL><LI>Max Depth = 140<LI>Call Chain = password_first &rArr; pass_display &rArr; pass_star_check &rArr; LCD_Box &rArr; LCD_Fill &rArr; LCD_WindowMax
</UL>
<BR>[Calls]<UL><LI><a href="#[ad]">&gt;&gt;</a>&nbsp;&nbsp;&nbsp;LCD_Fill
<LI><a href="#[ef]">&gt;&gt;</a>&nbsp;&nbsp;&nbsp;LCD_small_icon2
<LI><a href="#[dd]">&gt;&gt;</a>&nbsp;&nbsp;&nbsp;pass_display
<LI><a href="#[bf]">&gt;&gt;</a>&nbsp;&nbsp;&nbsp;LCD_left_data
<LI><a href="#[a9]">&gt;&gt;</a>&nbsp;&nbsp;&nbsp;font_size_select
</UL>
<BR>[Called By]<UL><LI><a href="#[100]">&gt;&gt;</a>&nbsp;&nbsp;&nbsp;lcd_setting3
</UL>

<P><STRONG><a name="[f1]"></a>LCD_control_icon</STRONG> (Thumb, 84 bytes, Stack size 24 bytes, graphic.o(.text))
<BR><BR>[Stack]<UL><LI>Max Depth = 76<LI>Call Chain = LCD_control_icon &rArr; LCD_DrawPicture2 &rArr; LCD_WindowMax
</UL>
<BR>[Calls]<UL><LI><a href="#[b1]">&gt;&gt;</a>&nbsp;&nbsp;&nbsp;LCD_DrawPicture2
<LI><a href="#[ab]">&gt;&gt;</a>&nbsp;&nbsp;&nbsp;LCD_DrawPicture
</UL>
<BR>[Called By]<UL><LI><a href="#[ff]">&gt;&gt;</a>&nbsp;&nbsp;&nbsp;new_co2_first
<LI><a href="#[fe]">&gt;&gt;</a>&nbsp;&nbsp;&nbsp;new_o2_first
<LI><a href="#[fd]">&gt;&gt;</a>&nbsp;&nbsp;&nbsp;work_time_first
<LI><a href="#[fc]">&gt;&gt;</a>&nbsp;&nbsp;&nbsp;wet_mode_first
<LI><a href="#[f8]">&gt;&gt;</a>&nbsp;&nbsp;&nbsp;pressure_set_first
</UL>

<P><STRONG><a name="[f2]"></a>LCD_arrow_dw_icon</STRONG> (Thumb, 32 bytes, Stack size 24 bytes, graphic.o(.text))
<BR><BR>[Stack]<UL><LI>Max Depth = 68<LI>Call Chain = LCD_arrow_dw_icon &rArr; LCD_DrawPicture &rArr; LCD_WindowMax
</UL>
<BR>[Calls]<UL><LI><a href="#[ab]">&gt;&gt;</a>&nbsp;&nbsp;&nbsp;LCD_DrawPicture
</UL>
<BR>[Called By]<UL><LI><a href="#[ff]">&gt;&gt;</a>&nbsp;&nbsp;&nbsp;new_co2_first
<LI><a href="#[fe]">&gt;&gt;</a>&nbsp;&nbsp;&nbsp;new_o2_first
[...]
</UL>
<P><STRONG><a name="[13]"></a>EXTI3_IRQHandler</STRONG> (Thumb, 0 bytes, Stack size 0 bytes, startup_stm32f2xx.o(.text))
<BR>[Address Reference Count : 1]<UL><LI> startup_stm32f2xx.o(RESET)
</UL>
<P><STRONG><a name="[14]"></a>EXTI4_IRQHandler</STRONG> (Thumb, 0 bytes, Stack size 0 bytes, startup_stm32f2xx.o(.text))
<BR>[Address Reference Count : 1]<UL><LI> startup_stm32f2xx.o(RESET)
</UL>
<P><STRONG><a name="[21]"></a>EXTI9_5_IRQHandler</STRONG> (Thumb, 0 bytes, Stack size 0 bytes, startup_stm32f2xx.o(.text))
<BR>[Address Reference Count : 1]<UL><LI> startup_stm32f2xx.o(RESET)
</UL>
<P><STRONG><a name="[e]"></a>FLASH_IRQHandler</STRONG> (Thumb, 0 bytes, Stack size 0 bytes, startup_stm32f2xx.o(.text))
<BR>[Address Reference Count : 1]<UL><LI> startup_stm32f2xx.o(RESET)
</UL>
<P><STRONG><a name="[3a]"></a>FSMC_IRQHandler</STRONG> (Thumb, 0 bytes, Stack size 0 bytes, startup_stm32f2xx.o(.text))
<BR>[Address Reference Count : 1]<UL><LI> startup_stm32f2xx.o(RESET)
</UL>
<P><STRONG><a name="[5a]"></a>HASH_RNG_IRQHandler</STRONG> (Thumb, 0 bytes, Stack size 0 bytes, startup_stm32f2xx.o(.text))
<BR>[Address Reference Count : 1]<UL><LI> startup_stm32f2xx.o(RESET)
</UL>
<P><STRONG><a name="[2a]"></a>I2C1_ER_IRQHandler</STRONG> (Thumb, 0 bytes, Stack size 0 bytes, startup_stm32f2xx.o(.text))
<BR>[Address Reference Count : 1]<UL><LI> startup_stm32f2xx.o(RESET)
</UL>
<P><STRONG><a name="[29]"></a>I2C1_EV_IRQHandler</STRONG> (Thumb, 0 bytes, Stack size 0 bytes, startup_stm32f2xx.o(.text))
<BR>[Address Reference Count : 1]<UL><LI> startup_stm32f2xx.o(RESET)
</UL>
<P><STRONG><a name="[2c]"></a>I2C2_ER_IRQHandler</STRONG> (Thumb, 0 bytes, Stack size 0 bytes, startup_stm32f2xx.o(.text))
<BR>[Address Reference Count : 1]<UL><LI> startup_stm32f2xx.o(RESET)
</UL>
<P><STRONG><a name="[2b]"></a>I2C2_EV_IRQHandler</STRONG> (Thumb, 0 bytes, Stack size 0 bytes, startup_stm32f2xx.o(.text))
<BR>[Address Reference Count : 1]<UL><LI> startup_stm32f2xx.o(RESET)
</UL>
<P><STRONG><a name="[53]"></a>I2C3_ER_IRQHandler</STRONG> (Thumb, 0 bytes, Stack size 0 bytes, startup_stm32f2xx.o(.text))
<BR>[Address Reference Count : 1]<UL><LI> startup_stm32f2xx.o(RESET)
</UL>
<P><STRONG><a name="[52]"></a>I2C3_EV_IRQHandler</STRONG> (Thumb, 0 bytes, Stack size 0 bytes, startup_stm32f2xx.o(.text))
<BR>[Address Reference Count : 1]<UL><LI> startup_stm32f2xx.o(RESET)
</UL>
<P><STRONG><a name="[4d]"></a>OTG_FS_IRQHandler</STRONG> (Thumb, 0 bytes, Stack size 0 bytes, startup_stm32f2xx.o(.text))
<BR>[Address Reference Count : 1]<UL><LI> startup_stm32f2xx.o(RESET)
</UL>
<P><STRONG><a name="[34]"></a>OTG_FS_WKUP_IRQHandler</STRONG> (Thumb, 0 bytes, Stack size 0 bytes, startup_stm32f2xx.o(.text))
<BR>[Address Reference Count : 1]<UL><LI> startup_stm32f2xx.o(RESET)
</UL>
<P><STRONG><a name="[55]"></a>OTG_HS_EP1_IN_IRQHandler</STRONG> (Thumb, 0 bytes, Stack size 0 bytes, startup_stm32f2xx.o(.text))
<BR>[Address Reference Count : 1]<UL><LI> startup_stm32f2xx.o(RESET)
</UL>
<P><STRONG><a name="[54]"></a>OTG_HS_EP1_OUT_IRQHandler</STRONG> (Thumb, 0 bytes, Stack size 0 bytes, startup_stm32f2xx.o(.text))
<BR>[Address Reference Count : 1]<UL><LI> startup_stm32f2xx.o(RESET)
</UL>
<P><STRONG><a name="[57]"></a>OTG_HS_IRQHandler</STRONG> (Thumb, 0 bytes, Stack size 0 bytes, startup_stm32f2xx.o(.text))
<BR>[Address Reference Count : 1]<UL><LI> startup_stm32f2xx.o(RESET)
</UL>
<P><STRONG><a name="[56]"></a>OTG_HS_WKUP_IRQHandler</STRONG> (Thumb, 0 bytes, Stack size 0 bytes, startup_stm32f2xx.o(.text))
<BR>[Address Reference Count : 1]<UL><LI> startup_stm32f2xx.o(RESET)
</UL>
<P><STRONG><a name="[b]"></a>PVD_IRQHandler</STRONG> (Thumb, 0 bytes, Stack size 0 bytes, startup_stm32f2xx.o(.text))
<BR>[Address Reference Count : 1]<UL><LI> startup_stm32f2xx.o(RESET)
</UL>
<P><STRONG><a name="[f]"></a>RCC_IRQHandler</STRONG> (Thumb, 0 bytes, Stack size 0 bytes, startup_stm32f2xx.o(.text))
<BR>[Address Reference Count : 1]<UL><LI> startup_stm32f2xx.o(RESET)
</UL>
<P><STRONG><a name="[33]"></a>RTC_Alarm_IRQHandler</STRONG> (Thumb, 0 bytes, Stack size 0 bytes, startup_stm32f2xx.o(.text))
<BR>[Address Reference Count : 1]<UL><LI> startup_stm32f2xx.o(RESET)
</UL>
<P><STRONG><a name="[d]"></a>RTC_WKUP_IRQHandler</STRONG> (Thumb, 0 bytes, Stack size 0 bytes, startup_stm32f2xx.o(.text))
<BR>[Address Reference Count : 1]<UL><LI> startup_stm32f2xx.o(RESET)
</UL>
<P><STRONG><a name="[3b]"></a>SDIO_IRQHandler</STRONG> (Thumb, 0 bytes, Stack size 0 bytes, startup_stm32f2xx.o(.text))
<BR>[Address Reference Count : 1]<UL><LI> startup_stm32f2xx.o(RESET)
</UL>
<P><STRONG><a name="[2d]"></a>SPI1_IRQHandler</STRONG> (Thumb, 0 bytes, Stack size 0 bytes, startup_stm32f2xx.o(.text))
<BR>[Address Reference Count : 1]<UL><LI> startup_stm32f2xx.o(RESET)
</UL>
<P><STRONG><a name="[2e]"></a>SPI2_IRQHandler</STRONG> (Thumb, 0 bytes, Stack size 0 bytes, startup_stm32f2xx.o(.text))
<BR>[Address Reference Count : 1]<UL><LI> startup_stm32f2xx.o(RESET)
</UL>
<P><STRONG><a name="[3d]"></a>SPI3_IRQHandler</STRONG> (Thumb, 0 bytes, Stack size 0 bytes, startup_stm32f2xx.o(.text))
<BR>[Address Reference Count : 1]<UL><LI> startup_stm32f2xx.o(RESET)
</UL>
<P><STRONG><a name="[c]"></a>TAMP_STAMP_IRQHandler</STRONG> (Thumb, 0 bytes, Stack size 0 bytes, startup_stm32f2xx.o(.text))
<BR>[Address Reference Count : 1]<UL><LI> startup_stm32f2xx.o(RESET)
</UL>
<P><STRONG><a name="[22]"></a>TIM1_BRK_TIM9_IRQHandler</STRONG> (Thumb, 0 bytes, Stack size 0 bytes, startup_stm32f2xx.o(.text))
<BR>[Address Reference Count : 1]<UL><LI> startup_stm32f2xx.o(RESET)
</UL>
<P><STRONG><a name="[25]"></a>TIM1_CC_IRQHandler</STRONG> (Thumb, 0 bytes, Stack size 0 bytes, startup_stm32f2xx.o(.text))
<BR>[Address Reference Count : 1]<UL><LI> startup_stm32f2xx.o(RESET)
</UL>
<P><STRONG><a name="[24]"></a>TIM1_TRG_COM_TIM11_IRQHandler</STRONG> (Thumb, 0 bytes, Stack size 0 bytes, startup_stm32f2xx.o(.text))
<BR>[Address Reference Count : 1]<UL><LI> startup_stm32f2xx.o(RESET)
</UL>
<P><STRONG><a name="[23]"></a>TIM1_UP_TIM10_IRQHandler</STRONG> (Thumb, 0 bytes, Stack size 0 bytes, startup_stm32f2xx.o(.text))
<BR>[Address Reference Count : 1]<UL><LI> startup_stm32f2xx.o(RESET)
</UL>
<P><STRONG><a name="[26]"></a>TIM2_IRQHandler</STRONG> (Thumb, 0 bytes, Stack size 0 bytes, startup_stm32f2xx.o(.text))
<BR>[Address Reference Count : 1]<UL><LI> startup_stm32f2xx.o(RESET)
</UL>
<P><STRONG><a name="[27]"></a>TIM3_IRQHandler</STRONG> (Thumb, 0 bytes, Stack size 0 bytes, startup_stm32f2xx.o(.text))
<BR>[Address Reference Count : 1]<UL><LI> startup_stm32f2xx.o(RESET)
</UL>
<P><STRONG><a name="[28]"></a>TIM4_IRQHandler</STRONG> (Thumb, 0 bytes, Stack size 0 bytes, startup_stm32f2xx.o(.text))
<BR>[Address Reference Count : 1]<UL><LI> startup_stm32f2xx.o(RESET)
</UL>
<P><STRONG><a name="[3c]"></a>TIM5_IRQHandler</STRONG> (Thumb, 0 bytes, Stack size 0 bytes, startup_stm32f2xx.o(.text))
<BR>[Address Reference Count : 1]<UL><LI> startup_stm32f2xx.o(RESET)
</UL>
<P><STRONG><a name="[40]"></a>TIM6_DAC_IRQHandler</STRONG> (Thumb, 0 bytes, Stack size 0 bytes, startup_stm32f2xx.o(.text))
<BR>[Address Reference Count : 1]<UL><LI> startup_stm32f2xx.o(RESET)
</UL>
<P><STRONG><a name="[35]"></a>TIM8_BRK_TIM12_IRQHandler</STRONG> (Thumb, 0 bytes, Stack size 0 bytes, startup_stm32f2xx.o(.text))
<BR>[Address Reference Count : 1]<UL><LI> startup_stm32f2xx.o(RESET)
</UL>
<P><STRONG><a name="[38]"></a>TIM8_CC_IRQHandler</STRONG> (Thumb, 0 bytes, Stack size 0 bytes, startup_stm32f2xx.o(.text))
<BR>[Address Reference Count : 1]<UL><LI> startup_stm32f2xx.o(RESET)
</UL>
<P><STRONG><a name="[37]"></a>TIM8_TRG_COM_TIM14_IRQHandler</STRONG> (Thumb, 0 bytes, Stack size 0 bytes, startup_stm32f2xx.o(.text))
<BR>[Address Reference Count : 1]<UL><LI> startup_stm32f2xx.o(RESET)
</UL>
<P><STRONG><a name="[36]"></a>TIM8_UP_TIM13_IRQHandler</STRONG> (Thumb, 0 bytes, Stack size 0 bytes, startup_stm32f2xx.o(.text))
<BR>[Address Reference Count : 1]<UL><LI> startup_stm32f2xx.o(RESET)
</UL>
<P><STRONG><a name="[3e]"></a>UART4_IRQHandler</STRONG> (Thumb, 0 bytes, Stack size 0 bytes, startup_stm32f2xx.o(.text))
<BR>[Address Reference Count : 1]<UL><LI> startup_stm32f2xx.o(RESET)
</UL>
<P><STRONG><a name="[3f]"></a>UART5_IRQHandler</STRONG> (Thumb, 0 bytes, Stack size 0 bytes, startup_stm32f2xx.o(.text))
<BR>[Address Reference Count : 1]<UL><LI> startup_stm32f2xx.o(RESET)
</UL>
<P><STRONG><a name="[30]"></a>USART2_IRQHandler</STRONG> (Thumb, 0 bytes, Stack size 0 bytes, startup_stm32f2xx.o(.text))
<BR>[Address Reference Count : 1]<UL><LI> startup_stm32f2xx.o(RESET)
</UL>
<P><STRONG><a name="[31]"></a>USART3_IRQHandler</STRONG> (Thumb, 0 bytes, Stack size 0 bytes, startup_stm32f2xx.o(.text))
<BR>[Address Reference Count : 1]<UL><LI> startup_stm32f2xx.o(RESET)
</UL>
<P><STRONG><a name="[51]"></a>USART6_IRQHandler</STRONG> (Thumb, 0 bytes, Stack size 0 bytes, startup_stm32f2xx.o(.text))
<BR>[Address Reference Count : 1]<UL><LI> startup_stm32f2xx.o(RESET)
</UL>
<P><STRONG><a name="[a]"></a>WWDG_IRQHandler</STRONG> (Thumb, 0 bytes, Stack size 0 bytes, startup_stm32f2xx.o(.text))
<BR>[Address Reference Count : 1]<UL><LI> startup_stm32f2xx.o(RESET)
</UL>
<P><STRONG><a name="[234]"></a>strcat</STRONG> (Thumb, 24 bytes, Stack size 0 bytes, strcat.o(.text))
<BR><BR>[Called By]<UL><LI><a href="#[244]">&gt;&gt;</a>&nbsp;&nbsp;&nbsp;Temp_log_output
<LI><a href="#[243]">&gt;&gt;</a>&nbsp;&nbsp;&nbsp;Temp_log_data
<LI><a href="#[241]">&gt;&gt;</a>&nbsp;&nbsp;&nbsp;Alarmout_output
<LI><a href="#[240]">&gt;&gt;</a>&nbsp;&nbsp;&nbsp;Alarmout_data
<LI><a href="#[23e]">&gt;&gt;</a>&nbsp;&nbsp;&nbsp;Main_log_output
<LI><a href="#[23d]">&gt;&gt;</a>&nbsp;&nbsp;&nbsp;Main_log_data
<LI><a href="#[23b]">&gt;&gt;</a>&nbsp;&nbsp;&nbsp;Voc_change_output
<LI><a href="#[23a]">&gt;&gt;</a>&nbsp;&nbsp;&nbsp;Voc_change_data
<LI><a href="#[235]">&gt;&gt;</a>&nbsp;&nbsp;&nbsp;Tempsett_output
<LI><a href="#[230]">&gt;&gt;</a>&nbsp;&nbsp;&nbsp;Tempsett_data
</UL>

<P><STRONG><a name="[233]"></a>strncpy</STRONG> (Thumb, 24 bytes, Stack size 8 bytes, strncpy.o(.text))
<BR><BR>[Stack]<UL><LI>Max Depth = 8<LI>Call Chain = strncpy
</UL>
<BR>[Called By]<UL><LI><a href="#[240]">&gt;&gt;</a>&nbsp;&nbsp;&nbsp;Alarmout_data
<LI><a href="#[23d]">&gt;&gt;</a>&nbsp;&nbsp;&nbsp;Main_log_data
<LI><a href="#[230]">&gt;&gt;</a>&nbsp;&nbsp;&nbsp;Tempsett_data
</UL>

<P><STRONG><a name="[237]"></a>strlen</STRONG> (Thumb, 14 bytes, Stack size 0 bytes, strlen.o(.text))
<BR><BR>[Called By]<UL><LI><a href="#[244]">&gt;&gt;</a>&nbsp;&nbsp;&nbsp;Temp_log_output
<LI><a href="#[241]">&gt;&gt;</a>&nbsp;&nbsp;&nbsp;Alarmout_output
<LI><a href="#[23e]">&gt;&gt;</a>&nbsp;&nbsp;&nbsp;Main_log_output
<LI><a href="#[23b]">&gt;&gt;</a>&nbsp;&nbsp;&nbsp;Voc_change_output
<LI><a href="#[235]">&gt;&gt;</a>&nbsp;&nbsp;&nbsp;Tempsett_output
</UL>

<P><STRONG><a name="[231]"></a>strcpy</STRONG> (Thumb, 18 bytes, Stack size 0 bytes, strcpy.o(.text))
<BR><BR>[Called By]<UL><LI><a href="#[244]">&gt;&gt;</a>&nbsp;&nbsp;&nbsp;Temp_log_output
<LI><a href="#[243]">&gt;&gt;</a>&nbsp;&nbsp;&nbsp;Temp_log_data
<LI><a href="#[241]">&gt;&gt;</a>&nbsp;&nbsp;&nbsp;Alarmout_output
<LI><a href="#[240]">&gt;&gt;</a>&nbsp;&nbsp;&nbsp;Alarmout_data
<LI><a href="#[23e]">&gt;&gt;</a>&nbsp;&nbsp;&nbsp;Main_log_output
<LI><a href="#[23d]">&gt;&gt;</a>&nbsp;&nbsp;&nbsp;Main_log_data
<LI><a href="#[23b]">&gt;&gt;</a>&nbsp;&nbsp;&nbsp;Voc_change_output
<LI><a href="#[23a]">&gt;&gt;</a>&nbsp;&nbsp;&nbsp;Voc_change_data
<LI><a href="#[235]">&gt;&gt;</a>&nbsp;&nbsp;&nbsp;Tempsett_output
<LI><a href="#[230]">&gt;&gt;</a>&nbsp;&nbsp;&nbsp;Tempsett_data
</UL>

<P><STRONG><a name="[200]"></a>__aeabi_dadd</STRONG> (Thumb, 322 bytes, Stack size 48 bytes, dadd.o(.text))
<BR><BR>[Stack]<UL><LI>Max Depth = 88<LI>Call Chain = __aeabi_dadd &rArr; _double_epilogue &rArr; _double_round
</UL>
<BR>[Calls]<UL><LI><a href="#[2b8]">&gt;&gt;</a>&nbsp;&nbsp;&nbsp;__aeabi_lasr
<LI><a href="#[2b7]">&gt;&gt;</a>&nbsp;&nbsp;&nbsp;__aeabi_llsl
<LI><a href="#[2ba]">&gt;&gt;</a>&nbsp;&nbsp;&nbsp;_double_round
<LI><a href="#[2b9]">&gt;&gt;</a>&nbsp;&nbsp;&nbsp;_double_epilogue
</UL>
<BR>[Called By]<UL><LI><a href="#[1fd]">&gt;&gt;</a>&nbsp;&nbsp;&nbsp;PWM_PID
<LI><a href="#[2bc]">&gt;&gt;</a>&nbsp;&nbsp;&nbsp;__aeabi_drsub
<LI><a href="#[2bb]">&gt;&gt;</a>&nbsp;&nbsp;&nbsp;__aeabi_dsub
</UL>

<P><STRONG><a name="[2bb]"></a>__aeabi_dsub</STRONG> (Thumb, 6 bytes, Stack size 0 bytes, dadd.o(.text), UNUSED)
<BR><BR>[Calls]<UL><LI><a href="#[200]">&gt;&gt;</a>&nbsp;&nbsp;&nbsp;__aeabi_dadd
</UL>

<P><STRONG><a name="[2bc]"></a>__aeabi_drsub</STRONG> (Thumb, 6 bytes, Stack size 0 bytes, dadd.o(.text), UNUSED)
<BR><BR>[Calls]<UL><LI><a href="#[200]">&gt;&gt;</a>&nbsp;&nbsp;&nbsp;__aeabi_dadd
</UL>

<P><STRONG><a name="[1ff]"></a>__aeabi_dmul</STRONG> (Thumb, 228 bytes, Stack size 48 bytes, dmul.o(.text))
<BR><BR>[Stack]<UL><LI>Max Depth = 88<LI>Call Chain = __aeabi_dmul &rArr; _double_epilogue &rArr; _double_round
</UL>
<BR>[Calls]<UL><LI><a href="#[2b9]">&gt;&gt;</a>&nbsp;&nbsp;&nbsp;_double_epilogue
</UL>
<BR>[Called By]<UL><LI><a href="#[1fd]">&gt;&gt;</a>&nbsp;&nbsp;&nbsp;PWM_PID
</UL>

<P><STRONG><a name="[1fe]"></a>__aeabi_i2d</STRONG> (Thumb, 34 bytes, Stack size 16 bytes, dflti.o(.text))
<BR><BR>[Stack]<UL><LI>Max Depth = 56<LI>Call Chain = __aeabi_i2d &rArr; _double_epilogue &rArr; _double_round
</UL>
<BR>[Calls]<UL><LI><a href="#[2b9]">&gt;&gt;</a>&nbsp;&nbsp;&nbsp;_double_epilogue
</UL>
<BR>[Called By]<UL><LI><a href="#[1fd]">&gt;&gt;</a>&nbsp;&nbsp;&nbsp;PWM_PID
</UL>

<P><STRONG><a name="[201]"></a>__aeabi_d2iz</STRONG> (Thumb, 62 bytes, Stack size 16 bytes, dfixi.o(.text))
<BR><BR>[Stack]<UL><LI>Max Depth = 16<LI>Call Chain = __aeabi_d2iz
</UL>
<BR>[Calls]<UL><LI><a href="#[2bd]">&gt;&gt;</a>&nbsp;&nbsp;&nbsp;__aeabi_llsr
</UL>
<BR>[Called By]<UL><LI><a href="#[1fd]">&gt;&gt;</a>&nbsp;&nbsp;&nbsp;PWM_PID
</UL>

<P><STRONG><a name="[2b7]"></a>__aeabi_llsl</STRONG> (Thumb, 30 bytes, Stack size 0 bytes, llshl.o(.text))
<BR><BR>[Called By]<UL><LI><a href="#[200]">&gt;&gt;</a>&nbsp;&nbsp;&nbsp;__aeabi_dadd
<LI><a href="#[2b9]">&gt;&gt;</a>&nbsp;&nbsp;&nbsp;_double_epilogue
</UL>

<P><STRONG><a name="[3c9]"></a>_ll_shift_l</STRONG> (Thumb, 0 bytes, Stack size 0 bytes, llshl.o(.text), UNUSED)

<P><STRONG><a name="[2bd]"></a>__aeabi_llsr</STRONG> (Thumb, 32 bytes, Stack size 0 bytes, llushr.o(.text))
<BR><BR>[Called By]<UL><LI><a href="#[201]">&gt;&gt;</a>&nbsp;&nbsp;&nbsp;__aeabi_d2iz
<LI><a href="#[2b9]">&gt;&gt;</a>&nbsp;&nbsp;&nbsp;_double_epilogue
</UL>

<P><STRONG><a name="[3ca]"></a>_ll_ushift_r</STRONG> (Thumb, 0 bytes, Stack size 0 bytes, llushr.o(.text), UNUSED)

<P><STRONG><a name="[2b8]"></a>__aeabi_lasr</STRONG> (Thumb, 36 bytes, Stack size 0 bytes, llsshr.o(.text))
<BR><BR>[Called By]<UL><LI><a href="#[200]">&gt;&gt;</a>&nbsp;&nbsp;&nbsp;__aeabi_dadd
</UL>

<P><STRONG><a name="[3cb]"></a>_ll_sshift_r</STRONG> (Thumb, 0 bytes, Stack size 0 bytes, llsshr.o(.text), UNUSED)

<P><STRONG><a name="[3cc]"></a>__I$use$fp</STRONG> (Thumb, 0 bytes, Stack size 8 bytes, iusefp.o(.text), UNUSED)

<P><STRONG><a name="[2ba]"></a>_double_round</STRONG> (Thumb, 30 bytes, Stack size 8 bytes, depilogue.o(.text))
<BR><BR>[Stack]<UL><LI>Max Depth = 8<LI>Call Chain = _double_round
</UL>
<BR>[Called By]<UL><LI><a href="#[200]">&gt;&gt;</a>&nbsp;&nbsp;&nbsp;__aeabi_dadd
<LI><a href="#[2b9]">&gt;&gt;</a>&nbsp;&nbsp;&nbsp;_double_epilogue
</UL>

<P><STRONG><a name="[2b9]"></a>_double_epilogue</STRONG> (Thumb, 156 bytes, Stack size 32 bytes, depilogue.o(.text))
<BR><BR>[Stack]<UL><LI>Max Depth = 40<LI>Call Chain = _double_epilogue &rArr; _double_round
</UL>
<BR>[Calls]<UL><LI><a href="#[2bd]">&gt;&gt;</a>&nbsp;&nbsp;&nbsp;__aeabi_llsr
<LI><a href="#[2b7]">&gt;&gt;</a>&nbsp;&nbsp;&nbsp;__aeabi_llsl
<LI><a href="#[2ba]">&gt;&gt;</a>&nbsp;&nbsp;&nbsp;_double_round
</UL>
<BR>[Called By]<UL><LI><a href="#[1fe]">&gt;&gt;</a>&nbsp;&nbsp;&nbsp;__aeabi_i2d
<LI><a href="#[1ff]">&gt;&gt;</a>&nbsp;&nbsp;&nbsp;__aeabi_dmul
<LI><a href="#[200]">&gt;&gt;</a>&nbsp;&nbsp;&nbsp;__aeabi_dadd
</UL>

<P><STRONG><a name="[5f]"></a>__scatterload</STRONG> (Thumb, 28 bytes, Stack size 0 bytes, init.o(.text))
<BR><BR>[Calls]<UL><LI><a href="#[2be]">&gt;&gt;</a>&nbsp;&nbsp;&nbsp;__main_after_scatterload
</UL>
<BR>[Called By]<UL><LI><a href="#[5e]">&gt;&gt;</a>&nbsp;&nbsp;&nbsp;_main_scatterload
</UL>

<P><STRONG><a name="[3cd]"></a>__scatterload_rt2</STRONG> (Thumb, 0 bytes, Stack size 0 bytes, init.o(.text), UNUSED)

<P><STRONG><a name="[3ce]"></a>__decompress</STRONG> (Thumb, 0 bytes, Stack size unknown bytes, __dczerorl2.o(.text), UNUSED)

<P><STRONG><a name="[3cf]"></a>__decompress1</STRONG> (Thumb, 86 bytes, Stack size unknown bytes, __dczerorl2.o(.text), UNUSED)

<P><STRONG><a name="[3d0]"></a>__scatterload_copy</STRONG> (Thumb, 14 bytes, Stack size unknown bytes, handlers.o(i.__scatterload_copy), UNUSED)

<P><STRONG><a name="[3d1]"></a>__scatterload_null</STRONG> (Thumb, 2 bytes, Stack size unknown bytes, handlers.o(i.__scatterload_null), UNUSED)

<P><STRONG><a name="[3d2]"></a>__scatterload_zeroinit</STRONG> (Thumb, 14 bytes, Stack size unknown bytes, handlers.o(i.__scatterload_zeroinit), UNUSED)
<P>
<H3>
Local Symbols
</H3>
<P><STRONG><a name="[29e]"></a>TI4_Config</STRONG> (Thumb, 80 bytes, Stack size 20 bytes, stm32f2xx_tim.o(.text), UNUSED)
<BR><BR>[Called By]<UL><LI><a href="#[297]">&gt;&gt;</a>&nbsp;&nbsp;&nbsp;TIM_ICInit
</UL>

<P><STRONG><a name="[29c]"></a>TI3_Config</STRONG> (Thumb, 72 bytes, Stack size 20 bytes, stm32f2xx_tim.o(.text), UNUSED)
<BR><BR>[Called By]<UL><LI><a href="#[297]">&gt;&gt;</a>&nbsp;&nbsp;&nbsp;TIM_ICInit
</UL>

<P><STRONG><a name="[29a]"></a>TI2_Config</STRONG> (Thumb, 90 bytes, Stack size 20 bytes, stm32f2xx_tim.o(.text), UNUSED)
<BR><BR>[Called By]<UL><LI><a href="#[2a3]">&gt;&gt;</a>&nbsp;&nbsp;&nbsp;TIM_TIxExternalClockConfig
<LI><a href="#[2a0]">&gt;&gt;</a>&nbsp;&nbsp;&nbsp;TIM_PWMIConfig
<LI><a href="#[297]">&gt;&gt;</a>&nbsp;&nbsp;&nbsp;TIM_ICInit
</UL>

<P><STRONG><a name="[298]"></a>TI1_Config</STRONG> (Thumb, 58 bytes, Stack size 20 bytes, stm32f2xx_tim.o(.text), UNUSED)
<BR><BR>[Called By]<UL><LI><a href="#[2a3]">&gt;&gt;</a>&nbsp;&nbsp;&nbsp;TIM_TIxExternalClockConfig
<LI><a href="#[2a0]">&gt;&gt;</a>&nbsp;&nbsp;&nbsp;TIM_PWMIConfig
<LI><a href="#[297]">&gt;&gt;</a>&nbsp;&nbsp;&nbsp;TIM_ICInit
</UL>

<P><STRONG><a name="[2af]"></a>RTC_ByteToBcd2</STRONG> (Thumb, 28 bytes, Stack size 0 bytes, stm32f2xx_rtc.o(.text))
<BR><BR>[Called By]<UL><LI><a href="#[1e3]">&gt;&gt;</a>&nbsp;&nbsp;&nbsp;RTC_SetTime
<LI><a href="#[1e4]">&gt;&gt;</a>&nbsp;&nbsp;&nbsp;RTC_SetDate
<LI><a href="#[2b0]">&gt;&gt;</a>&nbsp;&nbsp;&nbsp;RTC_SetAlarm
</UL>

<P><STRONG><a name="[2ae]"></a>RTC_Bcd2ToByte</STRONG> (Thumb, 22 bytes, Stack size 0 bytes, stm32f2xx_rtc.o(.text))
<BR><BR>[Called By]<UL><LI><a href="#[1e3]">&gt;&gt;</a>&nbsp;&nbsp;&nbsp;RTC_SetTime
<LI><a href="#[1e4]">&gt;&gt;</a>&nbsp;&nbsp;&nbsp;RTC_SetDate
<LI><a href="#[1ef]">&gt;&gt;</a>&nbsp;&nbsp;&nbsp;RTC_GetTime
<LI><a href="#[1f0]">&gt;&gt;</a>&nbsp;&nbsp;&nbsp;RTC_GetDate
<LI><a href="#[2b4]">&gt;&gt;</a>&nbsp;&nbsp;&nbsp;RTC_GetTimeStamp
<LI><a href="#[2b1]">&gt;&gt;</a>&nbsp;&nbsp;&nbsp;RTC_GetAlarm
<LI><a href="#[2b0]">&gt;&gt;</a>&nbsp;&nbsp;&nbsp;RTC_SetAlarm
</UL>

<P><STRONG><a name="[2b6]"></a>SetSysClock</STRONG> (Thumb, 192 bytes, Stack size 12 bytes, system_stm32f2xx.o(.text))
<BR><BR>[Stack]<UL><LI>Max Depth = 12<LI>Call Chain = SetSysClock
</UL>
<BR>[Called By]<UL><LI><a href="#[5c]">&gt;&gt;</a>&nbsp;&nbsp;&nbsp;SystemInit
</UL>
<P>
<H3>
Undefined Global Symbols
</H3><HR></body></html>
